Component: Arm Compiler for Embedded 6.22 Tool: armlink [5ee90200]

==============================================================================

Section Cross References

    main.o(.ARM.exidx.text.my_strcpy) refers to main.o(.text.my_strcpy) for [Anonymous Symbol]
    main.o(.ARM.exidx.text.my_capitalize) refers to main.o(.text.my_capitalize) for [Anonymous Symbol]
    main.o(.text.main) refers to main.o(.text.my_strcpy) for my_strcpy
    main.o(.text.main) refers to main.o(.text.my_capitalize) for my_capitalize
    main.o(.ARM.exidx.text.main) refers to main.o(.text.main) for [Anonymous Symbol]
    rtx_lib.o(.text._platform_post_stackheap_init) refers to rtx_kernel.o(.text.osKernelInitialize) for osKernelInitialize
    rtx_lib.o(.ARM.exidx.text._platform_post_stackheap_init) refers to rtx_lib.o(.text._platform_post_stackheap_init) for [Anonymous Symbol]
    rtx_lib.o(.text.__user_perthread_libspace) refers to rtx_lib.o(.text.os_kernel_is_active) for os_kernel_is_active
    rtx_lib.o(.text.__user_perthread_libspace) refers to rtx_thread.o(.text.osThreadGetId) for osThreadGetId
    rtx_lib.o(.text.__user_perthread_libspace) refers to rtx_lib.o(.bss.os.libspace) for os_libspace_id
    rtx_lib.o(.text.__user_perthread_libspace) refers to rtx_kernel.o(.text.osRtxKernelErrorNotify) for osRtxKernelErrorNotify
    rtx_lib.o(.ARM.exidx.text.__user_perthread_libspace) refers to rtx_lib.o(.text.__user_perthread_libspace) for [Anonymous Symbol]
    rtx_lib.o(.text.os_kernel_is_active) refers to rtx_lib.o(.bss.os_kernel_is_active.os_kernel_active) for os_kernel_is_active.os_kernel_active
    rtx_lib.o(.text.os_kernel_is_active) refers to rtx_kernel.o(.text.osKernelGetState) for osKernelGetState
    rtx_lib.o(.ARM.exidx.text.os_kernel_is_active) refers to rtx_lib.o(.text.os_kernel_is_active) for [Anonymous Symbol]
    rtx_lib.o(.text._mutex_initialize) refers to rtx_mutex.o(.text.osMutexNew) for osMutexNew
    rtx_lib.o(.text._mutex_initialize) refers to rtx_kernel.o(.text.osRtxKernelErrorNotify) for osRtxKernelErrorNotify
    rtx_lib.o(.ARM.exidx.text._mutex_initialize) refers to rtx_lib.o(.text._mutex_initialize) for [Anonymous Symbol]
    rtx_lib.o(.text._mutex_acquire) refers to rtx_lib.o(.text.os_kernel_is_active) for os_kernel_is_active
    rtx_lib.o(.text._mutex_acquire) refers to rtx_mutex.o(.text.osMutexAcquire) for osMutexAcquire
    rtx_lib.o(.ARM.exidx.text._mutex_acquire) refers to rtx_lib.o(.text._mutex_acquire) for [Anonymous Symbol]
    rtx_lib.o(.text._mutex_release) refers to rtx_lib.o(.text.os_kernel_is_active) for os_kernel_is_active
    rtx_lib.o(.text._mutex_release) refers to rtx_mutex.o(.text.osMutexRelease) for osMutexRelease
    rtx_lib.o(.ARM.exidx.text._mutex_release) refers to rtx_lib.o(.text._mutex_release) for [Anonymous Symbol]
    rtx_lib.o(.text._mutex_free) refers to rtx_mutex.o(.text.osMutexDelete) for osMutexDelete
    rtx_lib.o(.ARM.exidx.text._mutex_free) refers to rtx_lib.o(.text._mutex_free) for [Anonymous Symbol]
    rtx_lib.o(.rodata.os_idle_thread_attr) refers to rtx_lib.o(.bss.os.thread.cb) for [Anonymous Symbol]
    rtx_lib.o(.rodata.os_idle_thread_attr) refers to rtx_lib.o(.bss.os.thread.idle.stack) for [Anonymous Symbol]
    rtx_lib.o(.rodata.os_timer_thread_attr) refers to rtx_lib.o(.bss.os.thread.cb) for [Anonymous Symbol]
    rtx_lib.o(.rodata.os_timer_thread_attr) refers to rtx_lib.o(.bss.os.thread.timer.stack) for [Anonymous Symbol]
    rtx_lib.o(.rodata.os_timer_mq_attr) refers to rtx_lib.o(.bss.os.msgqueue.cb) for [Anonymous Symbol]
    rtx_lib.o(.rodata.os_timer_mq_attr) refers to rtx_lib.o(.bss.os.msgqueue.mem) for [Anonymous Symbol]
    rtx_lib.o(.rodata) refers to rtx_lib.o(.bss.os) for [Anonymous Symbol]
    rtx_lib.o(.rodata) refers to rtx_lib.o(.rodata.os_idle_thread_attr) for [Anonymous Symbol]
    rtx_lib.o(.rodata) refers to rtx_lib.o(.rodata.os_timer_thread_attr) for [Anonymous Symbol]
    rtx_lib.o(.rodata) refers to rtx_timer.o(.text.osRtxTimerThread) for osRtxTimerThread
    rtx_lib.o(.rodata) refers to rtx_timer.o(.text.osRtxTimerSetup) for osRtxTimerSetup
    rtx_lib.o(.rodata) refers to rtx_lib.o(.rodata.os_timer_mq_attr) for [Anonymous Symbol]
    rtx_lib.o(.rodata.irqRtxLibRef) refers to irq_armv8mml.o(.rodata) for irqRtxLib
    rtx_config.o(.ARM.exidx.text.osRtxIdleThread) refers to rtx_config.o(.text.osRtxIdleThread) for [Anonymous Symbol]
    rtx_config.o(.ARM.exidx.text.osRtxErrorNotify) refers to rtx_config.o(.text.osRtxErrorNotify) for [Anonymous Symbol]
    stm32l5xx_hal.o(.text.HAL_Init) refers to stm32l5xx_hal_cortex.o(.text.HAL_NVIC_SetPriorityGrouping) for HAL_NVIC_SetPriorityGrouping
    stm32l5xx_hal.o(.text.HAL_Init) refers to system_stm32l5xx.o(.text.SystemCoreClockUpdate) for SystemCoreClockUpdate
    stm32l5xx_hal.o(.text.HAL_Init) refers to stm32l5xx_hal.o(.text.HAL_InitTick) for HAL_InitTick
[...]
    Removing rtx_msgqueue.o(.ARM.exidx.text.svcRtxMessageQueueGetName), (8 bytes).
    Removing rtx_msgqueue.o(.ARM.exidx.text.svcRtxMessageQueuePut), (8 bytes).
    Removing rtx_msgqueue.o(.ARM.exidx.text.MessageQueueGet), (8 bytes).
    Removing rtx_msgqueue.o(.ARM.exidx.text.svcRtxMessageQueueGet), (8 bytes).
    Removing rtx_msgqueue.o(.text.svcRtxMessageQueueReset), (166 bytes).
    Removing rtx_msgqueue.o(.ARM.exidx.text.svcRtxMessageQueueReset), (8 bytes).
    Removing rtx_msgqueue.o(.text.svcRtxMessageQueueDelete), (108 bytes).
    Removing rtx_msgqueue.o(.ARM.exidx.text.svcRtxMessageQueueDelete), (8 bytes).
    Removing rtx_msgqueue.o(.ARM.exidx.text.OUTLINED_FUNCTION_0), (8 bytes).
    Removing rtx_msgqueue.o(.ARM.exidx.text.OUTLINED_FUNCTION_1), (8 bytes).
    Removing rtx_system.o(.text), (0 bytes).
    Removing rtx_system.o(.ARM.exidx.text.osRtxTick_Handler), (8 bytes).
    Removing rtx_system.o(.ARM.exidx.text.osRtxPendSV_Handler), (8 bytes).
    Removing rtx_system.o(.ARM.exidx.text.osRtxPostProcess), (8 bytes).
    Removing os_systick.o(.text), (0 bytes).
    Removing os_systick.o(.text.OS_Tick_Setup), (64 bytes).
    Removing os_systick.o(.ARM.exidx.text.OS_Tick_Setup), (8 bytes).
    Removing os_systick.o(.text.OS_Tick_Enable), (44 bytes).
    Removing os_systick.o(.ARM.exidx.text.OS_Tick_Enable), (8 bytes).
    Removing os_systick.o(.text.OS_Tick_Disable), (44 bytes).
    Removing os_systick.o(.ARM.exidx.text.OS_Tick_Disable), (8 bytes).
    Removing os_systick.o(.ARM.exidx.text.OS_Tick_AcknowledgeIRQ), (8 bytes).
    Removing os_systick.o(.text.OS_Tick_GetIRQn), (6 bytes).
    Removing os_systick.o(.ARM.exidx.text.OS_Tick_GetIRQn), (8 bytes).
    Removing os_systick.o(.text.OS_Tick_GetClock), (12 bytes).
    Removing os_systick.o(.ARM.exidx.text.OS_Tick_GetClock), (8 bytes).
    Removing os_systick.o(.text.OS_Tick_GetInterval), (12 bytes).
    Removing os_systick.o(.ARM.exidx.text.OS_Tick_GetInterval), (8 bytes).
    Removing os_systick.o(.text.OS_Tick_GetCount), (16 bytes).
    Removing os_systick.o(.ARM.exidx.text.OS_Tick_GetCount), (8 bytes).
    Removing os_systick.o(.text.OS_Tick_GetOverflow), (16 bytes).
    Removing os_systick.o(.ARM.exidx.text.OS_Tick_GetOverflow), (8 bytes).
    Removing os_systick.o(.bss.os), (1 bytes).

1946 unused section(s) (total 160495 bytes) removed from the image.

==============================================================================

Image Symbol Table

    Local Symbols

    Symbol Name                              Value     Ov Type        Size  Object(Section)

    ../clib/angel/boardlib.s                 0x00000000   Number         0  boardinit1.o ABSOLUTE
    ../clib/angel/boardlib.s                 0x00000000   Number         0  boardinit3.o ABSOLUTE
    ../clib/angel/boardlib.s                 0x00000000   Number         0  boardshut.o ABSOLUTE
    ../clib/angel/handlers.s                 0x00000000   Number         0  __scatter_copy.o ABSOLUTE
    ../clib/angel/handlers.s                 0x00000000   Number         0  __scatter_zi.o ABSOLUTE
    ../clib/angel/kernel.s                   0x00000000   Number         0  __rtentry.o ABSOLUTE
    ../clib/angel/kernel.s                   0x00000000   Number         0  __rtentry2.o ABSOLUTE
    ../clib/angel/kernel.s                   0x00000000   Number         0  __rtentry4.o ABSOLUTE
    ../clib/angel/kernel.s                   0x00000000   Number         0  rtexit.o ABSOLUTE
    ../clib/angel/kernel.s                   0x00000000   Number         0  rtexit2.o ABSOLUTE
    ../clib/angel/rt.s                       0x00000000   Number         0  aeabi_ldiv0.o ABSOLUTE
    ../clib/angel/rt.s                       0x00000000   Number         0  aeabi_ldiv0_sigfpe.o ABSOLUTE
    ../clib/angel/rt.s                       0x00000000   Number         0  rt_div0.o ABSOLUTE
    ../clib/angel/rt.s                       0x00000000   Number         0  rt_raise.o ABSOLUTE
    ../clib/angel/scatter.s                  0x00000000   Number         0  __scatter.o ABSOLUTE
    ../clib/angel/startup.s                  0x00000000   Number         0  __main.o ABSOLUTE
    ../clib/angel/sys.s                      0x00000000   Number         0  sys_stackheap_outer.o ABSOLUTE
    ../clib/angel/sys.s                      0x00000000   Number         0  libspace.o ABSOLUTE
    ../clib/angel/sys.s                      0x00000000   Number         0  use_no_semi.o ABSOLUTE
    ../clib/angel/sys.s                      0x00000000   Number         0  indicate_semi.o ABSOLUTE
    ../clib/angel/sysapp.c                   0x00000000   Number         0  sys_exit.o ABSOLUTE
    ../clib/angel/sysapp.c                   0x00000000   Number         0  sys_exit_hlt.o ABSOLUTE
    ../clib/angel/sysapp.c                   0x00000000   Number         0  sys_wrch.o ABSOLUTE
    ../clib/angel/sysapp.c                   0x00000000   Number         0  sys_wrch_hlt.o ABSOLUTE
    ../clib/angel/sysapp.c                   0x00000000   Number         0  sys_command.o ABSOLUTE
    ../clib/angel/sysapp.c                   0x00000000   Number         0  sys_command_hlt.o ABSOLUTE
    ../clib/armsys.c                         0x00000000   Number         0  argv_veneer.o ABSOLUTE
    ../clib/armsys.c                         0x00000000   Number         0  argv_veneer.o ABSOLUTE
    ../clib/armsys.c                         0x00000000   Number         0  _get_argv_nomalloc.o ABSOLUTE
    ../clib/armsys.c                         0x00000000   Number         0  no_argv.o ABSOLUTE
    ../clib/heapalloc.c                      0x00000000   Number         0  hrguard.o ABSOLUTE
    ../clib/heapaux.c                        0x00000000   Number         0  heapauxi.o ABSOLUTE
    ../clib/libinit.s                        0x00000000   Number         0  libinit.o ABSOLUTE
    ../clib/libinit.s                        0x00000000   Number         0  libinit2.o ABSOLUTE
    ../clib/libinit.s                        0x00000000   Number         0  libshutdown.o ABSOLUTE
    ../clib/libinit.s                        0x00000000   Number         0  libshutdown2.o ABSOLUTE
    ../clib/longlong.s                       0x00000000   Number         0  lludivv7m.o ABSOLUTE
    ../clib/memcpset.s                       0x00000000   Number         0  rt_memcpy_v6.o ABSOLUTE
    ../clib/memcpset.s                       0x00000000   Number         0  rt_memclr.o ABSOLUTE
    ../clib/memcpset.s                       0x00000000   Number         0  rt_memclr_w.o ABSOLUTE
    ../clib/memcpset.s                       0x00000000   Number         0  rt_memcpy_w.o ABSOLUTE
    ../clib/signal.c                         0x00000000   Number         0  defsig_fpe_outer.o ABSOLUTE
    ../clib/signal.c                         0x00000000   Number         0  defsig_fpe_formal.o ABSOLUTE
    ../clib/signal.c                         0x00000000   Number         0  defsig_exit.o ABSOLUTE
    ../clib/signal.c                         0x00000000   Number         0  defsig_fpe_inner.o ABSOLUTE
    ../clib/signal.c                         0x00000000   Number         0  __raise.o ABSOLUTE
    ../clib/signal.c                         0x00000000   Number         0  defsig_general.o ABSOLUTE
    ../clib/signal.c                         0x00000000   Number         0  defsig_abrt_inner.o ABSOLUTE
    ../clib/signal.c                         0x00000000   Number         0  defsig_rtred_inner.o ABSOLUTE
    ../clib/signal.c                         0x00000000   Number         0  defsig_rtmem_inner.o ABSOLUTE
    ../clib/signal.c                         0x00000000   Number         0  defsig_rtmem_outer.o ABSOLUTE
    ../clib/signal.c                         0x00000000   Number         0  defsig_rtmem_formal.o ABSOLUTE
    ../clib/signal.c                         0x00000000   Number         0  defsig_stak_inner.o ABSOLUTE
    ../clib/signal.c                         0x00000000   Number         0  defsig_pvfn_inner.o ABSOLUTE
    ../clib/signal.c                         0x00000000   Number         0  defsig_cppl_inner.o ABSOLUTE
    ../clib/signal.c                         0x00000000   Number         0  defsig_segv_inner.o ABSOLUTE
    ../clib/signal.c                         0x00000000   Number         0  defsig_other.o ABSOLUTE
    ../clib/signal.s                         0x00000000   Number         0  defsig.o ABSOLUTE
    ../clib/stdlib.c                         0x00000000   Number         0  exit.o ABSOLUTE
    ../fplib/fpinit.s                        0x00000000   Number         0  fpinit.o ABSOLUTE
    MVE_USED                                 0x00000000   Number         0  irq_armv8mml.o ABSOLUTE
    RTE/Device/STM32L552ZETxQ/startup_stm32l552xx.s 0x00000000   Number         0  startup_stm32l552xx.o ABSOLUTE
    RTX_Config.c                             0x00000000   Number         0  rtx_config.o ABSOLUTE
    dc.s                                     0x00000000   Number         0  dc.o ABSOLUTE
    main.c                                   0x00000000   Number         0  main.o ABSOLUTE
    os_systick.c                             0x00000000   Number         0  os_systick.o ABSOLUTE
    rtx_kernel.c                             0x00000000   Number         0  rtx_kernel.o ABSOLUTE
    rtx_lib.c                                0x00000000   Number         0  rtx_lib.o ABSOLUTE
    rtx_memory.c                             0x00000000   Number         0  rtx_memory.o ABSOLUTE
    rtx_mempool.c                            0x00000000   Number         0  rtx_mempool.o ABSOLUTE
    rtx_msgqueue.c                           0x00000000   Number         0  rtx_msgqueue.o ABSOLUTE
    rtx_mutex.c                              0x00000000   Number         0  rtx_mutex.o ABSOLUTE
    rtx_system.c                             0x00000000   Number         0  rtx_system.o ABSOLUTE
    rtx_thread.c                             0x00000000   Number         0  rtx_thread.o ABSOLUTE
    rtx_timer.c                              0x00000000   Number         0  rtx_timer.o ABSOLUTE
    stm32l5xx_hal.c                          0x00000000   Number         0  stm32l5xx_hal.o ABSOLUTE
    stm32l5xx_hal_adc.c                      0x00000000   Number         0  stm32l5xx_hal_adc.o ABSOLUTE
    stm32l5xx_hal_adc_ex.c                   0x00000000   Number         0  stm32l5xx_hal_adc_ex.o ABSOLUTE
    stm32l5xx_hal_cortex.c                   0x00000000   Number         0  stm32l5xx_hal_cortex.o ABSOLUTE
    stm32l5xx_hal_dma.c                      0x00000000   Number         0  stm32l5xx_hal_dma.o ABSOLUTE
    stm32l5xx_hal_dma_ex.c                   0x00000000   Number         0  stm32l5xx_hal_dma_ex.o ABSOLUTE
    stm32l5xx_hal_exti.c                     0x00000000   Number         0  stm32l5xx_hal_exti.o ABSOLUTE
    stm32l5xx_hal_flash.c                    0x00000000   Number         0  stm32l5xx_hal_flash.o ABSOLUTE
    stm32l5xx_hal_flash_ex.c                 0x00000000   Number         0  stm32l5xx_hal_flash_ex.o ABSOLUTE
    stm32l5xx_hal_flash_ramfunc.c            0x00000000   Number         0  stm32l5xx_hal_flash_ramfunc.o ABSOLUTE
    stm32l5xx_hal_gpio.c                     0x00000000   Number         0  stm32l5xx_hal_gpio.o ABSOLUTE
    stm32l5xx_hal_i2c.c                      0x00000000   Number         0  stm32l5xx_hal_i2c.o ABSOLUTE
    stm32l5xx_hal_i2c_ex.c                   0x00000000   Number         0  stm32l5xx_hal_i2c_ex.o ABSOLUTE
    stm32l5xx_hal_pwr.c                      0x00000000   Number         0  stm32l5xx_hal_pwr.o ABSOLUTE
    stm32l5xx_hal_pwr_ex.c                   0x00000000   Number         0  stm32l5xx_hal_pwr_ex.o ABSOLUTE
    stm32l5xx_hal_rcc.c                      0x00000000   Number         0  stm32l5xx_hal_rcc.o ABSOLUTE
    stm32l5xx_hal_rcc_ex.c                   0x00000000   Number         0  stm32l5xx_hal_rcc_ex.o ABSOLUTE
    stm32l5xx_hal_tim.c                      0x00000000   Number         0  stm32l5xx_hal_tim.o ABSOLUTE
    stm32l5xx_hal_tim_ex.c                   0x00000000   Number         0  stm32l5xx_hal_tim_ex.o ABSOLUTE
    stm32l5xx_hal_uart.c                     0x00000000   Number         0  stm32l5xx_hal_uart.o ABSOLUTE
    stm32l5xx_hal_uart_ex.c                  0x00000000   Number         0  stm32l5xx_hal_uart_ex.o ABSOLUTE
    stm32l5xx_hal_usart.c                    0x00000000   Number         0  stm32l5xx_hal_usart.o ABSOLUTE
    stm32l5xx_hal_usart_ex.c                 0x00000000   Number         0  stm32l5xx_hal_usart_ex.o ABSOLUTE
    system_stm32l5xx.c                       0x00000000   Number         0  system_stm32l5xx.o ABSOLUTE
    FPU_USED                                 0x00000001   Number         0  irq_armv8mml.o ABSOLUTE
    osRtxErrorStackOverflow                  0x00000001   Number         0  irq_armv8mml.o ABSOLUTE
    I_T_RUN_OFS                              0x00000014   Number         0  irq_armv8mml.o ABSOLUTE
    TCB_SF_OFS                               0x00000022   Number         0  irq_armv8mml.o ABSOLUTE
    TCB_SM_OFS                               0x00000030   Number         0  irq_armv8mml.o ABSOLUTE
    TCB_SP_OFS                               0x00000038   Number         0  irq_armv8mml.o ABSOLUTE
    TCB_TZM_OFS                              0x00000040   Number         0  irq_armv8mml.o ABSOLUTE
    RESET                                    0x08000000   Section      500  startup_stm32l552xx.o(RESET)
    !!!main                                  0x080001f4   Section        8  __main.o(!!!main)
    !!!scatter                               0x080001fc   Section       92  __scatter.o(!!!scatter)
    !!handler_copy                           0x08000258   Section       26  __scatter_copy.o(!!handler_copy)
    !!handler_null                           0x08000274   Section        2  __scatter.o(!!handler_null)
    !!handler_zi                             0x08000278   Section       28  __scatter_zi.o(!!handler_zi)
    .ARM.Collect$$libinit$$00000000          0x08000294   Section        2  libinit.o(.ARM.Collect$$libinit$$00000000)
    .ARM.Collect$$libinit$$00000001          0x08000296   Section        4  libinit2.o(.ARM.Collect$$libinit$$00000001)
    .ARM.Collect$$libinit$$00000004          0x0800029a   Section        0  libinit2.o(.ARM.Collect$$libinit$$00000004)
    .ARM.Collect$$libinit$$00000006          0x0800029a   Section        0  libinit2.o(.ARM.Collect$$libinit$$00000006)
    .ARM.Collect$$libinit$$0000000C          0x0800029a   Section        0  libinit2.o(.ARM.Collect$$libinit$$0000000C)
    .ARM.Collect$$libinit$$0000000E          0x0800029a   Section        0  libinit2.o(.ARM.Collect$$libinit$$0000000E)
    .ARM.Collect$$libinit$$00000010          0x0800029a   Section        0  libinit2.o(.ARM.Collect$$libinit$$00000010)
    .ARM.Collect$$libinit$$00000013          0x0800029a   Section        0  libinit2.o(.ARM.Collect$$libinit$$00000013)
    .ARM.Collect$$libinit$$00000015          0x0800029a   Section        0  libinit2.o(.ARM.Collect$$libinit$$00000015)
    .ARM.Collect$$libinit$$00000017          0x0800029a   Section        0  libinit2.o(.ARM.Collect$$libinit$$00000017)
    .ARM.Collect$$libinit$$00000019          0x0800029a   Section        0  libinit2.o(.ARM.Collect$$libinit$$00000019)
    .ARM.Collect$$libinit$$0000001B          0x0800029a   Section        0  libinit2.o(.ARM.Collect$$libinit$$0000001B)
    .ARM.Collect$$libinit$$0000001D          0x0800029a   Section        0  libinit2.o(.ARM.Collect$$libinit$$0000001D)
    .ARM.Collect$$libinit$$0000001F          0x0800029a   Section        0  libinit2.o(.ARM.Collect$$libinit$$0000001F)
    .ARM.Collect$$libinit$$00000021          0x0800029a   Section        0  libinit2.o(.ARM.Collect$$libinit$$00000021)
    .ARM.Collect$$libinit$$00000023          0x0800029a   Section        0  libinit2.o(.ARM.Collect$$libinit$$00000023)
    .ARM.Collect$$libinit$$00000025          0x0800029a   Section        0  libinit2.o(.ARM.Collect$$libinit$$00000025)
    .ARM.Collect$$libinit$$00000027          0x0800029a   Section        0  libinit2.o(.ARM.Collect$$libinit$$00000027)
    .ARM.Collect$$libinit$$0000002E          0x0800029a   Section        0  libinit2.o(.ARM.Collect$$libinit$$0000002E)
    .ARM.Collect$$libinit$$00000030          0x0800029a   Section        0  libinit2.o(.ARM.Collect$$libinit$$00000030)
    .ARM.Collect$$libinit$$00000032          0x0800029a   Section        0  libinit2.o(.ARM.Collect$$libinit$$00000032)
    .ARM.Collect$$libinit$$00000034          0x0800029a   Section        0  libinit2.o(.ARM.Collect$$libinit$$00000034)
    .ARM.Collect$$libinit$$00000035          0x0800029a   Section        2  libinit2.o(.ARM.Collect$$libinit$$00000035)
    .ARM.Collect$$libshutdown$$00000000      0x0800029c   Section        2  libshutdown.o(.ARM.Collect$$libshutdown$$00000000)
    .ARM.Collect$$libshutdown$$00000002      0x0800029e   Section        0  libshutdown2.o(.ARM.Collect$$libshutdown$$00000002)
    .ARM.Collect$$libshutdown$$00000004      0x0800029e   Section        0  libshutdown2.o(.ARM.Collect$$libshutdown$$00000004)
    .ARM.Collect$$libshutdown$$00000007      0x0800029e   Section        0  libshutdown2.o(.ARM.Collect$$libshutdown$$00000007)
    .ARM.Collect$$libshutdown$$0000000A      0x0800029e   Section        0  libshutdown2.o(.ARM.Collect$$libshutdown$$0000000A)
    .ARM.Collect$$libshutdown$$0000000C      0x0800029e   Section        0  libshutdown2.o(.ARM.Collect$$libshutdown$$0000000C)
    .ARM.Collect$$libshutdown$$0000000F      0x0800029e   Section        0  libshutdown2.o(.ARM.Collect$$libshutdown$$0000000F)
    .ARM.Collect$$libshutdown$$00000010      0x0800029e   Section        2  libshutdown2.o(.ARM.Collect$$libshutdown$$00000010)
    .ARM.Collect$$rtentry$$00000000          0x080002a0   Section        0  __rtentry.o(.ARM.Collect$$rtentry$$00000000)
    .ARM.Collect$$rtentry$$00000002          0x080002a0   Section        0  __rtentry2.o(.ARM.Collect$$rtentry$$00000002)
    .ARM.Collect$$rtentry$$00000004          0x080002a0   Section        6  __rtentry4.o(.ARM.Collect$$rtentry$$00000004)
    .ARM.Collect$$rtentry$$00000008          0x080002a6   Section        8  __rtentry2.o(.ARM.Collect$$rtentry$$00000008)
    .ARM.Collect$$rtentry$$0000000A          0x080002ae   Section        4  __rtentry2.o(.ARM.Collect$$rtentry$$0000000A)
    .ARM.Collect$$rtentry$$0000000C          0x080002b2   Section        0  __rtentry2.o(.ARM.Collect$$rtentry$$0000000C)
    .ARM.Collect$$rtentry$$0000000D          0x080002b2   Section        8  __rtentry2.o(.ARM.Collect$$rtentry$$0000000D)
    .ARM.Collect$$rtexit$$00000000           0x080002ba   Section        2  rtexit.o(.ARM.Collect$$rtexit$$00000000)
    .ARM.Collect$$rtexit$$00000002           0x080002bc   Section        0  rtexit2.o(.ARM.Collect$$rtexit$$00000002)
    .ARM.Collect$$rtexit$$00000003           0x080002bc   Section        4  rtexit2.o(.ARM.Collect$$rtexit$$00000003)
    .ARM.Collect$$rtexit$$00000004           0x080002c0   Section        6  rtexit2.o(.ARM.Collect$$rtexit$$00000004)
    $v0                                      0x080002c8   Number         0  startup_stm32l552xx.o(.text)
    .text                                    0x080002c8   Section       68  startup_stm32l552xx.o(.text)
    [Anonymous Symbol]                       0x0800030c   Section        0  irq_armv8mml.o(.text)
    SVC_Context                              0x08000334   Number         0  irq_armv8mml.o(.text)
    SVC_FP_LazyState                         0x08000344   Number         0  irq_armv8mml.o(.text)
    SVC_ContextSave                          0x08000356   Number         0  irq_armv8mml.o(.text)
    SVC_ContextSave_NS                       0x08000356   Number         0  irq_armv8mml.o(.text)
    SVC_ContextSaveSP                        0x08000364   Number         0  irq_armv8mml.o(.text)
    SVC_ContextRestore                       0x0800036c   Number         0  irq_armv8mml.o(.text)
    SVC_ContextRestore_NS                    0x0800036c   Number         0  irq_armv8mml.o(.text)
    SVC_ContextRestoreSP                     0x0800038a   Number         0  irq_armv8mml.o(.text)
    SVC_Exit                                 0x0800038e   Number         0  irq_armv8mml.o(.text)
    SVC_User                                 0x08000390   Number         0  irq_armv8mml.o(.text)
    .text                                    0x080003d8   Section      138  rt_memcpy_v6.o(.text)
    .text                                    0x08000462   Section       68  rt_memclr.o(.text)
    .text                                    0x080004a6   Section       78  rt_memclr_w.o(.text)
    .text                                    0x080004f4   Section        0  heapauxi.o(.text)
    .text                                    0x080004fa   Section      100  rt_memcpy_w.o(.text)
    .text                                    0x0800055e   Section       74  sys_stackheap_outer.o(.text)
    .text                                    0x080005a8   Section        0  exit.o(.text)
    .text                                    0x080005bc   Section        8  libspace.o(.text)
    .text                                    0x080005c4   Section        0  sys_exit.o(.text)
    .text                                    0x080005d0   Section        2  use_no_semi.o(.text)
    MessageQueueGet                          0x080005d3   Thumb Code    64  rtx_msgqueue.o(.text.MessageQueueGet)
    [Anonymous Symbol]                       0x080005d2   Section        0  rtx_msgqueue.o(.text.MessageQueueGet)
    .text                                    0x080005d2   Section        0  indicate_semi.o(.text)
    MessageQueuePut                          0x08000613   Thumb Code    88  rtx_msgqueue.o(.text.MessageQueuePut)
    [Anonymous Symbol]                       0x08000612   Section        0  rtx_msgqueue.o(.text.MessageQueuePut)
    MessageQueueRemove                       0x0800066b   Thumb Code    28  rtx_msgqueue.o(.text.MessageQueueRemove)
    [Anonymous Symbol]                       0x0800066a   Section        0  rtx_msgqueue.o(.text.MessageQueueRemove)
    [Anonymous Symbol]                       0x08000688   Section        0  os_systick.o(.text.OS_Tick_AcknowledgeIRQ)
    __arm_cp.3_0                             0x08000690   Number         4  os_systick.o(.text.OS_Tick_AcknowledgeIRQ)
    OUTLINED_FUNCTION_0                      0x08000695   Thumb Code    12  rtx_kernel.o(.text.OUTLINED_FUNCTION_0)
    [Anonymous Symbol]                       0x08000694   Section        0  rtx_kernel.o(.text.OUTLINED_FUNCTION_0)
    OUTLINED_FUNCTION_0                      0x080006a1   Thumb Code    12  rtx_msgqueue.o(.text.OUTLINED_FUNCTION_0)
    [Anonymous Symbol]                       0x080006a0   Section        0  rtx_msgqueue.o(.text.OUTLINED_FUNCTION_0)
    OUTLINED_FUNCTION_1                      0x080006ad   Thumb Code     6  rtx_msgqueue.o(.text.OUTLINED_FUNCTION_1)
    [Anonymous Symbol]                       0x080006ac   Section        0  rtx_msgqueue.o(.text.OUTLINED_FUNCTION_1)
    [Anonymous Symbol]                       0x080006b4   Section        0  system_stm32l5xx.o(.text.SystemInit)
    TimerInsert                              0x080006c9   Thumb Code    68  rtx_timer.o(.text.TimerInsert)
    [Anonymous Symbol]                       0x080006c8   Section        0  rtx_timer.o(.text.TimerInsert)
    __tagsym$$used.1                         0x0800070c   Number         0  rtx_lib.o(.text._mutex_acquire)
    [Anonymous Symbol]                       0x0800070c   Section        0  rtx_lib.o(.text._mutex_acquire)
    __tagsym$$used.3                         0x0800072c   Number         0  rtx_lib.o(.text._mutex_free)
    [Anonymous Symbol]                       0x0800072c   Section        0  rtx_lib.o(.text._mutex_free)
    __tagsym$$used.0                         0x08000740   Number         0  rtx_lib.o(.text._mutex_initialize)
    [Anonymous Symbol]                       0x08000740   Section        0  rtx_lib.o(.text._mutex_initialize)
    __tagsym$$used.2                         0x08000774   Number         0  rtx_lib.o(.text._mutex_release)
    [Anonymous Symbol]                       0x08000774   Section        0  rtx_lib.o(.text._mutex_release)
    [Anonymous Symbol]                       0x08000790   Section        0  rtx_lib.o(.text._platform_post_stackheap_init)
    [Anonymous Symbol]                       0x08000798   Section        0  main.o(.text.main)
    cap_loop                                 0x080007d8   Number         0  main.o(.text.my_capitalize)
    [Anonymous Symbol]                       0x080007d8   Section        0  main.o(.text.my_capitalize)
    cap_skip                                 0x080007e6   Number         0  main.o(.text.my_capitalize)
    loop                                     0x080007f0   Number         0  main.o(.text.my_strcpy)
    [Anonymous Symbol]                       0x080007f0   Section        0  main.o(.text.my_strcpy)
    [Anonymous Symbol]                       0x08000800   Section        0  rtx_kernel.o(.text.osKernelGetState)
    __arm_cp.5_0                             0x08000828   Number         4  rtx_kernel.o(.text.osKernelGetState)
    __arm_cp.5_1                             0x0800082c   Number         4  rtx_kernel.o(.text.osKernelGetState)
    [Anonymous Symbol]                       0x08000830   Section        0  rtx_kernel.o(.text.osKernelInitialize)
    __arm_cp.2_0                             0x08000858   Number         4  rtx_kernel.o(.text.osKernelInitialize)
    [Anonymous Symbol]                       0x0800085c   Section        0  rtx_msgqueue.o(.text.osMessageQueueGet)
    __arm_cp.5_0                             0x080008c8   Number         4  rtx_msgqueue.o(.text.osMessageQueueGet)
    [Anonymous Symbol]                       0x080008cc   Section        0  rtx_msgqueue.o(.text.osMessageQueuePut)
    __arm_cp.4_0                             0x08000948   Number         4  rtx_msgqueue.o(.text.osMessageQueuePut)
    [Anonymous Symbol]                       0x0800094c   Section        0  rtx_mutex.o(.text.osMutexAcquire)
    __arm_cp.4_0                             0x0800096c   Number         4  rtx_mutex.o(.text.osMutexAcquire)
    [Anonymous Symbol]                       0x08000970   Section        0  rtx_mutex.o(.text.osMutexDelete)
    __arm_cp.7_0                             0x08000990   Number         4  rtx_mutex.o(.text.osMutexDelete)
    [Anonymous Symbol]                       0x08000994   Section        0  rtx_mutex.o(.text.osMutexNew)
    __arm_cp.2_0                             0x080009b4   Number         4  rtx_mutex.o(.text.osMutexNew)
    [Anonymous Symbol]                       0x080009b8   Section        0  rtx_mutex.o(.text.osMutexRelease)
    __arm_cp.5_0                             0x080009d8   Number         4  rtx_mutex.o(.text.osMutexRelease)
    [Anonymous Symbol]                       0x080009dc   Section        0  rtx_config.o(.text.osRtxErrorNotify)
    [Anonymous Symbol]                       0x08000a0a   Section        0  rtx_kernel.o(.text.osRtxKernelErrorNotify)
    [Anonymous Symbol]                       0x08000a0e   Section        0  rtx_kernel.o(.text.osRtxKernelPreInit)
    [Anonymous Symbol]                       0x08000a10   Section        0  rtx_memory.o(.text.osRtxMemoryAlloc)
    [Anonymous Symbol]                       0x08000a7c   Section        0  rtx_memory.o(.text.osRtxMemoryFree)
    [Anonymous Symbol]                       0x08000abe   Section        0  rtx_memory.o(.text.osRtxMemoryInit)
    [Anonymous Symbol]                       0x08000af4   Section        0  rtx_mempool.o(.text.osRtxMemoryPoolAlloc)
    [Anonymous Symbol]                       0x08000b2e   Section        0  rtx_mempool.o(.text.osRtxMemoryPoolFree)
    [Anonymous Symbol]                       0x08000b78   Section        0  rtx_mempool.o(.text.osRtxMemoryPoolInit)
    osRtxMessageQueuePostProcess             0x08000bb1   Thumb Code   170  rtx_msgqueue.o(.text.osRtxMessageQueuePostProcess)
    [Anonymous Symbol]                       0x08000bb0   Section        0  rtx_msgqueue.o(.text.osRtxMessageQueuePostProcess)
    [Anonymous Symbol]                       0x08000c5c   Section        0  rtx_msgqueue.o(.text.osRtxMessageQueueTimerSetup)
    __arm_cp.0_0                             0x08000c7c   Number         4  rtx_msgqueue.o(.text.osRtxMessageQueueTimerSetup)
    [Anonymous Symbol]                       0x08000c80   Section        0  rtx_mutex.o(.text.osRtxMutexOwnerRestore)
    [Anonymous Symbol]                       0x08000cc8   Section        0  rtx_system.o(.text.osRtxPendSV_Handler)
    [Anonymous Symbol]                       0x08000d50   Section        0  rtx_system.o(.text.osRtxPostProcess)
    __arm_cp.2_1                             0x08000dbc   Number         4  rtx_system.o(.text.osRtxPostProcess)
    osRtxThreadBlock                         0x08000dc1   Thumb Code    52  rtx_thread.o(.text.osRtxThreadBlock)
    [Anonymous Symbol]                       0x08000dc0   Section        0  rtx_thread.o(.text.osRtxThreadBlock)
    osRtxThreadDelayInsert                   0x08000df5   Thumb Code   124  rtx_thread.o(.text.osRtxThreadDelayInsert)
    [Anonymous Symbol]                       0x08000df4   Section        0  rtx_thread.o(.text.osRtxThreadDelayInsert)
    osRtxThreadDelayRemove                   0x08000e71   Thumb Code    60  rtx_thread.o(.text.osRtxThreadDelayRemove)
    [Anonymous Symbol]                       0x08000e70   Section        0  rtx_thread.o(.text.osRtxThreadDelayRemove)
    [Anonymous Symbol]                       0x08000eac   Section        0  rtx_thread.o(.text.osRtxThreadDelayTick)
    [Anonymous Symbol]                       0x08000efc   Section        0  rtx_thread.o(.text.osRtxThreadDispatch)
    [Anonymous Symbol]                       0x08000f4c   Section        0  rtx_thread.o(.text.osRtxThreadListGet)
    [Anonymous Symbol]                       0x08000f5e   Section        0  rtx_thread.o(.text.osRtxThreadListPut)
    [Anonymous Symbol]                       0x08000f8a   Section        0  rtx_thread.o(.text.osRtxThreadListRemove)
    [Anonymous Symbol]                       0x08000f9e   Section        0  rtx_thread.o(.text.osRtxThreadListSort)
    [Anonymous Symbol]                       0x08000fc4   Section        0  rtx_thread.o(.text.osRtxThreadReadyPut)
    [Anonymous Symbol]                       0x08000fd4   Section        0  rtx_thread.o(.text.osRtxThreadRegPtr)
    [Anonymous Symbol]                       0x08000fe8   Section        0  rtx_thread.o(.text.osRtxThreadSwitch)
    [Anonymous Symbol]                       0x08000ff4   Section        0  rtx_thread.o(.text.osRtxThreadWaitEnter)
    __arm_cp.12_0                            0x0800102c   Number         4  rtx_thread.o(.text.osRtxThreadWaitEnter)
    [Anonymous Symbol]                       0x08001030   Section        0  rtx_thread.o(.text.osRtxThreadWaitExit)
    [Anonymous Symbol]                       0x08001060   Section        0  rtx_system.o(.text.osRtxTick_Handler)
    [Anonymous Symbol]                       0x080010d4   Section        0  rtx_timer.o(.text.osRtxTimerSetup)
    __arm_cp.0_0                             0x080010ec   Number         4  rtx_timer.o(.text.osRtxTimerSetup)
    __arm_cp.0_1                             0x080010f0   Number         4  rtx_timer.o(.text.osRtxTimerSetup)
    [Anonymous Symbol]                       0x080010f4   Section        0  rtx_timer.o(.text.osRtxTimerThread)
    osRtxTimerTick                           0x08001115   Thumb Code   108  rtx_timer.o(.text.osRtxTimerTick)
    [Anonymous Symbol]                       0x08001114   Section        0  rtx_timer.o(.text.osRtxTimerTick)
    __arm_cp.1_0                             0x08001180   Number         4  rtx_timer.o(.text.osRtxTimerTick)
    os_kernel_is_active                      0x08001185   Thumb Code    54  rtx_lib.o(.text.os_kernel_is_active)
    [Anonymous Symbol]                       0x08001184   Section        0  rtx_lib.o(.text.os_kernel_is_active)
    svcRtxKernelGetState                     0x080011bd   Thumb Code     8  rtx_kernel.o(.text.svcRtxKernelGetState)
    [Anonymous Symbol]                       0x080011bc   Section        0  rtx_kernel.o(.text.svcRtxKernelGetState)
    __arm_cp.6_0                             0x080011c4   Number         4  rtx_kernel.o(.text.svcRtxKernelGetState)
    svcRtxKernelInitialize                   0x080011c9   Thumb Code   244  rtx_kernel.o(.text.svcRtxKernelInitialize)
    [Anonymous Symbol]                       0x080011c8   Section        0  rtx_kernel.o(.text.svcRtxKernelInitialize)
    __arm_cp.21_0                            0x080012bc   Number         4  rtx_kernel.o(.text.svcRtxKernelInitialize)
    __arm_cp.21_1                            0x080012c0   Number         4  rtx_kernel.o(.text.svcRtxKernelInitialize)
    __arm_cp.21_2                            0x080012c4   Number         4  rtx_kernel.o(.text.svcRtxKernelInitialize)
    svcRtxMessageQueueGet                    0x080012c9   Thumb Code   200  rtx_msgqueue.o(.text.svcRtxMessageQueueGet)
    [Anonymous Symbol]                       0x080012c8   Section        0  rtx_msgqueue.o(.text.svcRtxMessageQueueGet)
    __arm_cp.22_0                            0x08001390   Number         4  rtx_msgqueue.o(.text.svcRtxMessageQueueGet)
    svcRtxMessageQueueNew                    0x08001395   Thumb Code   272  rtx_msgqueue.o(.text.svcRtxMessageQueueNew)
    [Anonymous Symbol]                       0x08001394   Section        0  rtx_msgqueue.o(.text.svcRtxMessageQueueNew)
    __arm_cp.1_0                             0x080014a4   Number         4  rtx_msgqueue.o(.text.svcRtxMessageQueueNew)
    __arm_cp.1_1                             0x080014a8   Number         4  rtx_msgqueue.o(.text.svcRtxMessageQueueNew)
    svcRtxMessageQueuePut                    0x080014ad   Thumb Code   168  rtx_msgqueue.o(.text.svcRtxMessageQueuePut)
    [Anonymous Symbol]                       0x080014ac   Section        0  rtx_msgqueue.o(.text.svcRtxMessageQueuePut)
    __arm_cp.20_0                            0x08001554   Number         4  rtx_msgqueue.o(.text.svcRtxMessageQueuePut)
    svcRtxMutexAcquire                       0x08001559   Thumb Code   140  rtx_mutex.o(.text.svcRtxMutexAcquire)
    [Anonymous Symbol]                       0x08001558   Section        0  rtx_mutex.o(.text.svcRtxMutexAcquire)
    svcRtxMutexDelete                        0x080015e5   Thumb Code   168  rtx_mutex.o(.text.svcRtxMutexDelete)
    [Anonymous Symbol]                       0x080015e4   Section        0  rtx_mutex.o(.text.svcRtxMutexDelete)
    svcRtxMutexNew                           0x0800168d   Thumb Code   100  rtx_mutex.o(.text.svcRtxMutexNew)
    [Anonymous Symbol]                       0x0800168c   Section        0  rtx_mutex.o(.text.svcRtxMutexNew)
    __arm_cp.8_0                             0x080016f0   Number         4  rtx_mutex.o(.text.svcRtxMutexNew)
    svcRtxMutexRelease                       0x080016f5   Thumb Code   176  rtx_mutex.o(.text.svcRtxMutexRelease)
    [Anonymous Symbol]                       0x080016f4   Section        0  rtx_mutex.o(.text.svcRtxMutexRelease)
    __arm_cp.11_0                            0x080017a4   Number         4  rtx_mutex.o(.text.svcRtxMutexRelease)
    $v0                                      0x080017a8   Number         0  fpinit.o(x$fpl$fpinit)
    x$fpl$fpinit                             0x080017a8   Section       26  fpinit.o(x$fpl$fpinit)
    __tagsym$$used.4                         0x080017c4   Number         0  rtx_lib.o(.rodata)
    __tagsym$$used.5                         0x08001834   Number         0  rtx_lib.o(.rodata)
    os_idle_thread_attr                      0x08001870   Data          36  rtx_lib.o(.rodata.os_idle_thread_attr)
    [Anonymous Symbol]                       0x08001870   Section        0  rtx_lib.o(.rodata.os_idle_thread_attr)
    os_timer_mq_attr                         0x08001894   Data          24  rtx_lib.o(.rodata.os_timer_mq_attr)
    [Anonymous Symbol]                       0x08001894   Section        0  rtx_lib.o(.rodata.os_timer_mq_attr)
    os_timer_thread_attr                     0x080018ac   Data          36  rtx_lib.o(.rodata.os_timer_thread_attr)
    [Anonymous Symbol]                       0x080018ac   Section        0  rtx_lib.o(.rodata.os_timer_thread_attr)
    [Anonymous Symbol]                       0x080018d0   Section        0  rtx_kernel.o(.rodata.str1.4)
    .bss                                     0x200000a8   Section       96  libspace.o(.bss)
    os_isr_queue                             0x20000108   Data          64  rtx_lib.o(.bss.os)
    [Anonymous Symbol]                       0x20000108   Section        0  rtx_lib.o(.bss.os)
    os_mem                                   0x20000148   Data       32768  rtx_lib.o(.bss.os)
    os_timer_mq_cb                           0x20008148   Data          52  rtx_lib.o(.bss.os.msgqueue.cb)
    [Anonymous Symbol]                       0x20008148   Section        0  rtx_lib.o(.bss.os.msgqueue.cb)
    os_timer_mq_data                         0x2000817c   Data          80  rtx_lib.o(.bss.os.msgqueue.mem)
    [Anonymous Symbol]                       0x2000817c   Section        0  rtx_lib.o(.bss.os.msgqueue.mem)
    os_idle_thread_cb                        0x200081cc   Data          68  rtx_lib.o(.bss.os.thread.cb)
    [Anonymous Symbol]                       0x200081cc   Section        0  rtx_lib.o(.bss.os.thread.cb)
    os_timer_thread_cb                       0x20008210   Data          68  rtx_lib.o(.bss.os.thread.cb)
    os_idle_thread_stack                     0x20008258   Data         512  rtx_lib.o(.bss.os.thread.idle.stack)
    [Anonymous Symbol]                       0x20008258   Section        0  rtx_lib.o(.bss.os.thread.idle.stack)
    os_timer_thread_stack                    0x20008458   Data         512  rtx_lib.o(.bss.os.thread.timer.stack)
    [Anonymous Symbol]                       0x20008458   Section        0  rtx_lib.o(.bss.os.thread.timer.stack)
    os_kernel_is_active.os_kernel_active     0x20008658   Data           1  rtx_lib.o(.bss.os_kernel_is_active.os_kernel_active)
    [Anonymous Symbol]                       0x20008658   Section        0  rtx_lib.o(.bss.os_kernel_is_active.os_kernel_active)
    Heap_Mem                                 0x20008660   Data         512  startup_stm32l552xx.o(HEAP)
    HEAP                                     0x20008660   Section      512  startup_stm32l552xx.o(HEAP)
    Stack_Mem                                0x20008860   Data        1024  startup_stm32l552xx.o(STACK)
    STACK                                    0x20008860   Section     1024  startup_stm32l552xx.o(STACK)
    __initial_sp                             0x20008c60   Data           0  startup_stm32l552xx.o(STACK)
    FPCCR                                    0xe000ef34   Number         0  irq_armv8mml.o ABSOLUTE

    Global Symbols

    Symbol Name                              Value     Ov Type        Size  Object(Section)

    BuildAttributes$$THM_ISAv4$E$P$D$K$B$S$7EM$8M$VFPi5$EXTD16$VFPS$VFMA$PE$A:L22UL41UL21$X:L11$S22US41US21$IEEE1$IW$~IW$USESV6$~STKCKD$USESV7$~SHL$OSPACE$ROPI$EBA8$UX$STANDARDLIB$REQ8$PRES8$EABIv2 0x00000000   Number         0  anon$$obj.o ABSOLUTE
    .bss.os.evflags.cb$$Base                  - Undefined Weak Reference
    .bss.os.evflags.cb$$Limit                 - Undefined Weak Reference
    .bss.os.mempool.cb$$Base                  - Undefined Weak Reference
    .bss.os.mempool.cb$$Limit                 - Undefined Weak Reference
    .bss.os.mutex.cb$$Base                    - Undefined Weak Reference
    .bss.os.mutex.cb$$Limit                   - Undefined Weak Reference
    .bss.os.semaphore.cb$$Base                - Undefined Weak Reference
    .bss.os.semaphore.cb$$Limit               - Undefined Weak Reference
    .bss.os.timer.cb$$Base                    - Undefined Weak Reference
    .bss.os.timer.cb$$Limit                   - Undefined Weak Reference
    __ARM_exceptions_init                     - Undefined Weak Reference
    __alloca_initialize                       - Undefined Weak Reference
    __arm_preinit_                            - Undefined Weak Reference
    __arm_relocate_pie_                       - Undefined Weak Reference
    __cpp_initialize__aeabi_                  - Undefined Weak Reference
    __cxa_finalize                            - Undefined Weak Reference
    __rt_locale                               - Undefined Weak Reference
    __sigvec_lookup                           - Undefined Weak Reference
    _atexit_init                              - Undefined Weak Reference
    _call_atexit_fns                          - Undefined Weak Reference
    _clock_init                               - Undefined Weak Reference
    _fp_trap_init                             - Undefined Weak Reference
    _fp_trap_shutdown                         - Undefined Weak Reference
    _get_lc_collate                           - Undefined Weak Reference
    _get_lc_ctype                             - Undefined Weak Reference
    _get_lc_monetary                          - Undefined Weak Reference
    _get_lc_numeric                           - Undefined Weak Reference
    _get_lc_time                              - Undefined Weak Reference
    _getenv_init                              - Undefined Weak Reference
    _handle_redirection                       - Undefined Weak Reference
    _init_alloc                               - Undefined Weak Reference
    _init_user_alloc                          - Undefined Weak Reference
    _initio                                   - Undefined Weak Reference
    _rand_init                                - Undefined Weak Reference
    _signal_finish                            - Undefined Weak Reference
    _signal_init                              - Undefined Weak Reference
    _terminate_alloc                          - Undefined Weak Reference
    _terminate_user_alloc                     - Undefined Weak Reference
    _terminateio                              - Undefined Weak Reference
    __Vectors_Size                           0x000001f4   Number         0  startup_stm32l552xx.o ABSOLUTE
    __Vectors                                0x08000000   Data           4  startup_stm32l552xx.o(RESET)
    __Vectors_End                            0x080001f4   Data           0  startup_stm32l552xx.o(RESET)
    __main                                   0x080001f5   Thumb Code     8  __main.o(!!!main)
    __scatterload                            0x080001fd   Thumb Code     0  __scatter.o(!!!scatter)
    __scatterload_rt2                        0x080001fd   Thumb Code    84  __scatter.o(!!!scatter)
    __scatterload_rt2_thumb_only             0x080001fd   Thumb Code     0  __scatter.o(!!!scatter)
    __scatterload_loop                       0x08000207   Thumb Code     0  __scatter.o(!!!scatter)
    __scatterload_copy                       0x08000259   Thumb Code    26  __scatter_copy.o(!!handler_copy)
    __scatterload_null                       0x08000275   Thumb Code     2  __scatter.o(!!handler_null)
    __scatterload_zeroinit                   0x08000279   Thumb Code    28  __scatter_zi.o(!!handler_zi)
    __rt_lib_init                            0x08000295   Thumb Code     0  libinit.o(.ARM.Collect$$libinit$$00000000)
    __rt_lib_init_fp_1                       0x08000297   Thumb Code     0  libinit2.o(.ARM.Collect$$libinit$$00000001)
    __rt_lib_init_alloca_1                   0x0800029b   Thumb Code     0  libinit2.o(.ARM.Collect$$libinit$$00000030)
    __rt_lib_init_argv_1                     0x0800029b   Thumb Code     0  libinit2.o(.ARM.Collect$$libinit$$0000002E)
    __rt_lib_init_atexit_1                   0x0800029b   Thumb Code     0  libinit2.o(.ARM.Collect$$libinit$$0000001D)
    __rt_lib_init_clock_1                    0x0800029b   Thumb Code     0  libinit2.o(.ARM.Collect$$libinit$$00000023)
    __rt_lib_init_cpp_1                      0x0800029b   Thumb Code     0  libinit2.o(.ARM.Collect$$libinit$$00000034)
    __rt_lib_init_exceptions_1               0x0800029b   Thumb Code     0  libinit2.o(.ARM.Collect$$libinit$$00000032)
    __rt_lib_init_fp_trap_1                  0x0800029b   Thumb Code     0  libinit2.o(.ARM.Collect$$libinit$$00000021)
    __rt_lib_init_getenv_1                   0x0800029b   Thumb Code     0  libinit2.o(.ARM.Collect$$libinit$$00000025)
    __rt_lib_init_heap_1                     0x0800029b   Thumb Code     0  libinit2.o(.ARM.Collect$$libinit$$0000000C)
    __rt_lib_init_lc_collate_1               0x0800029b   Thumb Code     0  libinit2.o(.ARM.Collect$$libinit$$00000013)
    __rt_lib_init_lc_ctype_1                 0x0800029b   Thumb Code     0  libinit2.o(.ARM.Collect$$libinit$$00000015)
    __rt_lib_init_lc_monetary_1              0x0800029b   Thumb Code     0  libinit2.o(.ARM.Collect$$libinit$$00000017)
    __rt_lib_init_lc_numeric_1               0x0800029b   Thumb Code     0  libinit2.o(.ARM.Collect$$libinit$$00000019)
    __rt_lib_init_lc_time_1                  0x0800029b   Thumb Code     0  libinit2.o(.ARM.Collect$$libinit$$0000001B)
    __rt_lib_init_preinit_1                  0x0800029b   Thumb Code     0  libinit2.o(.ARM.Collect$$libinit$$00000006)
    __rt_lib_init_rand_1                     0x0800029b   Thumb Code     0  libinit2.o(.ARM.Collect$$libinit$$00000010)
    __rt_lib_init_relocate_pie_1             0x0800029b   Thumb Code     0  libinit2.o(.ARM.Collect$$libinit$$00000004)
    __rt_lib_init_return                     0x0800029b   Thumb Code     0  libinit2.o(.ARM.Collect$$libinit$$00000035)
    __rt_lib_init_signal_1                   0x0800029b   Thumb Code     0  libinit2.o(.ARM.Collect$$libinit$$0000001F)
    __rt_lib_init_stdio_1                    0x0800029b   Thumb Code     0  libinit2.o(.ARM.Collect$$libinit$$00000027)
    __rt_lib_init_user_alloc_1               0x0800029b   Thumb Code     0  libinit2.o(.ARM.Collect$$libinit$$0000000E)
    __rt_lib_shutdown                        0x0800029d   Thumb Code     0  libshutdown.o(.ARM.Collect$$libshutdown$$00000000)
    __rt_lib_shutdown_cpp_1                  0x0800029f   Thumb Code     0  libshutdown2.o(.ARM.Collect$$libshutdown$$00000002)
    __rt_lib_shutdown_fp_trap_1              0x0800029f   Thumb Code     0  libshutdown2.o(.ARM.Collect$$libshutdown$$00000007)
    __rt_lib_shutdown_heap_1                 0x0800029f   Thumb Code     0  libshutdown2.o(.ARM.Collect$$libshutdown$$0000000F)
    __rt_lib_shutdown_return                 0x0800029f   Thumb Code     0  libshutdown2.o(.ARM.Collect$$libshutdown$$00000010)
    __rt_lib_shutdown_signal_1               0x0800029f   Thumb Code     0  libshutdown2.o(.ARM.Collect$$libshutdown$$0000000A)
    __rt_lib_shutdown_stdio_1                0x0800029f   Thumb Code     0  libshutdown2.o(.ARM.Collect$$libshutdown$$00000004)
    __rt_lib_shutdown_user_alloc_1           0x0800029f   Thumb Code     0  libshutdown2.o(.ARM.Collect$$libshutdown$$0000000C)
    __rt_entry                               0x080002a1   Thumb Code     0  __rtentry.o(.ARM.Collect$$rtentry$$00000000)
    __rt_entry_presh_1                       0x080002a1   Thumb Code     0  __rtentry2.o(.ARM.Collect$$rtentry$$00000002)
    __rt_entry_sh                            0x080002a1   Thumb Code     0  __rtentry4.o(.ARM.Collect$$rtentry$$00000004)
    __rt_entry_postsh_1                      0x080002a7   Thumb Code     0  __rtentry2.o(.ARM.Collect$$rtentry$$00000008)
    __rt_entry_li                            0x080002af   Thumb Code     0  __rtentry2.o(.ARM.Collect$$rtentry$$0000000A)
    __rt_entry_main                          0x080002b3   Thumb Code     0  __rtentry2.o(.ARM.Collect$$rtentry$$0000000D)
    __rt_entry_postli_1                      0x080002b3   Thumb Code     0  __rtentry2.o(.ARM.Collect$$rtentry$$0000000C)
    __rt_exit                                0x080002bb   Thumb Code     0  rtexit.o(.ARM.Collect$$rtexit$$00000000)
    __rt_exit_ls                             0x080002bd   Thumb Code     0  rtexit2.o(.ARM.Collect$$rtexit$$00000003)
    __rt_exit_prels_1                        0x080002bd   Thumb Code     0  rtexit2.o(.ARM.Collect$$rtexit$$00000002)
    __rt_exit_exit                           0x080002c1   Thumb Code     0  rtexit2.o(.ARM.Collect$$rtexit$$00000004)
    Reset_Handler                            0x080002c9   Thumb Code     8  startup_stm32l552xx.o(.text)
    NMI_Handler                              0x080002d1   Thumb Code     2  startup_stm32l552xx.o(.text)
    HardFault_Handler                        0x080002d3   Thumb Code     2  startup_stm32l552xx.o(.text)
    MemManage_Handler                        0x080002d5   Thumb Code     2  startup_stm32l552xx.o(.text)
    BusFault_Handler                         0x080002d7   Thumb Code     2  startup_stm32l552xx.o(.text)
    UsageFault_Handler                       0x080002d9   Thumb Code     2  startup_stm32l552xx.o(.text)
    SecureFault_Handler                      0x080002db   Thumb Code     2  startup_stm32l552xx.o(.text)
    DebugMon_Handler                         0x080002df   Thumb Code     2  startup_stm32l552xx.o(.text)
    ADC1_2_IRQHandler                        0x080002e5   Thumb Code     0  startup_stm32l552xx.o(.text)
    COMP_IRQHandler                          0x080002e5   Thumb Code     0  startup_stm32l552xx.o(.text)
    CRS_IRQHandler                           0x080002e5   Thumb Code     0  startup_stm32l552xx.o(.text)
    DAC_IRQHandler                           0x080002e5   Thumb Code     0  startup_stm32l552xx.o(.text)
    DFSDM1_FLT0_IRQHandler                   0x080002e5   Thumb Code     0  startup_stm32l552xx.o(.text)
    DFSDM1_FLT1_IRQHandler                   0x080002e5   Thumb Code     0  startup_stm32l552xx.o(.text)
    DFSDM1_FLT2_IRQHandler                   0x080002e5   Thumb Code     0  startup_stm32l552xx.o(.text)
    DFSDM1_FLT3_IRQHandler                   0x080002e5   Thumb Code     0  startup_stm32l552xx.o(.text)
    DMA1_Channel1_IRQHandler                 0x080002e5   Thumb Code     0  startup_stm32l552xx.o(.text)
    DMA1_Channel2_IRQHandler                 0x080002e5   Thumb Code     0  startup_stm32l552xx.o(.text)
    DMA1_Channel3_IRQHandler                 0x080002e5   Thumb Code     0  startup_stm32l552xx.o(.text)
    DMA1_Channel4_IRQHandler                 0x080002e5   Thumb Code     0  startup_stm32l552xx.o(.text)
    DMA1_Channel5_IRQHandler                 0x080002e5   Thumb Code     0  startup_stm32l552xx.o(.text)
    DMA1_Channel6_IRQHandler                 0x080002e5   Thumb Code     0  startup_stm32l552xx.o(.text)
    DMA1_Channel7_IRQHandler                 0x080002e5   Thumb Code     0  startup_stm32l552xx.o(.text)
    DMA1_Channel8_IRQHandler                 0x080002e5   Thumb Code     0  startup_stm32l552xx.o(.text)
    DMA2_Channel1_IRQHandler                 0x080002e5   Thumb Code     0  startup_stm32l552xx.o(.text)
    DMA2_Channel2_IRQHandler                 0x080002e5   Thumb Code     0  startup_stm32l552xx.o(.text)
    DMA2_Channel3_IRQHandler                 0x080002e5   Thumb Code     0  startup_stm32l552xx.o(.text)
    DMA2_Channel4_IRQHandler                 0x080002e5   Thumb Code     0  startup_stm32l552xx.o(.text)
    DMA2_Channel5_IRQHandler                 0x080002e5   Thumb Code     0  startup_stm32l552xx.o(.text)
    DMA2_Channel6_IRQHandler                 0x080002e5   Thumb Code     0  startup_stm32l552xx.o(.text)
    DMA2_Channel7_IRQHandler                 0x080002e5   Thumb Code     0  startup_stm32l552xx.o(.text)
    DMA2_Channel8_IRQHandler                 0x080002e5   Thumb Code     0  startup_stm32l552xx.o(.text)
    DMAMUX1_IRQHandler                       0x080002e5   Thumb Code     0  startup_stm32l552xx.o(.text)
    DMAMUX1_S_IRQHandler                     0x080002e5   Thumb Code     0  startup_stm32l552xx.o(.text)
    EXTI0_IRQHandler                         0x080002e5   Thumb Code     0  startup_stm32l552xx.o(.text)
    EXTI10_IRQHandler                        0x080002e5   Thumb Code     0  startup_stm32l552xx.o(.text)
    EXTI11_IRQHandler                        0x080002e5   Thumb Code     0  startup_stm32l552xx.o(.text)
    EXTI12_IRQHandler                        0x080002e5   Thumb Code     0  startup_stm32l552xx.o(.text)
    EXTI13_IRQHandler                        0x080002e5   Thumb Code     0  startup_stm32l552xx.o(.text)
    EXTI14_IRQHandler                        0x080002e5   Thumb Code     0  startup_stm32l552xx.o(.text)
    EXTI15_IRQHandler                        0x080002e5   Thumb Code     0  startup_stm32l552xx.o(.text)
    EXTI1_IRQHandler                         0x080002e5   Thumb Code     0  startup_stm32l552xx.o(.text)
    EXTI2_IRQHandler                         0x080002e5   Thumb Code     0  startup_stm32l552xx.o(.text)
    EXTI3_IRQHandler                         0x080002e5   Thumb Code     0  startup_stm32l552xx.o(.text)
    EXTI4_IRQHandler                         0x080002e5   Thumb Code     0  startup_stm32l552xx.o(.text)
    EXTI5_IRQHandler                         0x080002e5   Thumb Code     0  startup_stm32l552xx.o(.text)
    EXTI6_IRQHandler                         0x080002e5   Thumb Code     0  startup_stm32l552xx.o(.text)
    EXTI7_IRQHandler                         0x080002e5   Thumb Code     0  startup_stm32l552xx.o(.text)
    EXTI8_IRQHandler                         0x080002e5   Thumb Code     0  startup_stm32l552xx.o(.text)
    EXTI9_IRQHandler                         0x080002e5   Thumb Code     0  startup_stm32l552xx.o(.text)
    FDCAN1_IT0_IRQHandler                    0x080002e5   Thumb Code     0  startup_stm32l552xx.o(.text)
    FDCAN1_IT1_IRQHandler                    0x080002e5   Thumb Code     0  startup_stm32l552xx.o(.text)
    FLASH_IRQHandler                         0x080002e5   Thumb Code     0  startup_stm32l552xx.o(.text)
    FLASH_S_IRQHandler                       0x080002e5   Thumb Code     0  startup_stm32l552xx.o(.text)
    FMC_IRQHandler                           0x080002e5   Thumb Code     0  startup_stm32l552xx.o(.text)
    FPU_IRQHandler                           0x080002e5   Thumb Code     0  startup_stm32l552xx.o(.text)
    GTZC_IRQHandler                          0x080002e5   Thumb Code     0  startup_stm32l552xx.o(.text)
    HASH_IRQHandler                          0x080002e5   Thumb Code     0  startup_stm32l552xx.o(.text)
    I2C1_ER_IRQHandler                       0x080002e5   Thumb Code     0  startup_stm32l552xx.o(.text)
    I2C1_EV_IRQHandler                       0x080002e5   Thumb Code     0  startup_stm32l552xx.o(.text)
    I2C2_ER_IRQHandler                       0x080002e5   Thumb Code     0  startup_stm32l552xx.o(.text)
    I2C2_EV_IRQHandler                       0x080002e5   Thumb Code     0  startup_stm32l552xx.o(.text)
    I2C3_ER_IRQHandler                       0x080002e5   Thumb Code     0  startup_stm32l552xx.o(.text)
    I2C3_EV_IRQHandler                       0x080002e5   Thumb Code     0  startup_stm32l552xx.o(.text)
    I2C4_ER_IRQHandler                       0x080002e5   Thumb Code     0  startup_stm32l552xx.o(.text)
    I2C4_EV_IRQHandler                       0x080002e5   Thumb Code     0  startup_stm32l552xx.o(.text)
    ICACHE_IRQHandler                        0x080002e5   Thumb Code     0  startup_stm32l552xx.o(.text)
    LPTIM1_IRQHandler                        0x080002e5   Thumb Code     0  startup_stm32l552xx.o(.text)
    LPTIM2_IRQHandler                        0x080002e5   Thumb Code     0  startup_stm32l552xx.o(.text)
    LPTIM3_IRQHandler                        0x080002e5   Thumb Code     0  startup_stm32l552xx.o(.text)
    LPUART1_IRQHandler                       0x080002e5   Thumb Code     0  startup_stm32l552xx.o(.text)
    OCTOSPI1_IRQHandler                      0x080002e5   Thumb Code     0  startup_stm32l552xx.o(.text)
    PVD_PVM_IRQHandler                       0x080002e5   Thumb Code     0  startup_stm32l552xx.o(.text)
    RCC_IRQHandler                           0x080002e5   Thumb Code     0  startup_stm32l552xx.o(.text)
    RCC_S_IRQHandler                         0x080002e5   Thumb Code     0  startup_stm32l552xx.o(.text)
    RNG_IRQHandler                           0x080002e5   Thumb Code     0  startup_stm32l552xx.o(.text)
    RTC_IRQHandler                           0x080002e5   Thumb Code     0  startup_stm32l552xx.o(.text)
    RTC_S_IRQHandler                         0x080002e5   Thumb Code     0  startup_stm32l552xx.o(.text)
    SAI1_IRQHandler                          0x080002e5   Thumb Code     0  startup_stm32l552xx.o(.text)
    SAI2_IRQHandler                          0x080002e5   Thumb Code     0  startup_stm32l552xx.o(.text)
    SDMMC1_IRQHandler                        0x080002e5   Thumb Code     0  startup_stm32l552xx.o(.text)
    SPI1_IRQHandler                          0x080002e5   Thumb Code     0  startup_stm32l552xx.o(.text)
    SPI2_IRQHandler                          0x080002e5   Thumb Code     0  startup_stm32l552xx.o(.text)
    SPI3_IRQHandler                          0x080002e5   Thumb Code     0  startup_stm32l552xx.o(.text)
    TAMP_IRQHandler                          0x080002e5   Thumb Code     0  startup_stm32l552xx.o(.text)
    TAMP_S_IRQHandler                        0x080002e5   Thumb Code     0  startup_stm32l552xx.o(.text)
    TIM15_IRQHandler                         0x080002e5   Thumb Code     0  startup_stm32l552xx.o(.text)
    TIM16_IRQHandler                         0x080002e5   Thumb Code     0  startup_stm32l552xx.o(.text)
    TIM17_IRQHandler                         0x080002e5   Thumb Code     0  startup_stm32l552xx.o(.text)
    TIM1_BRK_IRQHandler                      0x080002e5   Thumb Code     0  startup_stm32l552xx.o(.text)
    TIM1_CC_IRQHandler                       0x080002e5   Thumb Code     0  startup_stm32l552xx.o(.text)
    TIM1_TRG_COM_IRQHandler                  0x080002e5   Thumb Code     0  startup_stm32l552xx.o(.text)
    TIM1_UP_IRQHandler                       0x080002e5   Thumb Code     0  startup_stm32l552xx.o(.text)
    TIM2_IRQHandler                          0x080002e5   Thumb Code     0  startup_stm32l552xx.o(.text)
    TIM3_IRQHandler                          0x080002e5   Thumb Code     0  startup_stm32l552xx.o(.text)
    TIM4_IRQHandler                          0x080002e5   Thumb Code     0  startup_stm32l552xx.o(.text)
    TIM5_IRQHandler                          0x080002e5   Thumb Code     0  startup_stm32l552xx.o(.text)
    TIM6_IRQHandler                          0x080002e5   Thumb Code     0  startup_stm32l552xx.o(.text)
    TIM7_IRQHandler                          0x080002e5   Thumb Code     0  startup_stm32l552xx.o(.text)
    TIM8_BRK_IRQHandler                      0x080002e5   Thumb Code     0  startup_stm32l552xx.o(.text)
    TIM8_CC_IRQHandler                       0x080002e5   Thumb Code     0  startup_stm32l552xx.o(.text)
    TIM8_TRG_COM_IRQHandler                  0x080002e5   Thumb Code     0  startup_stm32l552xx.o(.text)
    TIM8_UP_IRQHandler                       0x080002e5   Thumb Code     0  startup_stm32l552xx.o(.text)
    TSC_IRQHandler                           0x080002e5   Thumb Code     0  startup_stm32l552xx.o(.text)
    UART4_IRQHandler                         0x080002e5   Thumb Code     0  startup_stm32l552xx.o(.text)
    UART5_IRQHandler                         0x080002e5   Thumb Code     0  startup_stm32l552xx.o(.text)
    UCPD1_IRQHandler                         0x080002e5   Thumb Code     0  startup_stm32l552xx.o(.text)
    USART1_IRQHandler                        0x080002e5   Thumb Code     0  startup_stm32l552xx.o(.text)
    USART2_IRQHandler                        0x080002e5   Thumb Code     0  startup_stm32l552xx.o(.text)
    USART3_IRQHandler                        0x080002e5   Thumb Code     0  startup_stm32l552xx.o(.text)
    USB_FS_IRQHandler                        0x080002e5   Thumb Code     0  startup_stm32l552xx.o(.text)
    WWDG_IRQHandler                          0x080002e5   Thumb Code     0  startup_stm32l552xx.o(.text)
    __user_initial_stackheap                 0x080002e9   Thumb Code    10  startup_stm32l552xx.o(.text)
    SVC_Handler                              0x0800030d   Thumb Code   160  irq_armv8mml.o(.text)
    PendSV_Handler                           0x080003ad   Thumb Code    16  irq_armv8mml.o(.text)
    SysTick_Handler                          0x080003bd   Thumb Code    16  irq_armv8mml.o(.text)
    __aeabi_memcpy                           0x080003d9   Thumb Code     0  rt_memcpy_v6.o(.text)
    __rt_memcpy                              0x080003d9   Thumb Code   138  rt_memcpy_v6.o(.text)
    _memcpy_lastbytes                        0x0800043f   Thumb Code     0  rt_memcpy_v6.o(.text)
    __aeabi_memclr                           0x08000463   Thumb Code     0  rt_memclr.o(.text)
    __rt_memclr                              0x08000463   Thumb Code     0  rt_memclr.o(.text)
    _memset                                  0x08000467   Thumb Code    64  rt_memclr.o(.text)
    __aeabi_memclr4                          0x080004a7   Thumb Code     0  rt_memclr_w.o(.text)
    __aeabi_memclr8                          0x080004a7   Thumb Code     0  rt_memclr_w.o(.text)
    __rt_memclr_w                            0x080004a7   Thumb Code     0  rt_memclr_w.o(.text)
    _memset_w                                0x080004ab   Thumb Code    74  rt_memclr_w.o(.text)
    __use_two_region_memory                  0x080004f5   Thumb Code     2  heapauxi.o(.text)
    __rt_heap_escrow$2region                 0x080004f7   Thumb Code     2  heapauxi.o(.text)
    __rt_heap_expand$2region                 0x080004f9   Thumb Code     2  heapauxi.o(.text)
    __aeabi_memcpy4                          0x080004fb   Thumb Code     0  rt_memcpy_w.o(.text)
    __aeabi_memcpy8                          0x080004fb   Thumb Code     0  rt_memcpy_w.o(.text)
    __rt_memcpy_w                            0x080004fb   Thumb Code   100  rt_memcpy_w.o(.text)
    _memcpy_lastbytes_aligned                0x08000543   Thumb Code     0  rt_memcpy_w.o(.text)
    __user_setup_stackheap                   0x0800055f   Thumb Code    74  sys_stackheap_outer.o(.text)
    exit                                     0x080005a9   Thumb Code    18  exit.o(.text)
    __user_libspace                          0x080005bd   Thumb Code     8  libspace.o(.text)
    __user_perproc_libspace                  0x080005bd   Thumb Code     0  libspace.o(.text)
    _sys_exit                                0x080005c5   Thumb Code     8  sys_exit.o(.text)
    __I$use$semihosting                      0x080005d1   Thumb Code     0  use_no_semi.o(.text)
    __use_no_semihosting_swi                 0x080005d1   Thumb Code     2  use_no_semi.o(.text)
    __semihosting_library_function           0x080005d3   Thumb Code     0  indicate_semi.o(.text)
    OS_Tick_AcknowledgeIRQ                   0x08000689   Thumb Code     8  os_systick.o(.text.OS_Tick_AcknowledgeIRQ)
    SystemInit                               0x080006b5   Thumb Code    18  system_stm32l5xx.o(.text.SystemInit)
    _mutex_acquire                           0x0800070d   Thumb Code    32  rtx_lib.o(.text._mutex_acquire)
    _mutex_free                              0x0800072d   Thumb Code    18  rtx_lib.o(.text._mutex_free)
    _mutex_initialize                        0x08000741   Thumb Code    50  rtx_lib.o(.text._mutex_initialize)
    _mutex_release                           0x08000775   Thumb Code    28  rtx_lib.o(.text._mutex_release)
    _platform_post_stackheap_init            0x08000791   Thumb Code     8  rtx_lib.o(.text._platform_post_stackheap_init)
    main                                     0x08000799   Thumb Code    62  main.o(.text.main)
    my_capitalize                            0x080007d9   Thumb Code    22  main.o(.text.my_capitalize)
    my_strcpy                                0x080007f1   Thumb Code    14  main.o(.text.my_strcpy)
    osKernelGetState                         0x08000801   Thumb Code    40  rtx_kernel.o(.text.osKernelGetState)
    osKernelInitialize                       0x08000831   Thumb Code    40  rtx_kernel.o(.text.osKernelInitialize)
    osMessageQueueGet                        0x0800085d   Thumb Code   108  rtx_msgqueue.o(.text.osMessageQueueGet)
    osMessageQueuePut                        0x080008cd   Thumb Code   124  rtx_msgqueue.o(.text.osMessageQueuePut)
    osMutexAcquire                           0x0800094d   Thumb Code    32  rtx_mutex.o(.text.osMutexAcquire)
    osMutexDelete                            0x08000971   Thumb Code    32  rtx_mutex.o(.text.osMutexDelete)
    osMutexNew                               0x08000995   Thumb Code    32  rtx_mutex.o(.text.osMutexNew)
    osMutexRelease                           0x080009b9   Thumb Code    32  rtx_mutex.o(.text.osMutexRelease)
    osRtxErrorNotify                         0x080009dd   Thumb Code    46  rtx_config.o(.text.osRtxErrorNotify)
    osRtxKernelErrorNotify                   0x08000a0b   Thumb Code     4  rtx_kernel.o(.text.osRtxKernelErrorNotify)
    osRtxKernelPreInit                       0x08000a0f   Thumb Code     2  rtx_kernel.o(.text.osRtxKernelPreInit)
    osRtxMemoryAlloc                         0x08000a11   Thumb Code   108  rtx_memory.o(.text.osRtxMemoryAlloc)
    osRtxMemoryFree                          0x08000a7d   Thumb Code    66  rtx_memory.o(.text.osRtxMemoryFree)
    osRtxMemoryInit                          0x08000abf   Thumb Code    54  rtx_memory.o(.text.osRtxMemoryInit)
    osRtxMemoryPoolAlloc                     0x08000af5   Thumb Code    58  rtx_mempool.o(.text.osRtxMemoryPoolAlloc)
    osRtxMemoryPoolFree                      0x08000b2f   Thumb Code    74  rtx_mempool.o(.text.osRtxMemoryPoolFree)
    osRtxMemoryPoolInit                      0x08000b79   Thumb Code    56  rtx_mempool.o(.text.osRtxMemoryPoolInit)
    osRtxMessageQueueTimerSetup              0x08000c5d   Thumb Code    32  rtx_msgqueue.o(.text.osRtxMessageQueueTimerSetup)
    osRtxMutexOwnerRestore                   0x08000c81   Thumb Code    72  rtx_mutex.o(.text.osRtxMutexOwnerRestore)
    osRtxPendSV_Handler                      0x08000cc9   Thumb Code   136  rtx_system.o(.text.osRtxPendSV_Handler)
    osRtxPostProcess                         0x08000d51   Thumb Code   108  rtx_system.o(.text.osRtxPostProcess)
    osRtxThreadDelayTick                     0x08000ead   Thumb Code    80  rtx_thread.o(.text.osRtxThreadDelayTick)
    osRtxThreadDispatch                      0x08000efd   Thumb Code    80  rtx_thread.o(.text.osRtxThreadDispatch)
    osRtxThreadListGet                       0x08000f4d   Thumb Code    18  rtx_thread.o(.text.osRtxThreadListGet)
    osRtxThreadListPut                       0x08000f5f   Thumb Code    44  rtx_thread.o(.text.osRtxThreadListPut)
    osRtxThreadListRemove                    0x08000f8b   Thumb Code    20  rtx_thread.o(.text.osRtxThreadListRemove)
    osRtxThreadListSort                      0x08000f9f   Thumb Code    38  rtx_thread.o(.text.osRtxThreadListSort)
    osRtxThreadReadyPut                      0x08000fc5   Thumb Code    16  rtx_thread.o(.text.osRtxThreadReadyPut)
    osRtxThreadRegPtr                        0x08000fd5   Thumb Code    20  rtx_thread.o(.text.osRtxThreadRegPtr)
    osRtxThreadSwitch                        0x08000fe9   Thumb Code    12  rtx_thread.o(.text.osRtxThreadSwitch)
    osRtxThreadWaitEnter                     0x08000ff5   Thumb Code    56  rtx_thread.o(.text.osRtxThreadWaitEnter)
    osRtxThreadWaitExit                      0x08001031   Thumb Code    48  rtx_thread.o(.text.osRtxThreadWaitExit)
    osRtxTick_Handler                        0x08001061   Thumb Code   116  rtx_system.o(.text.osRtxTick_Handler)
    osRtxTimerSetup                          0x080010d5   Thumb Code    24  rtx_timer.o(.text.osRtxTimerSetup)
    osRtxTimerThread                         0x080010f5   Thumb Code    32  rtx_timer.o(.text.osRtxTimerThread)
    _fp_init                                 0x080017a9   Thumb Code    26  fpinit.o(x$fpl$fpinit)
    __fplib_config_fpu_vfp                   0x080017c1   Thumb Code     0  fpinit.o(x$fpl$fpinit)
    __fplib_config_pureend_doubles           0x080017c1   Thumb Code     0  fpinit.o(x$fpl$fpinit)
    osRtxConfig                              0x080017c4   Data         112  rtx_lib.o(.rodata)
    os_cb_sections                           0x08001834   Data          56  rtx_lib.o(.rodata)
    osRtxUserSVC                             0x0800186c   Data           4  rtx_lib.o(.rodata.osRtxUserSVC)
    Region$$Table$$Base                      0x080018dc   Number         0  anon$$obj.o(Region$$Table)
    Region$$Table$$Limit                     0x080018fc   Number         0  anon$$obj.o(Region$$Table)
    osRtxInfo                                0x20000000   Data         164  rtx_kernel.o(.data.os)
    __libspace_start                         0x200000a8   Data          96  libspace.o(.bss)
    __temporary_stack_top$libspace           0x20000108   Data           0  libspace.o(.bss)
    .bss.os.msgqueue.cb$$Base                0x20008148   Number         0  rtx_lib.o(.bss.os.msgqueue.cb)
    .bss.os.msgqueue.cb$$Limit               0x2000817c   Number         0  rtx_lib.o(.bss.os.msgqueue.cb)
    .bss.os.thread.cb$$Base                  0x200081cc   Number         0  rtx_lib.o(.bss.os.thread.cb)
    .bss.os.thread.cb$$Limit                 0x20008254   Number         0  rtx_lib.o(.bss.os.thread.cb)



==============================================================================

Memory Map of the image

  Image Entry point : 0x080001f5

  Load Region LR_IROM1 (Base: 0x08000000, Size: 0x000019a8, Max: 0x00080000, ABSOLUTE)

    Execution Region ER_IROM1 (Exec base: 0x08000000, Load base: 0x08000000, Size: 0x000018fc, Max: 0x00080000, ABSOLUTE)

    Exec Addr    Load Addr    Size         Type   Attr      Idx    E Section Name        Object

    0x08000000   0x08000000   0x000001f4   Data   RO         1776    RESET               startup_stm32l552xx.o
    0x080001f4   0x080001f4   0x00000008   Code   RO         2280  * !!!main             c_w.l(__main.o)
    0x080001fc   0x080001fc   0x0000005c   Code   RO         2455    !!!scatter          c_w.l(__scatter.o)
    0x08000258   0x08000258   0x0000001a   Code   RO         2459    !!handler_copy      c_w.l(__scatter_copy.o)
    0x08000272   0x08000272   0x00000002   PAD
    0x08000274   0x08000274   0x00000002   Code   RO         2456    !!handler_null      c_w.l(__scatter.o)
    0x08000276   0x08000276   0x00000002   PAD
    0x08000278   0x08000278   0x0000001c   Code   RO         2461    !!handler_zi        c_w.l(__scatter_zi.o)
    0x08000294   0x08000294   0x00000002   Code   RO         2317    .ARM.Collect$$libinit$$00000000  c_w.l(libinit.o)
    0x08000296   0x08000296   0x00000004   Code   RO         2329    .ARM.Collect$$libinit$$00000001  c_w.l(libinit2.o)
    0x0800029a   0x0800029a   0x00000000   Code   RO         2332    .ARM.Collect$$libinit$$00000004  c_w.l(libinit2.o)
    0x0800029a   0x0800029a   0x00000000   Code   RO         2334    .ARM.Collect$$libinit$$00000006  c_w.l(libinit2.o)
    0x0800029a   0x0800029a   0x00000000   Code   RO         2337    .ARM.Collect$$libinit$$0000000C  c_w.l(libinit2.o)
    0x0800029a   0x0800029a   0x00000000   Code   RO         2339    .ARM.Collect$$libinit$$0000000E  c_w.l(libinit2.o)
    0x0800029a   0x0800029a   0x00000000   Code   RO         2341    .ARM.Collect$$libinit$$00000010  c_w.l(libinit2.o)
    0x0800029a   0x0800029a   0x00000000   Code   RO         2344    .ARM.Collect$$libinit$$00000013  c_w.l(libinit2.o)
    0x0800029a   0x0800029a   0x00000000   Code   RO         2346    .ARM.Collect$$libinit$$00000015  c_w.l(libinit2.o)
    0x0800029a   0x0800029a   0x00000000   Code   RO         2348    .ARM.Collect$$libinit$$00000017  c_w.l(libinit2.o)
    0x0800029a   0x0800029a   0x00000000   Code   RO         2350    .ARM.Collect$$libinit$$00000019  c_w.l(libinit2.o)
    0x0800029a   0x0800029a   0x00000000   Code   RO         2352    .ARM.Collect$$libinit$$0000001B  c_w.l(libinit2.o)
    0x0800029a   0x0800029a   0x00000000   Code   RO         2354    .ARM.Collect$$libinit$$0000001D  c_w.l(libinit2.o)
    0x0800029a   0x0800029a   0x00000000   Code   RO         2356    .ARM.Collect$$libinit$$0000001F  c_w.l(libinit2.o)
    0x0800029a   0x0800029a   0x00000000   Code   RO         2358    .ARM.Collect$$libinit$$00000021  c_w.l(libinit2.o)
    0x0800029a   0x0800029a   0x00000000   Code   RO         2360    .ARM.Collect$$libinit$$00000023  c_w.l(libinit2.o)
    0x0800029a   0x0800029a   0x00000000   Code   RO         2362    .ARM.Collect$$libinit$$00000025  c_w.l(libinit2.o)
    0x0800029a   0x0800029a   0x00000000   Code   RO         2364    .ARM.Collect$$libinit$$00000027  c_w.l(libinit2.o)
    0x0800029a   0x0800029a   0x00000000   Code   RO         2368    .ARM.Collect$$libinit$$0000002E  c_w.l(libinit2.o)
    0x0800029a   0x0800029a   0x00000000   Code   RO         2370    .ARM.Collect$$libinit$$00000030  c_w.l(libinit2.o)
    0x0800029a   0x0800029a   0x00000000   Code   RO         2372    .ARM.Collect$$libinit$$00000032  c_w.l(libinit2.o)
    0x0800029a   0x0800029a   0x00000000   Code   RO         2374    .ARM.Collect$$libinit$$00000034  c_w.l(libinit2.o)
    0x0800029a   0x0800029a   0x00000002   Code   RO         2375    .ARM.Collect$$libinit$$00000035  c_w.l(libinit2.o)
    0x0800029c   0x0800029c   0x00000002   Code   RO         2410    .ARM.Collect$$libshutdown$$00000000  c_w.l(libshutdown.o)
    0x0800029e   0x0800029e   0x00000000   Code   RO         2438    .ARM.Collect$$libshutdown$$00000002  c_w.l(libshutdown2.o)
    0x0800029e   0x0800029e   0x00000000   Code   RO         2440    .ARM.Collect$$libshutdown$$00000004  c_w.l(libshutdown2.o)
    0x0800029e   0x0800029e   0x00000000   Code   RO         2443    .ARM.Collect$$libshutdown$$00000007  c_w.l(libshutdown2.o)
    0x0800029e   0x0800029e   0x00000000   Code   RO         2446    .ARM.Collect$$libshutdown$$0000000A  c_w.l(libshutdown2.o)
    0x0800029e   0x0800029e   0x00000000   Code   RO         2448    .ARM.Collect$$libshutdown$$0000000C  c_w.l(libshutdown2.o)
    0x0800029e   0x0800029e   0x00000000   Code   RO         2451    .ARM.Collect$$libshutdown$$0000000F  c_w.l(libshutdown2.o)
    0x0800029e   0x0800029e   0x00000002   Code   RO         2452    .ARM.Collect$$libshutdown$$00000010  c_w.l(libshutdown2.o)
    0x080002a0   0x080002a0   0x00000000   Code   RO         2282    .ARM.Collect$$rtentry$$00000000  c_w.l(__rtentry.o)
    0x080002a0   0x080002a0   0x00000000   Code   RO         2290    .ARM.Collect$$rtentry$$00000002  c_w.l(__rtentry2.o)
    0x080002a0   0x080002a0   0x00000006   Code   RO         2302    .ARM.Collect$$rtentry$$00000004  c_w.l(__rtentry4.o)
    0x080002a6   0x080002a6   0x00000008   Code   RO         2291    .ARM.Collect$$rtentry$$00000008  c_w.l(__rtentry2.o)
    0x080002ae   0x080002ae   0x00000004   Code   RO         2293    .ARM.Collect$$rtentry$$0000000A  c_w.l(__rtentry2.o)
    0x080002b2   0x080002b2   0x00000000   Code   RO         2295    .ARM.Collect$$rtentry$$0000000C  c_w.l(__rtentry2.o)
    0x080002b2   0x080002b2   0x00000008   Code   RO         2296    .ARM.Collect$$rtentry$$0000000D  c_w.l(__rtentry2.o)
    0x080002ba   0x080002ba   0x00000002   Code   RO         2321    .ARM.Collect$$rtexit$$00000000  c_w.l(rtexit.o)
    0x080002bc   0x080002bc   0x00000000   Code   RO         2381    .ARM.Collect$$rtexit$$00000002  c_w.l(rtexit2.o)
    0x080002bc   0x080002bc   0x00000004   Code   RO         2382    .ARM.Collect$$rtexit$$00000003  c_w.l(rtexit2.o)
    0x080002c0   0x080002c0   0x00000006   Code   RO         2383    .ARM.Collect$$rtexit$$00000004  c_w.l(rtexit2.o)
    0x080002c6   0x080002c6   0x00000002   PAD
    0x080002c8   0x080002c8   0x00000044   Code   RO         1777    .text               startup_stm32l552xx.o
    0x0800030c   0x0800030c   0x000000cc   Code   RO         2092    .text               RTX_V8MMF.lib(irq_armv8mml.o)
    0x080003d8   0x080003d8   0x0000008a   Code   RO         2272    .text               c_w.l(rt_memcpy_v6.o)
    0x08000462   0x08000462   0x00000044   Code   RO         2274    .text               c_w.l(rt_memclr.o)
    0x080004a6   0x080004a6   0x0000004e   Code   RO         2276    .text               c_w.l(rt_memclr_w.o)
    0x080004f4   0x080004f4   0x00000006   Code   RO         2278    .text               c_w.l(heapauxi.o)
    0x080004fa   0x080004fa   0x00000064   Code   RO         2287    .text               c_w.l(rt_memcpy_w.o)
    0x0800055e   0x0800055e   0x0000004a   Code   RO         2306    .text               c_w.l(sys_stackheap_outer.o)
    0x080005a8   0x080005a8   0x00000012   Code   RO         2308    .text               c_w.l(exit.o)
    0x080005ba   0x080005ba   0x00000002   PAD
    0x080005bc   0x080005bc   0x00000008   Code   RO         2318    .text               c_w.l(libspace.o)
    0x080005c4   0x080005c4   0x0000000c   Code   RO         2376    .text               c_w.l(sys_exit.o)
    0x080005d0   0x080005d0   0x00000002   Code   RO         2399    .text               c_w.l(use_no_semi.o)
    0x080005d2   0x080005d2   0x00000000   Code   RO         2401    .text               c_w.l(indicate_semi.o)
    0x080005d2   0x080005d2   0x00000040   Code   RO         2208    .text.MessageQueueGet  RTX_V8MMF.lib(rtx_msgqueue.o)
    0x08000612   0x08000612   0x00000058   Code   RO         2202    .text.MessageQueuePut  RTX_V8MMF.lib(rtx_msgqueue.o)
    0x0800066a   0x0800066a   0x0000001c   Code   RO         2200    .text.MessageQueueRemove  RTX_V8MMF.lib(rtx_msgqueue.o)
    0x08000686   0x08000686   0x00000002   PAD
    0x08000688   0x08000688   0x0000000c   Code   RO         2248    .text.OS_Tick_AcknowledgeIRQ  RTX_V8MMF.lib(os_systick.o)
    0x08000694   0x08000694   0x0000000c   Code   RO         1857    .text.OUTLINED_FUNCTION_0  RTX_V8MMF.lib(rtx_kernel.o)
    0x080006a0   0x080006a0   0x0000000c   Code   RO         2216    .text.OUTLINED_FUNCTION_0  RTX_V8MMF.lib(rtx_msgqueue.o)
    0x080006ac   0x080006ac   0x00000006   Code   RO         2218    .text.OUTLINED_FUNCTION_1  RTX_V8MMF.lib(rtx_msgqueue.o)
    0x080006b2   0x080006b2   0x00000002   PAD
    0x080006b4   0x080006b4   0x00000012   Code   RO         1784    .text.SystemInit    system_stm32l5xx.o
    0x080006c6   0x080006c6   0x00000002   PAD
    0x080006c8   0x080006c8   0x00000044   Code   RO         2033    .text.TimerInsert   RTX_V8MMF.lib(rtx_timer.o)
    0x0800070c   0x0800070c   0x00000020   Code   RO           25    .text._mutex_acquire  rtx_lib.o
    0x0800072c   0x0800072c   0x00000012   Code   RO           29    .text._mutex_free   rtx_lib.o
    0x0800073e   0x0800073e   0x00000002   PAD
    0x08000740   0x08000740   0x00000032   Code   RO           23    .text._mutex_initialize  rtx_lib.o
    0x08000772   0x08000772   0x00000002   PAD
    0x08000774   0x08000774   0x0000001c   Code   RO           27    .text._mutex_release  rtx_lib.o
    0x08000790   0x08000790   0x00000008   Code   RO           17    .text._platform_post_stackheap_init  rtx_lib.o
    0x08000798   0x08000798   0x0000003e   Code   RO            6    .text.main          main.o
    0x080007d6   0x080007d6   0x00000002   PAD
    0x080007d8   0x080007d8   0x00000016   Code   RO            4    .text.my_capitalize  main.o
    0x080007ee   0x080007ee   0x00000002   PAD
    0x080007f0   0x080007f0   0x0000000e   Code   RO            2    .text.my_strcpy     main.o
    0x080007fe   0x080007fe   0x00000002   PAD
    0x08000800   0x08000800   0x00000030   Code   RO         1809    .text.osKernelGetState  RTX_V8MMF.lib(rtx_kernel.o)
    0x08000830   0x08000830   0x0000002c   Code   RO         1803    .text.osKernelInitialize  RTX_V8MMF.lib(rtx_kernel.o)
    0x0800085c   0x0800085c   0x00000070   Code   RO         2176    .text.osMessageQueueGet  RTX_V8MMF.lib(rtx_msgqueue.o)
    0x080008cc   0x080008cc   0x00000080   Code   RO         2174    .text.osMessageQueuePut  RTX_V8MMF.lib(rtx_msgqueue.o)
    0x0800094c   0x0800094c   0x00000024   Code   RO         2065    .text.osMutexAcquire  RTX_V8MMF.lib(rtx_mutex.o)
    0x08000970   0x08000970   0x00000024   Code   RO         2071    .text.osMutexDelete  RTX_V8MMF.lib(rtx_mutex.o)
    0x08000994   0x08000994   0x00000024   Code   RO         2061    .text.osMutexNew    RTX_V8MMF.lib(rtx_mutex.o)
    0x080009b8   0x080009b8   0x00000024   Code   RO         2067    .text.osMutexRelease  RTX_V8MMF.lib(rtx_mutex.o)
    0x080009dc   0x080009dc   0x0000002e   Code   RO           55    .text.osRtxErrorNotify  rtx_config.o
    0x08000a0a   0x08000a0a   0x00000004   Code   RO         1801    .text.osRtxKernelErrorNotify  RTX_V8MMF.lib(rtx_kernel.o)
    0x08000a0e   0x08000a0e   0x00000002   Code   RO         1799    .text.osRtxKernelPreInit  RTX_V8MMF.lib(rtx_kernel.o)
    0x08000a10   0x08000a10   0x0000006c   Code   RO         2102    .text.osRtxMemoryAlloc  RTX_V8MMF.lib(rtx_memory.o)
    0x08000a7c   0x08000a7c   0x00000042   Code   RO         2104    .text.osRtxMemoryFree  RTX_V8MMF.lib(rtx_memory.o)
    0x08000abe   0x08000abe   0x00000036   Code   RO         2100    .text.osRtxMemoryInit  RTX_V8MMF.lib(rtx_memory.o)
    0x08000af4   0x08000af4   0x0000003a   Code   RO         2116    .text.osRtxMemoryPoolAlloc  RTX_V8MMF.lib(rtx_mempool.o)
    0x08000b2e   0x08000b2e   0x0000004a   Code   RO         2118    .text.osRtxMemoryPoolFree  RTX_V8MMF.lib(rtx_mempool.o)
    0x08000b78   0x08000b78   0x00000038   Code   RO         2114    .text.osRtxMemoryPoolInit  RTX_V8MMF.lib(rtx_mempool.o)
    0x08000bb0   0x08000bb0   0x000000aa   Code   RO         2198    .text.osRtxMessageQueuePostProcess  RTX_V8MMF.lib(rtx_msgqueue.o)
    0x08000c5a   0x08000c5a   0x00000002   PAD
    0x08000c5c   0x08000c5c   0x00000024   Code   RO         2166    .text.osRtxMessageQueueTimerSetup  RTX_V8MMF.lib(rtx_msgqueue.o)
    0x08000c80   0x08000c80   0x00000048   Code   RO         2059    .text.osRtxMutexOwnerRestore  RTX_V8MMF.lib(rtx_mutex.o)
    0x08000cc8   0x08000cc8   0x00000088   Code   RO         2230    .text.osRtxPendSV_Handler  RTX_V8MMF.lib(rtx_system.o)
    0x08000d50   0x08000d50   0x00000070   Code   RO         2232    .text.osRtxPostProcess  RTX_V8MMF.lib(rtx_system.o)
    0x08000dc0   0x08000dc0   0x00000034   Code   RO         1889    .text.osRtxThreadBlock  RTX_V8MMF.lib(rtx_thread.o)
    0x08000df4   0x08000df4   0x0000007c   Code   RO         1897    .text.osRtxThreadDelayInsert  RTX_V8MMF.lib(rtx_thread.o)
    0x08000e70   0x08000e70   0x0000003c   Code   RO         1893    .text.osRtxThreadDelayRemove  RTX_V8MMF.lib(rtx_thread.o)
    0x08000eac   0x08000eac   0x00000050   Code   RO         1881    .text.osRtxThreadDelayTick  RTX_V8MMF.lib(rtx_thread.o)
    0x08000efc   0x08000efc   0x00000050   Code   RO         1887    .text.osRtxThreadDispatch  RTX_V8MMF.lib(rtx_thread.o)
    0x08000f4c   0x08000f4c   0x00000012   Code   RO         1873    .text.osRtxThreadListGet  RTX_V8MMF.lib(rtx_thread.o)
    0x08000f5e   0x08000f5e   0x0000002c   Code   RO         1871    .text.osRtxThreadListPut  RTX_V8MMF.lib(rtx_thread.o)
    0x08000f8a   0x08000f8a   0x00000014   Code   RO         1877    .text.osRtxThreadListRemove  RTX_V8MMF.lib(rtx_thread.o)
    0x08000f9e   0x08000f9e   0x00000026   Code   RO         1875    .text.osRtxThreadListSort  RTX_V8MMF.lib(rtx_thread.o)
    0x08000fc4   0x08000fc4   0x00000010   Code   RO         1879    .text.osRtxThreadReadyPut  RTX_V8MMF.lib(rtx_thread.o)
    0x08000fd4   0x08000fd4   0x00000014   Code   RO         1883    .text.osRtxThreadRegPtr  RTX_V8MMF.lib(rtx_thread.o)
    0x08000fe8   0x08000fe8   0x0000000c   Code   RO         1885    .text.osRtxThreadSwitch  RTX_V8MMF.lib(rtx_thread.o)
    0x08000ff4   0x08000ff4   0x0000003c   Code   RO         1895    .text.osRtxThreadWaitEnter  RTX_V8MMF.lib(rtx_thread.o)
    0x08001030   0x08001030   0x00000030   Code   RO         1891    .text.osRtxThreadWaitExit  RTX_V8MMF.lib(rtx_thread.o)
    0x08001060   0x08001060   0x00000074   Code   RO         2228    .text.osRtxTick_Handler  RTX_V8MMF.lib(rtx_system.o)
    0x080010d4   0x080010d4   0x00000020   Code   RO         2015    .text.osRtxTimerSetup  RTX_V8MMF.lib(rtx_timer.o)
    0x080010f4   0x080010f4   0x00000020   Code   RO         2019    .text.osRtxTimerThread  RTX_V8MMF.lib(rtx_timer.o)
    0x08001114   0x08001114   0x00000070   Code   RO         2017    .text.osRtxTimerTick  RTX_V8MMF.lib(rtx_timer.o)
    0x08001184   0x08001184   0x00000036   Code   RO           21    .text.os_kernel_is_active  rtx_lib.o
    0x080011ba   0x080011ba   0x00000002   PAD
    0x080011bc   0x080011bc   0x0000000c   Code   RO         1811    .text.svcRtxKernelGetState  RTX_V8MMF.lib(rtx_kernel.o)
    0x080011c8   0x080011c8   0x00000100   Code   RO         1841    .text.svcRtxKernelInitialize  RTX_V8MMF.lib(rtx_kernel.o)
    0x080012c8   0x080012c8   0x000000cc   Code   RO         2210    .text.svcRtxMessageQueueGet  RTX_V8MMF.lib(rtx_msgqueue.o)
    0x08001394   0x08001394   0x00000118   Code   RO         2168    .text.svcRtxMessageQueueNew  RTX_V8MMF.lib(rtx_msgqueue.o)
    0x080014ac   0x080014ac   0x000000ac   Code   RO         2206    .text.svcRtxMessageQueuePut  RTX_V8MMF.lib(rtx_msgqueue.o)
    0x08001558   0x08001558   0x0000008c   Code   RO         2077    .text.svcRtxMutexAcquire  RTX_V8MMF.lib(rtx_mutex.o)
    0x080015e4   0x080015e4   0x000000a8   Code   RO         2083    .text.svcRtxMutexDelete  RTX_V8MMF.lib(rtx_mutex.o)
    0x0800168c   0x0800168c   0x00000068   Code   RO         2073    .text.svcRtxMutexNew  RTX_V8MMF.lib(rtx_mutex.o)
    0x080016f4   0x080016f4   0x000000b4   Code   RO         2079    .text.svcRtxMutexRelease  RTX_V8MMF.lib(rtx_mutex.o)
    0x080017a8   0x080017a8   0x0000001a   Code   RO         2393    x$fpl$fpinit        fz_wm.l(fpinit.o)
    0x080017c2   0x080017c2   0x00000002   PAD
    0x080017c4   0x080017c4   0x00000070   Data   RO           35    .rodata             rtx_lib.o
    0x08001834   0x08001834   0x00000038   Data   RO           38    .rodata             rtx_lib.o
    0x0800186c   0x0800186c   0x00000004   Data   RO           37    .rodata.osRtxUserSVC  rtx_lib.o
    0x08001870   0x08001870   0x00000024   Data   RO           32    .rodata.os_idle_thread_attr  rtx_lib.o
    0x08001894   0x08001894   0x00000018   Data   RO           34    .rodata.os_timer_mq_attr  rtx_lib.o
    0x080018ac   0x080018ac   0x00000024   Data   RO           33    .rodata.os_timer_thread_attr  rtx_lib.o
    0x080018d0   0x080018d0   0x0000000b   Data   RO         1861    .rodata.str1.4      RTX_V8MMF.lib(rtx_kernel.o)
    0x080018db   0x080018db   0x00000001   PAD
    0x080018dc   0x080018dc   0x00000020   Data   RO         2454    Region$$Table       anon$$obj.o


    Execution Region RW_IRAM1 (Exec base: 0x20000000, Load base: 0x08001900, Size: 0x00008c60, Max: 0x00040000, ABSOLUTE)

    Exec Addr    Load Addr    Size         Type   Attr      Idx    E Section Name        Object

    0x20000000   0x08001900   0x000000a4   Data   RW         1862    .data.os            RTX_V8MMF.lib(rtx_kernel.o)
    0x200000a4   0x080019a4   0x00000004   PAD
    0x200000a8        -       0x00000060   Zero   RW         2319    .bss                c_w.l(libspace.o)
    0x20000108        -       0x00008040   Zero   RW           31    .bss.os             rtx_lib.o
    0x20008148        -       0x00000034   Zero   RW           43    .bss.os.msgqueue.cb  rtx_lib.o
    0x2000817c        -       0x00000050   Zero   RW           44    .bss.os.msgqueue.mem  rtx_lib.o
    0x200081cc        -       0x00000088   Zero   RW           40    .bss.os.thread.cb   rtx_lib.o
    0x20008254   0x080019a4   0x00000004   PAD
    0x20008258        -       0x00000200   Zero   RW           41    .bss.os.thread.idle.stack  rtx_lib.o
    0x20008458        -       0x00000200   Zero   RW           42    .bss.os.thread.timer.stack  rtx_lib.o
    0x20008658        -       0x00000001   Zero   RW           45    .bss.os_kernel_is_active.os_kernel_active  rtx_lib.o
    0x20008659   0x080019a4   0x00000007   PAD
    0x20008660        -       0x00000200   Zero   RW         1775    HEAP                startup_stm32l552xx.o
    0x20008860        -       0x00000400   Zero   RW         1774    STACK               startup_stm32l552xx.o


==============================================================================

Image component sizes


      Code (inc. data)   RO Data    RW Data    ZI Data      Debug   Object Name

        98          0          0          0          0        730   main.o
        46          6          0          0          0        782   rtx_config.o
       190          0        268          0      34125       7244   rtx_lib.o
        68         28        500          0       1536       1036   startup_stm32l552xx.o
        18          0          0          0          0       3896   system_stm32l5xx.o

    ----------------------------------------------------------------------
       434         34        800          0      35672      13688   Object Totals
         0          0         32          0          0          0   (incl. Generated)
        14          0          0          0         11          0   (incl. Padding)

    ----------------------------------------------------------------------

      Code (inc. data)   RO Data    RW Data    ZI Data      Debug   Library Member Name

       204         12          0          0          0        776   irq_armv8mml.o
        12          4          0          0          0       3831   os_systick.o
       378         28         11        164          0      17382   rtx_kernel.o
       228          0          0          0          0       2601   rtx_memory.o
       188          0          0          0          0      16157   rtx_mempool.o
      1300         28          0          0          0      18738   rtx_msgqueue.o
       808         24          0          0          0      10070   rtx_mutex.o
       364         14          0          0          0       6106   rtx_system.o
       672          4          0          0          0      32509   rtx_thread.o
       244         12          0          0          0      10443   rtx_timer.o
         8          0          0          0          0         68   __main.o
         0          0          0          0          0          0   __rtentry.o
        20          0          0          0          0          0   __rtentry2.o
         6          0          0          0          0          0   __rtentry4.o
        94          8          0          0          0          0   __scatter.o
        26          0          0          0          0          0   __scatter_copy.o
        28          0          0          0          0          0   __scatter_zi.o
        18          0          0          0          0         80   exit.o
         6          0          0          0          0        152   heapauxi.o
         0          0          0          0          0          0   indicate_semi.o
         2          0          0          0          0          0   libinit.o
         6          0          0          0          0          0   libinit2.o
         2          0          0          0          0          0   libshutdown.o
         2          0          0          0          0          0   libshutdown2.o
         8          4          0          0         96         68   libspace.o
        68          0          0          0          0         68   rt_memclr.o
        78          0          0          0          0         80   rt_memclr_w.o
       138          0          0          0          0         68   rt_memcpy_v6.o
       100          0          0          0          0         80   rt_memcpy_w.o
         2          0          0          0          0          0   rtexit.o
        10          0          0          0          0          0   rtexit2.o
        12          4          0          0          0         68   sys_exit.o
        74          0          0          0          0         80   sys_stackheap_outer.o
         2          0          0          0          0         68   use_no_semi.o
        26          0          0          0          0        116   fpinit.o

    ----------------------------------------------------------------------
      5150        142         12        164        100     119609   Library Totals
        16          0          1          0          4          0   (incl. Padding)

    ----------------------------------------------------------------------

      Code (inc. data)   RO Data    RW Data    ZI Data      Debug   Library Name

      4398        126         11        164          0     118613   RTX_V8MMF.lib
       710         16          0          0         96        880   c_w.l
        26          0          0          0          0        116   fz_wm.l

    ----------------------------------------------------------------------
      5150        142         12        164        100     119609   Library Totals

    ----------------------------------------------------------------------

==============================================================================


      Code (inc. data)   RO Data    RW Data    ZI Data      Debug   

      5584        176        812        164      35772     132761   Grand Totals
      5584        176        812        164      35772     132761   ELF Image Totals
      5584        176        812        164          0          0   ROM Totals

==============================================================================

    Total RO  Size (Code + RO Data)                 6396 (   6.25kB)
    Total RW  Size (RW Data + ZI Data)             35936 (  35.09kB)
    Total ROM Size (Code + RO Data + RW Data)       6560 (   6.41kB)

==============================================================================

