Component: Arm Compiler for Embedded 6.22 Tool: armlink [5ee90200]

==============================================================================

Section Cross References

    main.o(.text.button_press_isr) refers to gpio.o(.text.gpio_set) for gpio_set
    main.o(.text.button_press_isr) refers to main.o(.bss.count) for count
    main.o(.ARM.exidx.text.button_press_isr) refers to main.o(.text.button_press_isr) for [Anonymous Symbol]
    main.o(.text.main) refers to leds.o(.text.leds_init) for leds_init
    main.o(.text.main) refers to gpio.o(.text.gpio_set_mode) for gpio_set_mode
    main.o(.text.main) refers to gpio.o(.text.gpio_set_trigger) for gpio_set_trigger
    main.o(.text.main) refers to main.o(.text.button_press_isr) for button_press_isr
    main.o(.text.main) refers to gpio.o(.text.gpio_set_callback) for gpio_set_callback
    main.o(.text.main) refers to main.o(.bss.count) for count
    main.o(.text.main) refers to gpio.o(.text.gpio_toggle) for gpio_toggle
    main.o(.text.main) refers to leds.o(.text.leds_set) for leds_set
    main.o(.ARM.exidx.text.main) refers to main.o(.text.main) for [Anonymous Symbol]
    leds.o(.text.leds_init) refers to gpio.o(.text.gpio_set_mode) for gpio_set_mode
    leds.o(.text.leds_init) refers to gpio.o(.text.gpio_set) for gpio_set
    leds.o(.ARM.exidx.text.leds_init) refers to leds.o(.text.leds_init) for [Anonymous Symbol]
    leds.o(.text.leds_set) refers to gpio.o(.text.gpio_set) for gpio_set
    leds.o(.ARM.exidx.text.leds_set) refers to leds.o(.text.leds_set) for [Anonymous Symbol]
    leds.o(.text.leds_init1) refers to gpio.o(.text.gpio_set_mode) for gpio_set_mode
    leds.o(.text.leds_init1) refers to gpio.o(.text.gpio_set) for gpio_set
    leds.o(.ARM.exidx.text.leds_init1) refers to leds.o(.text.leds_init1) for [Anonymous Symbol]
    leds.o(.text.leds_set1) refers to gpio.o(.text.gpio_set) for gpio_set
    leds.o(.ARM.exidx.text.leds_set1) refers to leds.o(.text.leds_set1) for [Anonymous Symbol]
    delay.o(.text.delay_ms) refers to system_stm32l5xx.o(.data.SystemCoreClock) for SystemCoreClock
    delay.o(.text.delay_ms) refers to delay.o(.text.delay_cycles) for delay_cycles
    delay.o(.ARM.exidx.text.delay_ms) refers to delay.o(.text.delay_ms) for [Anonymous Symbol]
    delay.o(.ARM.exidx.text.delay_cycles) refers to delay.o(.text.delay_cycles) for [Anonymous Symbol]
    delay.o(.text.delay_us) refers to system_stm32l5xx.o(.data.SystemCoreClock) for SystemCoreClock
    delay.o(.text.delay_us) refers to delay.o(.text.delay_cycles) for delay_cycles
    delay.o(.ARM.exidx.text.delay_us) refers to delay.o(.text.delay_us) for [Anonymous Symbol]
    gpio.o(.text.gpio_toggle) refers to stm32l5xx_hal_gpio.o(.text.HAL_GPIO_ReadPin) for HAL_GPIO_ReadPin
    gpio.o(.text.gpio_toggle) refers to stm32l5xx_hal_gpio.o(.text.HAL_GPIO_TogglePin) for HAL_GPIO_TogglePin
    gpio.o(.ARM.exidx.text.gpio_toggle) refers to gpio.o(.text.gpio_toggle) for [Anonymous Symbol]
    gpio.o(.text.gpio_set) refers to stm32l5xx_hal_gpio.o(.text.HAL_GPIO_WritePin) for HAL_GPIO_WritePin
    gpio.o(.ARM.exidx.text.gpio_set) refers to gpio.o(.text.gpio_set) for [Anonymous Symbol]
    gpio.o(.text.gpio_get) refers to stm32l5xx_hal_gpio.o(.text.HAL_GPIO_ReadPin) for HAL_GPIO_ReadPin
    gpio.o(.ARM.exidx.text.gpio_get) refers to gpio.o(.text.gpio_get) for [Anonymous Symbol]
    gpio.o(.text.gpio_set_mode) refers to gpio.o(.rodata..Lswitch.table.gpio_set_trigger) for .Lswitch.table.gpio_set_trigger
    gpio.o(.text.gpio_set_mode) refers to gpio.o(.rodata..Lswitch.table.gpio_set_trigger.2) for .Lswitch.table.gpio_set_trigger.2
    gpio.o(.text.gpio_set_mode) refers to stm32l5xx_hal_gpio.o(.text.HAL_GPIO_Init) for HAL_GPIO_Init
    gpio.o(.ARM.exidx.text.gpio_set_mode) refers to gpio.o(.text.gpio_set_mode) for [Anonymous Symbol]
    gpio.o(.text.gpio_set_trigger) refers to gpio.o(.rodata..Lswitch.table.gpio_set_trigger) for .Lswitch.table.gpio_set_trigger
    gpio.o(.text.gpio_set_trigger) refers to gpio.o(.rodata..Lswitch.table.gpio_set_trigger.2) for .Lswitch.table.gpio_set_trigger.2
    gpio.o(.text.gpio_set_trigger) refers to stm32l5xx_hal_gpio.o(.text.HAL_GPIO_Init) for HAL_GPIO_Init
    gpio.o(.ARM.exidx.text.gpio_set_trigger) refers to gpio.o(.text.gpio_set_trigger) for [Anonymous Symbol]
    gpio.o(.text.gpio_set_callback) refers to gpio.o(.bss..L_MergedGlobals) for .L_MergedGlobals
    gpio.o(.text.gpio_set_callback) refers to stm32l5xx_hal_cortex.o(.text.HAL_NVIC_SetPriority) for HAL_NVIC_SetPriority
    gpio.o(.text.gpio_set_callback) refers to stm32l5xx_hal_cortex.o(.text.HAL_NVIC_EnableIRQ) for HAL_NVIC_EnableIRQ
    gpio.o(.ARM.exidx.text.gpio_set_callback) refers to gpio.o(.text.gpio_set_callback) for [Anonymous Symbol]
    gpio.o(.text.EXTI0_IRQHandler) refers to stm32l5xx_hal_gpio.o(.text.HAL_GPIO_EXTI_IRQHandler) for HAL_GPIO_EXTI_IRQHandler
[...]
    Removing stm32l5xx_hal_rcc.o(.text.HAL_RCC_ConfigAttributes), (48 bytes).
    Removing stm32l5xx_hal_rcc.o(.ARM.exidx.text.HAL_RCC_ConfigAttributes), (8 bytes).
    Removing stm32l5xx_hal_rcc.o(.text.HAL_RCC_GetConfigAttributes), (38 bytes).
    Removing stm32l5xx_hal_rcc.o(.ARM.exidx.text.HAL_RCC_GetConfigAttributes), (8 bytes).
    Removing stm32l5xx_hal_rcc_ex.o(.text), (0 bytes).
    Removing stm32l5xx_hal_rcc_ex.o(.text.HAL_RCCEx_PeriphCLKConfig), (1184 bytes).
    Removing stm32l5xx_hal_rcc_ex.o(.ARM.exidx.text.HAL_RCCEx_PeriphCLKConfig), (8 bytes).
    Removing stm32l5xx_hal_rcc_ex.o(.text.RCCEx_PLLSAI1_Config), (258 bytes).
    Removing stm32l5xx_hal_rcc_ex.o(.ARM.exidx.text.RCCEx_PLLSAI1_Config), (8 bytes).
    Removing stm32l5xx_hal_rcc_ex.o(.text.RCCEx_PLLSAI2_Config), (192 bytes).
    Removing stm32l5xx_hal_rcc_ex.o(.ARM.exidx.text.RCCEx_PLLSAI2_Config), (8 bytes).
    Removing stm32l5xx_hal_rcc_ex.o(.text.HAL_RCCEx_GetPeriphCLKConfig), (354 bytes).
    Removing stm32l5xx_hal_rcc_ex.o(.ARM.exidx.text.HAL_RCCEx_GetPeriphCLKConfig), (8 bytes).
    Removing stm32l5xx_hal_rcc_ex.o(.text.HAL_RCCEx_GetPeriphCLKFreq), (1462 bytes).
    Removing stm32l5xx_hal_rcc_ex.o(.ARM.exidx.text.HAL_RCCEx_GetPeriphCLKFreq), (8 bytes).
    Removing stm32l5xx_hal_rcc_ex.o(.text.RCCEx_GetSAIxPeriphCLKFreq), (444 bytes).
    Removing stm32l5xx_hal_rcc_ex.o(.ARM.exidx.text.RCCEx_GetSAIxPeriphCLKFreq), (8 bytes).
    Removing stm32l5xx_hal_rcc_ex.o(.text.RCCEx_PLLSAI1_GetVCOFreq), (108 bytes).
    Removing stm32l5xx_hal_rcc_ex.o(.ARM.exidx.text.RCCEx_PLLSAI1_GetVCOFreq), (8 bytes).
    Removing stm32l5xx_hal_rcc_ex.o(.text.HAL_RCCEx_EnablePLLSAI1), (186 bytes).
    Removing stm32l5xx_hal_rcc_ex.o(.ARM.exidx.text.HAL_RCCEx_EnablePLLSAI1), (8 bytes).
    Removing stm32l5xx_hal_rcc_ex.o(.text.RCCEx_PLLSource_Enable), (184 bytes).
    Removing stm32l5xx_hal_rcc_ex.o(.ARM.exidx.text.RCCEx_PLLSource_Enable), (8 bytes).
    Removing stm32l5xx_hal_rcc_ex.o(.text.HAL_RCCEx_DisablePLLSAI1), (62 bytes).
    Removing stm32l5xx_hal_rcc_ex.o(.ARM.exidx.text.HAL_RCCEx_DisablePLLSAI1), (8 bytes).
    Removing stm32l5xx_hal_rcc_ex.o(.text.HAL_RCCEx_EnablePLLSAI2), (148 bytes).
    Removing stm32l5xx_hal_rcc_ex.o(.ARM.exidx.text.HAL_RCCEx_EnablePLLSAI2), (8 bytes).
    Removing stm32l5xx_hal_rcc_ex.o(.text.HAL_RCCEx_DisablePLLSAI2), (62 bytes).
    Removing stm32l5xx_hal_rcc_ex.o(.ARM.exidx.text.HAL_RCCEx_DisablePLLSAI2), (8 bytes).
    Removing stm32l5xx_hal_rcc_ex.o(.text.HAL_RCCEx_WakeUpStopCLKConfig), (20 bytes).
    Removing stm32l5xx_hal_rcc_ex.o(.ARM.exidx.text.HAL_RCCEx_WakeUpStopCLKConfig), (8 bytes).
    Removing stm32l5xx_hal_rcc_ex.o(.text.HAL_RCCEx_StandbyMSIRangeConfig), (22 bytes).
    Removing stm32l5xx_hal_rcc_ex.o(.ARM.exidx.text.HAL_RCCEx_StandbyMSIRangeConfig), (8 bytes).
    Removing stm32l5xx_hal_rcc_ex.o(.text.HAL_RCCEx_EnableLSECSS), (18 bytes).
    Removing stm32l5xx_hal_rcc_ex.o(.ARM.exidx.text.HAL_RCCEx_EnableLSECSS), (8 bytes).
    Removing stm32l5xx_hal_rcc_ex.o(.text.HAL_RCCEx_DisableLSECSS), (18 bytes).
    Removing stm32l5xx_hal_rcc_ex.o(.ARM.exidx.text.HAL_RCCEx_DisableLSECSS), (8 bytes).
    Removing stm32l5xx_hal_rcc_ex.o(.text.HAL_RCCEx_LSECSS_IRQHandler), (20 bytes).
    Removing stm32l5xx_hal_rcc_ex.o(.ARM.exidx.text.HAL_RCCEx_LSECSS_IRQHandler), (8 bytes).
    Removing stm32l5xx_hal_rcc_ex.o(.text.HAL_RCCEx_LSECSS_Callback), (2 bytes).
    Removing stm32l5xx_hal_rcc_ex.o(.ARM.exidx.text.HAL_RCCEx_LSECSS_Callback), (8 bytes).
    Removing stm32l5xx_hal_rcc_ex.o(.text.HAL_RCCEx_EnableLSCO), (162 bytes).
    Removing stm32l5xx_hal_rcc_ex.o(.ARM.exidx.text.HAL_RCCEx_EnableLSCO), (8 bytes).
    Removing stm32l5xx_hal_rcc_ex.o(.text.HAL_RCCEx_DisableLSCO), (96 bytes).
    Removing stm32l5xx_hal_rcc_ex.o(.ARM.exidx.text.HAL_RCCEx_DisableLSCO), (8 bytes).
    Removing stm32l5xx_hal_rcc_ex.o(.text.HAL_RCCEx_EnableMSIPLLMode), (18 bytes).
    Removing stm32l5xx_hal_rcc_ex.o(.ARM.exidx.text.HAL_RCCEx_EnableMSIPLLMode), (8 bytes).
    Removing stm32l5xx_hal_rcc_ex.o(.text.HAL_RCCEx_DisableMSIPLLMode), (18 bytes).
    Removing stm32l5xx_hal_rcc_ex.o(.ARM.exidx.text.HAL_RCCEx_DisableMSIPLLMode), (8 bytes).
    Removing stm32l5xx_hal_rcc_ex.o(.text.HAL_RCCEx_CRSConfig), (76 bytes).
    Removing stm32l5xx_hal_rcc_ex.o(.ARM.exidx.text.HAL_RCCEx_CRSConfig), (8 bytes).
    Removing stm32l5xx_hal_rcc_ex.o(.text.HAL_RCCEx_CRSSoftwareSynchronizationGenerate), (18 bytes).
    Removing stm32l5xx_hal_rcc_ex.o(.ARM.exidx.text.HAL_RCCEx_CRSSoftwareSynchronizationGenerate), (8 bytes).
    Removing stm32l5xx_hal_rcc_ex.o(.text.HAL_RCCEx_CRSGetSynchronizationInfo), (42 bytes).
    Removing stm32l5xx_hal_rcc_ex.o(.ARM.exidx.text.HAL_RCCEx_CRSGetSynchronizationInfo), (8 bytes).
    Removing stm32l5xx_hal_rcc_ex.o(.text.HAL_RCCEx_CRSWaitSynchronization), (230 bytes).
    Removing stm32l5xx_hal_rcc_ex.o(.ARM.exidx.text.HAL_RCCEx_CRSWaitSynchronization), (8 bytes).
    Removing stm32l5xx_hal_rcc_ex.o(.text.HAL_RCCEx_CRS_IRQHandler), (102 bytes).
    Removing stm32l5xx_hal_rcc_ex.o(.ARM.exidx.text.HAL_RCCEx_CRS_IRQHandler), (8 bytes).
    Removing stm32l5xx_hal_rcc_ex.o(.text.HAL_RCCEx_CRS_SyncOkCallback), (2 bytes).
    Removing stm32l5xx_hal_rcc_ex.o(.ARM.exidx.text.HAL_RCCEx_CRS_SyncOkCallback), (8 bytes).
    Removing stm32l5xx_hal_rcc_ex.o(.text.HAL_RCCEx_CRS_SyncWarnCallback), (2 bytes).
    Removing stm32l5xx_hal_rcc_ex.o(.ARM.exidx.text.HAL_RCCEx_CRS_SyncWarnCallback), (8 bytes).
    Removing stm32l5xx_hal_rcc_ex.o(.text.HAL_RCCEx_CRS_ExpectedSyncCallback), (2 bytes).
    Removing stm32l5xx_hal_rcc_ex.o(.ARM.exidx.text.HAL_RCCEx_CRS_ExpectedSyncCallback), (8 bytes).
    Removing stm32l5xx_hal_rcc_ex.o(.text.HAL_RCCEx_CRS_ErrorCallback), (2 bytes).
    Removing stm32l5xx_hal_rcc_ex.o(.ARM.exidx.text.HAL_RCCEx_CRS_ErrorCallback), (8 bytes).
    Removing stm32l5xx_hal_tim.o(.text), (0 bytes).
    Removing stm32l5xx_hal_tim.o(.text.HAL_TIM_Base_Init), (94 bytes).
    Removing stm32l5xx_hal_tim.o(.ARM.exidx.text.HAL_TIM_Base_Init), (8 bytes).
    Removing stm32l5xx_hal_tim.o(.text.HAL_TIM_Base_MspInit), (2 bytes).
    Removing stm32l5xx_hal_tim.o(.ARM.exidx.text.HAL_TIM_Base_MspInit), (8 bytes).
    Removing stm32l5xx_hal_tim.o(.text.TIM_Base_SetConfig), (308 bytes).
    Removing stm32l5xx_hal_tim.o(.ARM.exidx.text.TIM_Base_SetConfig), (8 bytes).
    Removing stm32l5xx_hal_tim.o(.text.HAL_TIM_Base_DeInit), (100 bytes).
    Removing stm32l5xx_hal_tim.o(.ARM.exidx.text.HAL_TIM_Base_DeInit), (8 bytes).
    Removing stm32l5xx_hal_tim.o(.text.HAL_TIM_Base_MspDeInit), (2 bytes).
    Removing stm32l5xx_hal_tim.o(.ARM.exidx.text.HAL_TIM_Base_MspDeInit), (8 bytes).
    Removing stm32l5xx_hal_tim.o(.text.HAL_TIM_Base_Start), (60 bytes).
    Removing stm32l5xx_hal_tim.o(.ARM.exidx.text.HAL_TIM_Base_Start), (8 bytes).
    Removing stm32l5xx_hal_tim.o(.text.HAL_TIM_Base_Stop), (52 bytes).
    Removing stm32l5xx_hal_tim.o(.ARM.exidx.text.HAL_TIM_Base_Stop), (8 bytes).
    Removing stm32l5xx_hal_tim.o(.text.HAL_TIM_Base_Start_IT), (68 bytes).
    Removing stm32l5xx_hal_tim.o(.ARM.exidx.text.HAL_TIM_Base_Start_IT), (8 bytes).
    Removing stm32l5xx_hal_tim.o(.text.HAL_TIM_Base_Stop_IT), (60 bytes).
    Removing stm32l5xx_hal_tim.o(.ARM.exidx.text.HAL_TIM_Base_Stop_IT), (8 bytes).
    Removing stm32l5xx_hal_tim.o(.text.HAL_TIM_Base_Start_DMA), (140 bytes).
    Removing stm32l5xx_hal_tim.o(.ARM.exidx.text.HAL_TIM_Base_Start_DMA), (8 bytes).
    Removing stm32l5xx_hal_tim.o(.text.TIM_DMAPeriodElapsedCplt), (20 bytes).
    Removing stm32l5xx_hal_tim.o(.ARM.exidx.text.TIM_DMAPeriodElapsedCplt), (8 bytes).
    Removing stm32l5xx_hal_tim.o(.text.TIM_DMAPeriodElapsedHalfCplt), (6 bytes).
    Removing stm32l5xx_hal_tim.o(.ARM.exidx.text.TIM_DMAPeriodElapsedHalfCplt), (8 bytes).
    Removing stm32l5xx_hal_tim.o(.text.TIM_DMAError), (94 bytes).
    Removing stm32l5xx_hal_tim.o(.ARM.exidx.text.TIM_DMAError), (8 bytes).
    Removing stm32l5xx_hal_tim.o(.text.HAL_TIM_Base_Stop_DMA), (72 bytes).
    Removing stm32l5xx_hal_tim.o(.ARM.exidx.text.HAL_TIM_Base_Stop_DMA), (8 bytes).
    Removing stm32l5xx_hal_tim.o(.text.HAL_TIM_OC_Init), (94 bytes).
    Removing stm32l5xx_hal_tim.o(.ARM.exidx.text.HAL_TIM_OC_Init), (8 bytes).
    Removing stm32l5xx_hal_tim.o(.text.HAL_TIM_OC_MspInit), (2 bytes).
    Removing stm32l5xx_hal_tim.o(.ARM.exidx.text.HAL_TIM_OC_MspInit), (8 bytes).
    Removing stm32l5xx_hal_tim.o(.text.HAL_TIM_OC_DeInit), (100 bytes).
    Removing stm32l5xx_hal_tim.o(.ARM.exidx.text.HAL_TIM_OC_DeInit), (8 bytes).
    Removing stm32l5xx_hal_tim.o(.text.HAL_TIM_OC_MspDeInit), (2 bytes).
    Removing stm32l5xx_hal_tim.o(.ARM.exidx.text.HAL_TIM_OC_MspDeInit), (8 bytes).
    Removing stm32l5xx_hal_tim.o(.text.HAL_TIM_OC_Start), (218 bytes).
    Removing stm32l5xx_hal_tim.o(.ARM.exidx.text.HAL_TIM_OC_Start), (8 bytes).
    Removing stm32l5xx_hal_tim.o(.text.TIM_CCxChannelCmd), (36 bytes).
    Removing stm32l5xx_hal_tim.o(.ARM.exidx.text.TIM_CCxChannelCmd), (8 bytes).
    Removing stm32l5xx_hal_tim.o(.text.HAL_TIM_OC_Stop), (214 bytes).
    Removing stm32l5xx_hal_tim.o(.ARM.exidx.text.HAL_TIM_OC_Stop), (8 bytes).
    Removing stm32l5xx_hal_tim.o(.text.HAL_TIM_OC_Start_IT), (306 bytes).
    Removing stm32l5xx_hal_tim.o(.ARM.exidx.text.HAL_TIM_OC_Start_IT), (8 bytes).
    Removing stm32l5xx_hal_tim.o(.text.HAL_TIM_OC_Stop_IT), (242 bytes).
    Removing stm32l5xx_hal_tim.o(.ARM.exidx.text.HAL_TIM_OC_Stop_IT), (8 bytes).
    Removing stm32l5xx_hal_tim.o(.text.HAL_TIM_OC_Start_DMA), (622 bytes).
    Removing stm32l5xx_hal_tim.o(.ARM.exidx.text.HAL_TIM_OC_Start_DMA), (8 bytes).
    Removing stm32l5xx_hal_tim.o(.text.TIM_DMADelayPulseCplt), (106 bytes).
    Removing stm32l5xx_hal_tim.o(.ARM.exidx.text.TIM_DMADelayPulseCplt), (8 bytes).
    Removing stm32l5xx_hal_tim.o(.text.TIM_DMADelayPulseHalfCplt), (56 bytes).
    Removing stm32l5xx_hal_tim.o(.ARM.exidx.text.TIM_DMADelayPulseHalfCplt), (8 bytes).
    Removing stm32l5xx_hal_tim.o(.text.HAL_TIM_OC_Stop_DMA), (250 bytes).
    Removing stm32l5xx_hal_tim.o(.ARM.exidx.text.HAL_TIM_OC_Stop_DMA), (8 bytes).
    Removing stm32l5xx_hal_tim.o(.text.HAL_TIM_PWM_Init), (94 bytes).
    Removing stm32l5xx_hal_tim.o(.ARM.exidx.text.HAL_TIM_PWM_Init), (8 bytes).
    Removing stm32l5xx_hal_tim.o(.text.HAL_TIM_PWM_MspInit), (2 bytes).
    Removing stm32l5xx_hal_tim.o(.ARM.exidx.text.HAL_TIM_PWM_MspInit), (8 bytes).
    Removing stm32l5xx_hal_tim.o(.text.HAL_TIM_PWM_DeInit), (100 bytes).
    Removing stm32l5xx_hal_tim.o(.ARM.exidx.text.HAL_TIM_PWM_DeInit), (8 bytes).
    Removing stm32l5xx_hal_tim.o(.text.HAL_TIM_PWM_MspDeInit), (2 bytes).
    Removing stm32l5xx_hal_tim.o(.ARM.exidx.text.HAL_TIM_PWM_MspDeInit), (8 bytes).
    Removing stm32l5xx_hal_tim.o(.text.HAL_TIM_PWM_Start), (218 bytes).
    Removing stm32l5xx_hal_tim.o(.ARM.exidx.text.HAL_TIM_PWM_Start), (8 bytes).
    Removing stm32l5xx_hal_tim.o(.text.HAL_TIM_PWM_Stop), (214 bytes).
    Removing stm32l5xx_hal_tim.o(.ARM.exidx.text.HAL_TIM_PWM_Stop), (8 bytes).
    Removing stm32l5xx_hal_tim.o(.text.HAL_TIM_PWM_Start_IT), (306 bytes).
    Removing stm32l5xx_hal_tim.o(.ARM.exidx.text.HAL_TIM_PWM_Start_IT), (8 bytes).
    Removing stm32l5xx_hal_tim.o(.text.HAL_TIM_PWM_Stop_IT), (242 bytes).
    Removing stm32l5xx_hal_tim.o(.ARM.exidx.text.HAL_TIM_PWM_Stop_IT), (8 bytes).
    Removing stm32l5xx_hal_tim.o(.text.HAL_TIM_PWM_Start_DMA), (622 bytes).
    Removing stm32l5xx_hal_tim.o(.ARM.exidx.text.HAL_TIM_PWM_Start_DMA), (8 bytes).
    Removing stm32l5xx_hal_tim.o(.text.HAL_TIM_PWM_Stop_DMA), (250 bytes).
    Removing stm32l5xx_hal_tim.o(.ARM.exidx.text.HAL_TIM_PWM_Stop_DMA), (8 bytes).
    Removing stm32l5xx_hal_tim.o(.text.HAL_TIM_IC_Init), (94 bytes).
    Removing stm32l5xx_hal_tim.o(.ARM.exidx.text.HAL_TIM_IC_Init), (8 bytes).
    Removing stm32l5xx_hal_tim.o(.text.HAL_TIM_IC_MspInit), (2 bytes).
    Removing stm32l5xx_hal_tim.o(.ARM.exidx.text.HAL_TIM_IC_MspInit), (8 bytes).
    Removing stm32l5xx_hal_tim.o(.text.HAL_TIM_IC_DeInit), (100 bytes).
    Removing stm32l5xx_hal_tim.o(.ARM.exidx.text.HAL_TIM_IC_DeInit), (8 bytes).
    Removing stm32l5xx_hal_tim.o(.text.HAL_TIM_IC_MspDeInit), (2 bytes).
    Removing stm32l5xx_hal_tim.o(.ARM.exidx.text.HAL_TIM_IC_MspDeInit), (8 bytes).
    Removing stm32l5xx_hal_tim.o(.text.HAL_TIM_IC_Start), (248 bytes).
    Removing stm32l5xx_hal_tim.o(.ARM.exidx.text.HAL_TIM_IC_Start), (8 bytes).
    Removing stm32l5xx_hal_tim.o(.text.HAL_TIM_IC_Stop), (184 bytes).
    Removing stm32l5xx_hal_tim.o(.ARM.exidx.text.HAL_TIM_IC_Stop), (8 bytes).
    Removing stm32l5xx_hal_tim.o(.text.HAL_TIM_IC_Start_IT), (298 bytes).
    Removing stm32l5xx_hal_tim.o(.ARM.exidx.text.HAL_TIM_IC_Start_IT), (8 bytes).
    Removing stm32l5xx_hal_tim.o(.text.HAL_TIM_IC_Stop_IT), (224 bytes).
    Removing stm32l5xx_hal_tim.o(.ARM.exidx.text.HAL_TIM_IC_Stop_IT), (8 bytes).
    Removing stm32l5xx_hal_tim.o(.text.HAL_TIM_IC_Start_DMA), (534 bytes).
    Removing stm32l5xx_hal_tim.o(.ARM.exidx.text.HAL_TIM_IC_Start_DMA), (8 bytes).
    Removing stm32l5xx_hal_tim.o(.text.TIM_DMACaptureCplt), (118 bytes).
    Removing stm32l5xx_hal_tim.o(.ARM.exidx.text.TIM_DMACaptureCplt), (8 bytes).
    Removing stm32l5xx_hal_tim.o(.text.TIM_DMACaptureHalfCplt), (56 bytes).
    Removing stm32l5xx_hal_tim.o(.ARM.exidx.text.TIM_DMACaptureHalfCplt), (8 bytes).
    Removing stm32l5xx_hal_tim.o(.text.HAL_TIM_IC_Stop_DMA), (218 bytes).
    Removing stm32l5xx_hal_tim.o(.ARM.exidx.text.HAL_TIM_IC_Stop_DMA), (8 bytes).
    Removing stm32l5xx_hal_tim.o(.text.HAL_TIM_OnePulse_Init), (88 bytes).
    Removing stm32l5xx_hal_tim.o(.ARM.exidx.text.HAL_TIM_OnePulse_Init), (8 bytes).
    Removing stm32l5xx_hal_tim.o(.text.HAL_TIM_OnePulse_MspInit), (2 bytes).
    Removing stm32l5xx_hal_tim.o(.ARM.exidx.text.HAL_TIM_OnePulse_MspInit), (8 bytes).
    Removing stm32l5xx_hal_tim.o(.text.HAL_TIM_OnePulse_DeInit), (76 bytes).
    Removing stm32l5xx_hal_tim.o(.ARM.exidx.text.HAL_TIM_OnePulse_DeInit), (8 bytes).
    Removing stm32l5xx_hal_tim.o(.text.HAL_TIM_OnePulse_MspDeInit), (2 bytes).
    Removing stm32l5xx_hal_tim.o(.ARM.exidx.text.HAL_TIM_OnePulse_MspDeInit), (8 bytes).
    Removing stm32l5xx_hal_tim.o(.text.HAL_TIM_OnePulse_Start), (150 bytes).
    Removing stm32l5xx_hal_tim.o(.ARM.exidx.text.HAL_TIM_OnePulse_Start), (8 bytes).
    Removing stm32l5xx_hal_tim.o(.text.HAL_TIM_OnePulse_Stop), (150 bytes).
    Removing stm32l5xx_hal_tim.o(.ARM.exidx.text.HAL_TIM_OnePulse_Stop), (8 bytes).
    Removing stm32l5xx_hal_tim.o(.text.HAL_TIM_OnePulse_Start_IT), (166 bytes).
    Removing stm32l5xx_hal_tim.o(.ARM.exidx.text.HAL_TIM_OnePulse_Start_IT), (8 bytes).
    Removing stm32l5xx_hal_tim.o(.text.HAL_TIM_OnePulse_Stop_IT), (166 bytes).
    Removing stm32l5xx_hal_tim.o(.ARM.exidx.text.HAL_TIM_OnePulse_Stop_IT), (8 bytes).
    Removing stm32l5xx_hal_tim.o(.text.HAL_TIM_Encoder_Init), (176 bytes).
    Removing stm32l5xx_hal_tim.o(.ARM.exidx.text.HAL_TIM_Encoder_Init), (8 bytes).
    Removing stm32l5xx_hal_tim.o(.text.HAL_TIM_Encoder_MspInit), (2 bytes).
    Removing stm32l5xx_hal_tim.o(.ARM.exidx.text.HAL_TIM_Encoder_MspInit), (8 bytes).
    Removing stm32l5xx_hal_tim.o(.text.HAL_TIM_Encoder_DeInit), (76 bytes).
    Removing stm32l5xx_hal_tim.o(.ARM.exidx.text.HAL_TIM_Encoder_DeInit), (8 bytes).
    Removing stm32l5xx_hal_tim.o(.text.HAL_TIM_Encoder_MspDeInit), (2 bytes).
    Removing stm32l5xx_hal_tim.o(.ARM.exidx.text.HAL_TIM_Encoder_MspDeInit), (8 bytes).
    Removing stm32l5xx_hal_tim.o(.text.HAL_TIM_Encoder_Start), (188 bytes).
    Removing stm32l5xx_hal_tim.o(.ARM.exidx.text.HAL_TIM_Encoder_Start), (8 bytes).
    Removing stm32l5xx_hal_tim.o(.text.HAL_TIM_Encoder_Stop), (130 bytes).
    Removing stm32l5xx_hal_tim.o(.ARM.exidx.text.HAL_TIM_Encoder_Stop), (8 bytes).
    Removing stm32l5xx_hal_tim.o(.text.HAL_TIM_Encoder_Start_IT), (230 bytes).
    Removing stm32l5xx_hal_tim.o(.ARM.exidx.text.HAL_TIM_Encoder_Start_IT), (8 bytes).
    Removing stm32l5xx_hal_tim.o(.text.HAL_TIM_Encoder_Stop_IT), (214 bytes).
    Removing stm32l5xx_hal_tim.o(.ARM.exidx.text.HAL_TIM_Encoder_Stop_IT), (8 bytes).
    Removing stm32l5xx_hal_tim.o(.text.HAL_TIM_Encoder_Start_DMA), (574 bytes).
    Removing stm32l5xx_hal_tim.o(.ARM.exidx.text.HAL_TIM_Encoder_Start_DMA), (8 bytes).
    Removing stm32l5xx_hal_tim.o(.text.HAL_TIM_Encoder_Stop_DMA), (230 bytes).
    Removing stm32l5xx_hal_tim.o(.ARM.exidx.text.HAL_TIM_Encoder_Stop_DMA), (8 bytes).
    Removing stm32l5xx_hal_tim.o(.text.HAL_TIM_IRQHandler), (396 bytes).
    Removing stm32l5xx_hal_tim.o(.ARM.exidx.text.HAL_TIM_IRQHandler), (8 bytes).
    Removing stm32l5xx_hal_tim.o(.text.HAL_TIM_IC_CaptureCallback), (2 bytes).
    Removing stm32l5xx_hal_tim.o(.ARM.exidx.text.HAL_TIM_IC_CaptureCallback), (8 bytes).
    Removing stm32l5xx_hal_tim.o(.text.HAL_TIM_OC_DelayElapsedCallback), (2 bytes).
    Removing stm32l5xx_hal_tim.o(.ARM.exidx.text.HAL_TIM_OC_DelayElapsedCallback), (8 bytes).
    Removing stm32l5xx_hal_tim.o(.text.HAL_TIM_PWM_PulseFinishedCallback), (2 bytes).
    Removing stm32l5xx_hal_tim.o(.ARM.exidx.text.HAL_TIM_PWM_PulseFinishedCallback), (8 bytes).
    Removing stm32l5xx_hal_tim.o(.text.HAL_TIM_PeriodElapsedCallback), (2 bytes).
    Removing stm32l5xx_hal_tim.o(.ARM.exidx.text.HAL_TIM_PeriodElapsedCallback), (8 bytes).
    Removing stm32l5xx_hal_tim.o(.text.HAL_TIM_TriggerCallback), (2 bytes).
    Removing stm32l5xx_hal_tim.o(.ARM.exidx.text.HAL_TIM_TriggerCallback), (8 bytes).
    Removing stm32l5xx_hal_tim.o(.text.HAL_TIM_OC_ConfigChannel), (760 bytes).
    Removing stm32l5xx_hal_tim.o(.ARM.exidx.text.HAL_TIM_OC_ConfigChannel), (8 bytes).
    Removing stm32l5xx_hal_tim.o(.text.TIM_OC2_SetConfig), (142 bytes).
    Removing stm32l5xx_hal_tim.o(.ARM.exidx.text.TIM_OC2_SetConfig), (8 bytes).
    Removing stm32l5xx_hal_tim.o(.text.HAL_TIM_IC_ConfigChannel), (374 bytes).
    Removing stm32l5xx_hal_tim.o(.ARM.exidx.text.HAL_TIM_IC_ConfigChannel), (8 bytes).
    Removing stm32l5xx_hal_tim.o(.text.TIM_TI1_SetConfig), (154 bytes).
    Removing stm32l5xx_hal_tim.o(.ARM.exidx.text.TIM_TI1_SetConfig), (8 bytes).
    Removing stm32l5xx_hal_tim.o(.text.HAL_TIM_PWM_ConfigChannel), (910 bytes).
    Removing stm32l5xx_hal_tim.o(.ARM.exidx.text.HAL_TIM_PWM_ConfigChannel), (8 bytes).
    Removing stm32l5xx_hal_tim.o(.text.HAL_TIM_OnePulse_ConfigChannel), (626 bytes).
    Removing stm32l5xx_hal_tim.o(.ARM.exidx.text.HAL_TIM_OnePulse_ConfigChannel), (8 bytes).
    Removing stm32l5xx_hal_tim.o(.text.HAL_TIM_DMABurst_WriteStart), (476 bytes).
    Removing stm32l5xx_hal_tim.o(.ARM.exidx.text.HAL_TIM_DMABurst_WriteStart), (8 bytes).
    Removing stm32l5xx_hal_tim.o(.text.TIM_DMATriggerCplt), (20 bytes).
    Removing stm32l5xx_hal_tim.o(.ARM.exidx.text.TIM_DMATriggerCplt), (8 bytes).
    Removing stm32l5xx_hal_tim.o(.text.TIM_DMATriggerHalfCplt), (6 bytes).
    Removing stm32l5xx_hal_tim.o(.ARM.exidx.text.TIM_DMATriggerHalfCplt), (8 bytes).
    Removing stm32l5xx_hal_tim.o(.text.HAL_TIM_DMABurst_WriteStop), (110 bytes).
    Removing stm32l5xx_hal_tim.o(.ARM.exidx.text.HAL_TIM_DMABurst_WriteStop), (8 bytes).
    Removing stm32l5xx_hal_tim.o(.text.HAL_TIM_DMABurst_ReadStart), (476 bytes).
    Removing stm32l5xx_hal_tim.o(.ARM.exidx.text.HAL_TIM_DMABurst_ReadStart), (8 bytes).
    Removing stm32l5xx_hal_tim.o(.text.HAL_TIM_DMABurst_ReadStop), (110 bytes).
    Removing stm32l5xx_hal_tim.o(.ARM.exidx.text.HAL_TIM_DMABurst_ReadStop), (8 bytes).
    Removing stm32l5xx_hal_tim.o(.text.HAL_TIM_GenerateEvent), (36 bytes).
    Removing stm32l5xx_hal_tim.o(.ARM.exidx.text.HAL_TIM_GenerateEvent), (8 bytes).
    Removing stm32l5xx_hal_tim.o(.text.HAL_TIM_ConfigOCrefClear), (266 bytes).
    Removing stm32l5xx_hal_tim.o(.ARM.exidx.text.HAL_TIM_ConfigOCrefClear), (8 bytes).
    Removing stm32l5xx_hal_tim.o(.text.TIM_ETR_SetConfig), (20 bytes).
    Removing stm32l5xx_hal_tim.o(.ARM.exidx.text.TIM_ETR_SetConfig), (8 bytes).
    Removing stm32l5xx_hal_tim.o(.text.HAL_TIM_ConfigClockSource), (418 bytes).
    Removing stm32l5xx_hal_tim.o(.ARM.exidx.text.HAL_TIM_ConfigClockSource), (8 bytes).
    Removing stm32l5xx_hal_tim.o(.text.HAL_TIM_ConfigTI1Input), (16 bytes).
    Removing stm32l5xx_hal_tim.o(.ARM.exidx.text.HAL_TIM_ConfigTI1Input), (8 bytes).
    Removing stm32l5xx_hal_tim.o(.text.HAL_TIM_SlaveConfigSynchro), (88 bytes).
    Removing stm32l5xx_hal_tim.o(.ARM.exidx.text.HAL_TIM_SlaveConfigSynchro), (8 bytes).
    Removing stm32l5xx_hal_tim.o(.text.TIM_SlaveTimer_SetConfig), (234 bytes).
    Removing stm32l5xx_hal_tim.o(.ARM.exidx.text.TIM_SlaveTimer_SetConfig), (8 bytes).
    Removing stm32l5xx_hal_tim.o(.text.HAL_TIM_SlaveConfigSynchro_IT), (88 bytes).
    Removing stm32l5xx_hal_tim.o(.ARM.exidx.text.HAL_TIM_SlaveConfigSynchro_IT), (8 bytes).
    Removing stm32l5xx_hal_tim.o(.text.HAL_TIM_ReadCapturedValue), (22 bytes).
    Removing stm32l5xx_hal_tim.o(.ARM.exidx.text.HAL_TIM_ReadCapturedValue), (8 bytes).
    Removing stm32l5xx_hal_tim.o(.text.HAL_TIM_PeriodElapsedHalfCpltCallback), (2 bytes).
    Removing stm32l5xx_hal_tim.o(.ARM.exidx.text.HAL_TIM_PeriodElapsedHalfCpltCallback), (8 bytes).
    Removing stm32l5xx_hal_tim.o(.text.HAL_TIM_IC_CaptureHalfCpltCallback), (2 bytes).
    Removing stm32l5xx_hal_tim.o(.ARM.exidx.text.HAL_TIM_IC_CaptureHalfCpltCallback), (8 bytes).
    Removing stm32l5xx_hal_tim.o(.text.HAL_TIM_PWM_PulseFinishedHalfCpltCallback), (2 bytes).
    Removing stm32l5xx_hal_tim.o(.ARM.exidx.text.HAL_TIM_PWM_PulseFinishedHalfCpltCallback), (8 bytes).
    Removing stm32l5xx_hal_tim.o(.text.HAL_TIM_TriggerHalfCpltCallback), (2 bytes).
    Removing stm32l5xx_hal_tim.o(.ARM.exidx.text.HAL_TIM_TriggerHalfCpltCallback), (8 bytes).
    Removing stm32l5xx_hal_tim.o(.text.HAL_TIM_ErrorCallback), (2 bytes).
    Removing stm32l5xx_hal_tim.o(.ARM.exidx.text.HAL_TIM_ErrorCallback), (8 bytes).
    Removing stm32l5xx_hal_tim.o(.text.HAL_TIM_Base_GetState), (6 bytes).
    Removing stm32l5xx_hal_tim.o(.ARM.exidx.text.HAL_TIM_Base_GetState), (8 bytes).
    Removing stm32l5xx_hal_tim.o(.text.HAL_TIM_OC_GetState), (6 bytes).
    Removing stm32l5xx_hal_tim.o(.ARM.exidx.text.HAL_TIM_OC_GetState), (8 bytes).
    Removing stm32l5xx_hal_tim.o(.text.HAL_TIM_PWM_GetState), (6 bytes).
    Removing stm32l5xx_hal_tim.o(.ARM.exidx.text.HAL_TIM_PWM_GetState), (8 bytes).
    Removing stm32l5xx_hal_tim.o(.text.HAL_TIM_IC_GetState), (6 bytes).
    Removing stm32l5xx_hal_tim.o(.ARM.exidx.text.HAL_TIM_IC_GetState), (8 bytes).
    Removing stm32l5xx_hal_tim.o(.text.HAL_TIM_OnePulse_GetState), (6 bytes).
    Removing stm32l5xx_hal_tim.o(.ARM.exidx.text.HAL_TIM_OnePulse_GetState), (8 bytes).
    Removing stm32l5xx_hal_tim.o(.text.HAL_TIM_Encoder_GetState), (6 bytes).
    Removing stm32l5xx_hal_tim.o(.ARM.exidx.text.HAL_TIM_Encoder_GetState), (8 bytes).
    Removing stm32l5xx_hal_tim.o(.text.HAL_TIM_GetActiveChannel), (4 bytes).
    Removing stm32l5xx_hal_tim.o(.ARM.exidx.text.HAL_TIM_GetActiveChannel), (8 bytes).
    Removing stm32l5xx_hal_tim.o(.text.HAL_TIM_GetChannelState), (22 bytes).
    Removing stm32l5xx_hal_tim.o(.ARM.exidx.text.HAL_TIM_GetChannelState), (8 bytes).
    Removing stm32l5xx_hal_tim.o(.rodata.cst16), (48 bytes).
    Removing stm32l5xx_hal_tim_ex.o(.text), (0 bytes).
    Removing stm32l5xx_hal_tim_ex.o(.text.HAL_TIMEx_HallSensor_Init), (208 bytes).
    Removing stm32l5xx_hal_tim_ex.o(.ARM.exidx.text.HAL_TIMEx_HallSensor_Init), (8 bytes).
    Removing stm32l5xx_hal_tim_ex.o(.text.HAL_TIMEx_HallSensor_MspInit), (2 bytes).
    Removing stm32l5xx_hal_tim_ex.o(.ARM.exidx.text.HAL_TIMEx_HallSensor_MspInit), (8 bytes).
    Removing stm32l5xx_hal_tim_ex.o(.text.HAL_TIMEx_HallSensor_DeInit), (76 bytes).
    Removing stm32l5xx_hal_tim_ex.o(.ARM.exidx.text.HAL_TIMEx_HallSensor_DeInit), (8 bytes).
    Removing stm32l5xx_hal_tim_ex.o(.text.HAL_TIMEx_HallSensor_MspDeInit), (2 bytes).
    Removing stm32l5xx_hal_tim_ex.o(.ARM.exidx.text.HAL_TIMEx_HallSensor_MspDeInit), (8 bytes).
    Removing stm32l5xx_hal_tim_ex.o(.text.HAL_TIMEx_HallSensor_Start), (114 bytes).
    Removing stm32l5xx_hal_tim_ex.o(.ARM.exidx.text.HAL_TIMEx_HallSensor_Start), (8 bytes).
    Removing stm32l5xx_hal_tim_ex.o(.text.HAL_TIMEx_HallSensor_Stop), (66 bytes).
    Removing stm32l5xx_hal_tim_ex.o(.ARM.exidx.text.HAL_TIMEx_HallSensor_Stop), (8 bytes).
    Removing stm32l5xx_hal_tim_ex.o(.text.HAL_TIMEx_HallSensor_Start_IT), (122 bytes).
    Removing stm32l5xx_hal_tim_ex.o(.ARM.exidx.text.HAL_TIMEx_HallSensor_Start_IT), (8 bytes).
    Removing stm32l5xx_hal_tim_ex.o(.text.HAL_TIMEx_HallSensor_Stop_IT), (74 bytes).
    Removing stm32l5xx_hal_tim_ex.o(.ARM.exidx.text.HAL_TIMEx_HallSensor_Stop_IT), (8 bytes).
    Removing stm32l5xx_hal_tim_ex.o(.text.HAL_TIMEx_HallSensor_Start_DMA), (178 bytes).
    Removing stm32l5xx_hal_tim_ex.o(.ARM.exidx.text.HAL_TIMEx_HallSensor_Start_DMA), (8 bytes).
    Removing stm32l5xx_hal_tim_ex.o(.text.HAL_TIMEx_HallSensor_Stop_DMA), (74 bytes).
    Removing stm32l5xx_hal_tim_ex.o(.ARM.exidx.text.HAL_TIMEx_HallSensor_Stop_DMA), (8 bytes).
    Removing stm32l5xx_hal_tim_ex.o(.text.HAL_TIMEx_OCN_Start), (148 bytes).
    Removing stm32l5xx_hal_tim_ex.o(.ARM.exidx.text.HAL_TIMEx_OCN_Start), (8 bytes).
    Removing stm32l5xx_hal_tim_ex.o(.text.HAL_TIMEx_OCN_Stop), (146 bytes).
    Removing stm32l5xx_hal_tim_ex.o(.ARM.exidx.text.HAL_TIMEx_OCN_Stop), (8 bytes).
    Removing stm32l5xx_hal_tim_ex.o(.text.HAL_TIMEx_OCN_Start_IT), (188 bytes).
    Removing stm32l5xx_hal_tim_ex.o(.ARM.exidx.text.HAL_TIMEx_OCN_Start_IT), (8 bytes).
    Removing stm32l5xx_hal_tim_ex.o(.text.HAL_TIMEx_OCN_Stop_IT), (218 bytes).
    Removing stm32l5xx_hal_tim_ex.o(.ARM.exidx.text.HAL_TIMEx_OCN_Stop_IT), (8 bytes).
    Removing stm32l5xx_hal_tim_ex.o(.text.HAL_TIMEx_OCN_Start_DMA), (432 bytes).
    Removing stm32l5xx_hal_tim_ex.o(.ARM.exidx.text.HAL_TIMEx_OCN_Start_DMA), (8 bytes).
    Removing stm32l5xx_hal_tim_ex.o(.text.TIM_DMADelayPulseNCplt), (106 bytes).
    Removing stm32l5xx_hal_tim_ex.o(.ARM.exidx.text.TIM_DMADelayPulseNCplt), (8 bytes).
    Removing stm32l5xx_hal_tim_ex.o(.text.TIM_DMAErrorCCxN), (70 bytes).
    Removing stm32l5xx_hal_tim_ex.o(.ARM.exidx.text.TIM_DMAErrorCCxN), (8 bytes).
    Removing stm32l5xx_hal_tim_ex.o(.text.HAL_TIMEx_OCN_Stop_DMA), (180 bytes).
    Removing stm32l5xx_hal_tim_ex.o(.ARM.exidx.text.HAL_TIMEx_OCN_Stop_DMA), (8 bytes).
    Removing stm32l5xx_hal_tim_ex.o(.text.HAL_TIMEx_PWMN_Start), (148 bytes).
    Removing stm32l5xx_hal_tim_ex.o(.ARM.exidx.text.HAL_TIMEx_PWMN_Start), (8 bytes).
    Removing stm32l5xx_hal_tim_ex.o(.text.HAL_TIMEx_PWMN_Stop), (146 bytes).
    Removing stm32l5xx_hal_tim_ex.o(.ARM.exidx.text.HAL_TIMEx_PWMN_Stop), (8 bytes).
    Removing stm32l5xx_hal_tim_ex.o(.text.HAL_TIMEx_PWMN_Start_IT), (188 bytes).
    Removing stm32l5xx_hal_tim_ex.o(.ARM.exidx.text.HAL_TIMEx_PWMN_Start_IT), (8 bytes).
    Removing stm32l5xx_hal_tim_ex.o(.text.HAL_TIMEx_PWMN_Stop_IT), (218 bytes).
    Removing stm32l5xx_hal_tim_ex.o(.ARM.exidx.text.HAL_TIMEx_PWMN_Stop_IT), (8 bytes).
    Removing stm32l5xx_hal_tim_ex.o(.text.HAL_TIMEx_PWMN_Start_DMA), (432 bytes).
    Removing stm32l5xx_hal_tim_ex.o(.ARM.exidx.text.HAL_TIMEx_PWMN_Start_DMA), (8 bytes).
    Removing stm32l5xx_hal_tim_ex.o(.text.HAL_TIMEx_PWMN_Stop_DMA), (180 bytes).
    Removing stm32l5xx_hal_tim_ex.o(.ARM.exidx.text.HAL_TIMEx_PWMN_Stop_DMA), (8 bytes).
    Removing stm32l5xx_hal_tim_ex.o(.text.HAL_TIMEx_OnePulseN_Start), (170 bytes).
    Removing stm32l5xx_hal_tim_ex.o(.ARM.exidx.text.HAL_TIMEx_OnePulseN_Start), (8 bytes).
    Removing stm32l5xx_hal_tim_ex.o(.text.HAL_TIMEx_OnePulseN_Stop), (160 bytes).
    Removing stm32l5xx_hal_tim_ex.o(.ARM.exidx.text.HAL_TIMEx_OnePulseN_Stop), (8 bytes).
    Removing stm32l5xx_hal_tim_ex.o(.text.HAL_TIMEx_OnePulseN_Start_IT), (186 bytes).
    Removing stm32l5xx_hal_tim_ex.o(.ARM.exidx.text.HAL_TIMEx_OnePulseN_Start_IT), (8 bytes).
    Removing stm32l5xx_hal_tim_ex.o(.text.HAL_TIMEx_OnePulseN_Stop_IT), (176 bytes).
    Removing stm32l5xx_hal_tim_ex.o(.ARM.exidx.text.HAL_TIMEx_OnePulseN_Stop_IT), (8 bytes).
    Removing stm32l5xx_hal_tim_ex.o(.text.HAL_TIMEx_ConfigCommutEvent), (126 bytes).
    Removing stm32l5xx_hal_tim_ex.o(.ARM.exidx.text.HAL_TIMEx_ConfigCommutEvent), (8 bytes).
    Removing stm32l5xx_hal_tim_ex.o(.text.HAL_TIMEx_ConfigCommutEvent_IT), (126 bytes).
    Removing stm32l5xx_hal_tim_ex.o(.ARM.exidx.text.HAL_TIMEx_ConfigCommutEvent_IT), (8 bytes).
    Removing stm32l5xx_hal_tim_ex.o(.text.HAL_TIMEx_ConfigCommutEvent_DMA), (162 bytes).
    Removing stm32l5xx_hal_tim_ex.o(.ARM.exidx.text.HAL_TIMEx_ConfigCommutEvent_DMA), (8 bytes).
    Removing stm32l5xx_hal_tim_ex.o(.text.TIMEx_DMACommutationCplt), (12 bytes).
    Removing stm32l5xx_hal_tim_ex.o(.ARM.exidx.text.TIMEx_DMACommutationCplt), (8 bytes).
    Removing stm32l5xx_hal_tim_ex.o(.text.TIMEx_DMACommutationHalfCplt), (12 bytes).
    Removing stm32l5xx_hal_tim_ex.o(.ARM.exidx.text.TIMEx_DMACommutationHalfCplt), (8 bytes).
    Removing stm32l5xx_hal_tim_ex.o(.text.HAL_TIMEx_MasterConfigSynchronization), (198 bytes).
    Removing stm32l5xx_hal_tim_ex.o(.ARM.exidx.text.HAL_TIMEx_MasterConfigSynchronization), (8 bytes).
    Removing stm32l5xx_hal_tim_ex.o(.text.HAL_TIMEx_ConfigBreakDeadTime), (188 bytes).
    Removing stm32l5xx_hal_tim_ex.o(.ARM.exidx.text.HAL_TIMEx_ConfigBreakDeadTime), (8 bytes).
    Removing stm32l5xx_hal_tim_ex.o(.text.HAL_TIMEx_ConfigBreakInput), (308 bytes).
    Removing stm32l5xx_hal_tim_ex.o(.ARM.exidx.text.HAL_TIMEx_ConfigBreakInput), (8 bytes).
    Removing stm32l5xx_hal_tim_ex.o(.text.HAL_TIMEx_RemapConfig), (104 bytes).
    Removing stm32l5xx_hal_tim_ex.o(.ARM.exidx.text.HAL_TIMEx_RemapConfig), (8 bytes).
    Removing stm32l5xx_hal_tim_ex.o(.text.HAL_TIMEx_GroupChannel5), (48 bytes).
    Removing stm32l5xx_hal_tim_ex.o(.ARM.exidx.text.HAL_TIMEx_GroupChannel5), (8 bytes).
    Removing stm32l5xx_hal_tim_ex.o(.text.HAL_TIMEx_DisarmBreakInput), (76 bytes).
    Removing stm32l5xx_hal_tim_ex.o(.ARM.exidx.text.HAL_TIMEx_DisarmBreakInput), (8 bytes).
    Removing stm32l5xx_hal_tim_ex.o(.text.HAL_TIMEx_ReArmBreakInput), (90 bytes).
    Removing stm32l5xx_hal_tim_ex.o(.ARM.exidx.text.HAL_TIMEx_ReArmBreakInput), (8 bytes).
    Removing stm32l5xx_hal_tim_ex.o(.text.HAL_TIMEx_CommutCallback), (2 bytes).
    Removing stm32l5xx_hal_tim_ex.o(.ARM.exidx.text.HAL_TIMEx_CommutCallback), (8 bytes).
    Removing stm32l5xx_hal_tim_ex.o(.text.HAL_TIMEx_CommutHalfCpltCallback), (2 bytes).
    Removing stm32l5xx_hal_tim_ex.o(.ARM.exidx.text.HAL_TIMEx_CommutHalfCpltCallback), (8 bytes).
    Removing stm32l5xx_hal_tim_ex.o(.text.HAL_TIMEx_BreakCallback), (2 bytes).
    Removing stm32l5xx_hal_tim_ex.o(.ARM.exidx.text.HAL_TIMEx_BreakCallback), (8 bytes).
    Removing stm32l5xx_hal_tim_ex.o(.text.HAL_TIMEx_Break2Callback), (2 bytes).
    Removing stm32l5xx_hal_tim_ex.o(.ARM.exidx.text.HAL_TIMEx_Break2Callback), (8 bytes).
    Removing stm32l5xx_hal_tim_ex.o(.text.HAL_TIMEx_HallSensor_GetState), (6 bytes).
    Removing stm32l5xx_hal_tim_ex.o(.ARM.exidx.text.HAL_TIMEx_HallSensor_GetState), (8 bytes).
    Removing stm32l5xx_hal_tim_ex.o(.text.HAL_TIMEx_GetChannelNState), (34 bytes).
    Removing stm32l5xx_hal_tim_ex.o(.ARM.exidx.text.HAL_TIMEx_GetChannelNState), (8 bytes).
    Removing system_stm32l5xx.o(.text), (0 bytes).
    Removing system_stm32l5xx.o(.ARM.exidx.text.SystemInit), (8 bytes).
    Removing system_stm32l5xx.o(.text.SystemCoreClockUpdate), (170 bytes).
    Removing system_stm32l5xx.o(.ARM.exidx.text.SystemCoreClockUpdate), (8 bytes).
    Removing system_stm32l5xx.o(.data.SystemCoreClock), (4 bytes).
    Removing system_stm32l5xx.o(.rodata.AHBPrescTable), (16 bytes).
    Removing system_stm32l5xx.o(.rodata.APBPrescTable), (8 bytes).
    Removing system_stm32l5xx.o(.rodata.MSIRangeTable), (64 bytes).

815 unused section(s) (total 46008 bytes) removed from the image.

==============================================================================

Image Symbol Table

    Local Symbols

    Symbol Name                              Value     Ov Type        Size  Object(Section)

    ../clib/angel/boardlib.s                 0x00000000   Number         0  boardinit1.o ABSOLUTE
    ../clib/angel/boardlib.s                 0x00000000   Number         0  boardinit2.o ABSOLUTE
    ../clib/angel/boardlib.s                 0x00000000   Number         0  boardinit3.o ABSOLUTE
    ../clib/angel/boardlib.s                 0x00000000   Number         0  boardshut.o ABSOLUTE
    ../clib/angel/handlers.s                 0x00000000   Number         0  __scatter_zi.o ABSOLUTE
    ../clib/angel/kernel.s                   0x00000000   Number         0  __rtentry.o ABSOLUTE
    ../clib/angel/kernel.s                   0x00000000   Number         0  __rtentry2.o ABSOLUTE
    ../clib/angel/kernel.s                   0x00000000   Number         0  __rtentry4.o ABSOLUTE
    ../clib/angel/kernel.s                   0x00000000   Number         0  rtexit.o ABSOLUTE
    ../clib/angel/kernel.s                   0x00000000   Number         0  rtexit2.o ABSOLUTE
    ../clib/angel/rt.s                       0x00000000   Number         0  rt_raise.o ABSOLUTE
    ../clib/angel/scatter.s                  0x00000000   Number         0  __scatter.o ABSOLUTE
    ../clib/angel/startup.s                  0x00000000   Number         0  __main.o ABSOLUTE
    ../clib/angel/sys.s                      0x00000000   Number         0  sys_stackheap_outer.o ABSOLUTE
    ../clib/angel/sys.s                      0x00000000   Number         0  libspace.o ABSOLUTE
    ../clib/angel/sys.s                      0x00000000   Number         0  use_no_semi.o ABSOLUTE
    ../clib/angel/sys.s                      0x00000000   Number         0  indicate_semi.o ABSOLUTE
    ../clib/angel/sysapp.c                   0x00000000   Number         0  sys_exit.o ABSOLUTE
    ../clib/angel/sysapp.c                   0x00000000   Number         0  sys_exit_hlt.o ABSOLUTE
    ../clib/angel/sysapp.c                   0x00000000   Number         0  sys_command.o ABSOLUTE
    ../clib/angel/sysapp.c                   0x00000000   Number         0  sys_command_hlt.o ABSOLUTE
    ../clib/angel/sysapp.c                   0x00000000   Number         0  sys_wrch.o ABSOLUTE
    ../clib/angel/sysapp.c                   0x00000000   Number         0  sys_wrch_hlt.o ABSOLUTE
    ../clib/armsys.c                         0x00000000   Number         0  argv_veneer.o ABSOLUTE
    ../clib/armsys.c                         0x00000000   Number         0  argv_veneer.o ABSOLUTE
    ../clib/armsys.c                         0x00000000   Number         0  _get_argv_nomalloc.o ABSOLUTE
    ../clib/armsys.c                         0x00000000   Number         0  no_argv.o ABSOLUTE
    ../clib/heapalloc.c                      0x00000000   Number         0  hrguard.o ABSOLUTE
    ../clib/heapaux.c                        0x00000000   Number         0  heapauxi.o ABSOLUTE
    ../clib/libinit.s                        0x00000000   Number         0  libinit.o ABSOLUTE
    ../clib/libinit.s                        0x00000000   Number         0  libinit2.o ABSOLUTE
    ../clib/libinit.s                        0x00000000   Number         0  libshutdown.o ABSOLUTE
    ../clib/libinit.s                        0x00000000   Number         0  libshutdown2.o ABSOLUTE
    ../clib/signal.c                         0x00000000   Number         0  defsig_rtmem_outer.o ABSOLUTE
    ../clib/signal.c                         0x00000000   Number         0  defsig_rtmem_formal.o ABSOLUTE
    ../clib/signal.c                         0x00000000   Number         0  defsig_exit.o ABSOLUTE
    ../clib/signal.c                         0x00000000   Number         0  defsig_rtmem_inner.o ABSOLUTE
    ../clib/signal.c                         0x00000000   Number         0  __raise.o ABSOLUTE
    ../clib/signal.c                         0x00000000   Number         0  defsig_general.o ABSOLUTE
    ../clib/signal.c                         0x00000000   Number         0  defsig_abrt_inner.o ABSOLUTE
    ../clib/signal.c                         0x00000000   Number         0  defsig_fpe_inner.o ABSOLUTE
    ../clib/signal.c                         0x00000000   Number         0  defsig_rtred_inner.o ABSOLUTE
    ../clib/signal.c                         0x00000000   Number         0  defsig_stak_inner.o ABSOLUTE
    ../clib/signal.c                         0x00000000   Number         0  defsig_pvfn_inner.o ABSOLUTE
    ../clib/signal.c                         0x00000000   Number         0  defsig_cppl_inner.o ABSOLUTE
    ../clib/signal.c                         0x00000000   Number         0  defsig_segv_inner.o ABSOLUTE
    ../clib/signal.c                         0x00000000   Number         0  defsig_other.o ABSOLUTE
    ../clib/signal.s                         0x00000000   Number         0  defsig.o ABSOLUTE
    ../clib/stdlib.c                         0x00000000   Number         0  exit.o ABSOLUTE
    ../fplib/fpinit.s                        0x00000000   Number         0  fpinit.o ABSOLUTE
    RTE/Device/STM32L552ZETxQ/startup_stm32l552xx.s 0x00000000   Number         0  startup_stm32l552xx.o ABSOLUTE
    dc.s                                     0x00000000   Number         0  dc.o ABSOLUTE
    delay.c                                  0x00000000   Number         0  delay.o ABSOLUTE
    gpio.c                                   0x00000000   Number         0  gpio.o ABSOLUTE
    leds.c                                   0x00000000   Number         0  leds.o ABSOLUTE
    main.c                                   0x00000000   Number         0  main.o ABSOLUTE
    stm32l5xx_hal.c                          0x00000000   Number         0  stm32l5xx_hal.o ABSOLUTE
    stm32l5xx_hal_cortex.c                   0x00000000   Number         0  stm32l5xx_hal_cortex.o ABSOLUTE
    stm32l5xx_hal_dma.c                      0x00000000   Number         0  stm32l5xx_hal_dma.o ABSOLUTE
    stm32l5xx_hal_dma_ex.c                   0x00000000   Number         0  stm32l5xx_hal_dma_ex.o ABSOLUTE
    stm32l5xx_hal_flash.c                    0x00000000   Number         0  stm32l5xx_hal_flash.o ABSOLUTE
    stm32l5xx_hal_flash_ex.c                 0x00000000   Number         0  stm32l5xx_hal_flash_ex.o ABSOLUTE
    stm32l5xx_hal_flash_ramfunc.c            0x00000000   Number         0  stm32l5xx_hal_flash_ramfunc.o ABSOLUTE
    stm32l5xx_hal_gpio.c                     0x00000000   Number         0  stm32l5xx_hal_gpio.o ABSOLUTE
    stm32l5xx_hal_pwr.c                      0x00000000   Number         0  stm32l5xx_hal_pwr.o ABSOLUTE
    stm32l5xx_hal_pwr_ex.c                   0x00000000   Number         0  stm32l5xx_hal_pwr_ex.o ABSOLUTE
    stm32l5xx_hal_rcc.c                      0x00000000   Number         0  stm32l5xx_hal_rcc.o ABSOLUTE
    stm32l5xx_hal_rcc_ex.c                   0x00000000   Number         0  stm32l5xx_hal_rcc_ex.o ABSOLUTE
    stm32l5xx_hal_tim.c                      0x00000000   Number         0  stm32l5xx_hal_tim.o ABSOLUTE
    stm32l5xx_hal_tim_ex.c                   0x00000000   Number         0  stm32l5xx_hal_tim_ex.o ABSOLUTE
    system_stm32l5xx.c                       0x00000000   Number         0  system_stm32l5xx.o ABSOLUTE
    RESET                                    0x08000000   Section      500  startup_stm32l552xx.o(RESET)
    !!!main                                  0x080001f4   Section        8  __main.o(!!!main)
    !!!scatter                               0x080001fc   Section       92  __scatter.o(!!!scatter)
    !!handler_null                           0x08000258   Section        2  __scatter.o(!!handler_null)
    !!handler_zi                             0x0800025c   Section       28  __scatter_zi.o(!!handler_zi)
    .ARM.Collect$$libinit$$00000000          0x08000278   Section        2  libinit.o(.ARM.Collect$$libinit$$00000000)
    .ARM.Collect$$libinit$$00000001          0x0800027a   Section        4  libinit2.o(.ARM.Collect$$libinit$$00000001)
    .ARM.Collect$$libinit$$00000004          0x0800027e   Section        0  libinit2.o(.ARM.Collect$$libinit$$00000004)
    .ARM.Collect$$libinit$$00000006          0x0800027e   Section        0  libinit2.o(.ARM.Collect$$libinit$$00000006)
    .ARM.Collect$$libinit$$0000000C          0x0800027e   Section        0  libinit2.o(.ARM.Collect$$libinit$$0000000C)
    .ARM.Collect$$libinit$$0000000E          0x0800027e   Section        0  libinit2.o(.ARM.Collect$$libinit$$0000000E)
    .ARM.Collect$$libinit$$00000010          0x0800027e   Section        0  libinit2.o(.ARM.Collect$$libinit$$00000010)
    .ARM.Collect$$libinit$$00000013          0x0800027e   Section        0  libinit2.o(.ARM.Collect$$libinit$$00000013)
    .ARM.Collect$$libinit$$00000015          0x0800027e   Section        0  libinit2.o(.ARM.Collect$$libinit$$00000015)
    .ARM.Collect$$libinit$$00000017          0x0800027e   Section        0  libinit2.o(.ARM.Collect$$libinit$$00000017)
    .ARM.Collect$$libinit$$00000019          0x0800027e   Section        0  libinit2.o(.ARM.Collect$$libinit$$00000019)
    .ARM.Collect$$libinit$$0000001B          0x0800027e   Section        0  libinit2.o(.ARM.Collect$$libinit$$0000001B)
    .ARM.Collect$$libinit$$0000001D          0x0800027e   Section        0  libinit2.o(.ARM.Collect$$libinit$$0000001D)
    .ARM.Collect$$libinit$$0000001F          0x0800027e   Section        0  libinit2.o(.ARM.Collect$$libinit$$0000001F)
    .ARM.Collect$$libinit$$00000021          0x0800027e   Section        0  libinit2.o(.ARM.Collect$$libinit$$00000021)
    .ARM.Collect$$libinit$$00000023          0x0800027e   Section        0  libinit2.o(.ARM.Collect$$libinit$$00000023)
    .ARM.Collect$$libinit$$00000025          0x0800027e   Section        0  libinit2.o(.ARM.Collect$$libinit$$00000025)
    .ARM.Collect$$libinit$$00000027          0x0800027e   Section        0  libinit2.o(.ARM.Collect$$libinit$$00000027)
    .ARM.Collect$$libinit$$0000002E          0x0800027e   Section        0  libinit2.o(.ARM.Collect$$libinit$$0000002E)
    .ARM.Collect$$libinit$$00000030          0x0800027e   Section        0  libinit2.o(.ARM.Collect$$libinit$$00000030)
    .ARM.Collect$$libinit$$00000032          0x0800027e   Section        0  libinit2.o(.ARM.Collect$$libinit$$00000032)
    .ARM.Collect$$libinit$$00000034          0x0800027e   Section        0  libinit2.o(.ARM.Collect$$libinit$$00000034)
    .ARM.Collect$$libinit$$00000035          0x0800027e   Section        2  libinit2.o(.ARM.Collect$$libinit$$00000035)
    .ARM.Collect$$libshutdown$$00000000      0x08000280   Section        2  libshutdown.o(.ARM.Collect$$libshutdown$$00000000)
    .ARM.Collect$$libshutdown$$00000002      0x08000282   Section        0  libshutdown2.o(.ARM.Collect$$libshutdown$$00000002)
    .ARM.Collect$$libshutdown$$00000004      0x08000282   Section        0  libshutdown2.o(.ARM.Collect$$libshutdown$$00000004)
    .ARM.Collect$$libshutdown$$00000007      0x08000282   Section        0  libshutdown2.o(.ARM.Collect$$libshutdown$$00000007)
    .ARM.Collect$$libshutdown$$0000000A      0x08000282   Section        0  libshutdown2.o(.ARM.Collect$$libshutdown$$0000000A)
    .ARM.Collect$$libshutdown$$0000000C      0x08000282   Section        0  libshutdown2.o(.ARM.Collect$$libshutdown$$0000000C)
    .ARM.Collect$$libshutdown$$0000000F      0x08000282   Section        0  libshutdown2.o(.ARM.Collect$$libshutdown$$0000000F)
    .ARM.Collect$$libshutdown$$00000010      0x08000282   Section        2  libshutdown2.o(.ARM.Collect$$libshutdown$$00000010)
    .ARM.Collect$$rtentry$$00000000          0x08000284   Section        0  __rtentry.o(.ARM.Collect$$rtentry$$00000000)
    .ARM.Collect$$rtentry$$00000002          0x08000284   Section        0  __rtentry2.o(.ARM.Collect$$rtentry$$00000002)
    .ARM.Collect$$rtentry$$00000004          0x08000284   Section        6  __rtentry4.o(.ARM.Collect$$rtentry$$00000004)
    .ARM.Collect$$rtentry$$00000009          0x0800028a   Section        0  __rtentry2.o(.ARM.Collect$$rtentry$$00000009)
    .ARM.Collect$$rtentry$$0000000A          0x0800028a   Section        4  __rtentry2.o(.ARM.Collect$$rtentry$$0000000A)
    .ARM.Collect$$rtentry$$0000000C          0x0800028e   Section        0  __rtentry2.o(.ARM.Collect$$rtentry$$0000000C)
    .ARM.Collect$$rtentry$$0000000D          0x0800028e   Section        8  __rtentry2.o(.ARM.Collect$$rtentry$$0000000D)
    .ARM.Collect$$rtexit$$00000000           0x08000296   Section        2  rtexit.o(.ARM.Collect$$rtexit$$00000000)
    .ARM.Collect$$rtexit$$00000002           0x08000298   Section        0  rtexit2.o(.ARM.Collect$$rtexit$$00000002)
    .ARM.Collect$$rtexit$$00000003           0x08000298   Section        4  rtexit2.o(.ARM.Collect$$rtexit$$00000003)
    .ARM.Collect$$rtexit$$00000004           0x0800029c   Section        6  rtexit2.o(.ARM.Collect$$rtexit$$00000004)
    $v0                                      0x080002a4   Number         0  startup_stm32l552xx.o(.text)
    .text                                    0x080002a4   Section       68  startup_stm32l552xx.o(.text)
    .text                                    0x080002e8   Section        0  heapauxi.o(.text)
    .text                                    0x080002ee   Section       74  sys_stackheap_outer.o(.text)
    .text                                    0x08000338   Section        0  exit.o(.text)
    .text                                    0x0800034c   Section        8  libspace.o(.text)
    .text                                    0x08000354   Section        0  sys_exit.o(.text)
    .text                                    0x08000360   Section        2  use_no_semi.o(.text)
    .text                                    0x08000362   Section        0  indicate_semi.o(.text)
    [Anonymous Symbol]                       0x08000364   Section        0  gpio.o(.text.EXTI0_IRQHandler)
    [Anonymous Symbol]                       0x08000380   Section        0  gpio.o(.text.EXTI10_IRQHandler)
    [Anonymous Symbol]                       0x0800039c   Section        0  gpio.o(.text.EXTI11_IRQHandler)
    [Anonymous Symbol]                       0x080003b8   Section        0  gpio.o(.text.EXTI12_IRQHandler)
    [Anonymous Symbol]                       0x080003d4   Section        0  gpio.o(.text.EXTI13_IRQHandler)
    [Anonymous Symbol]                       0x080003f0   Section        0  gpio.o(.text.EXTI14_IRQHandler)
    [Anonymous Symbol]                       0x0800040c   Section        0  gpio.o(.text.EXTI15_IRQHandler)
    [Anonymous Symbol]                       0x08000428   Section        0  gpio.o(.text.EXTI1_IRQHandler)
    [Anonymous Symbol]                       0x08000444   Section        0  gpio.o(.text.EXTI2_IRQHandler)
    [Anonymous Symbol]                       0x08000460   Section        0  gpio.o(.text.EXTI3_IRQHandler)
    [Anonymous Symbol]                       0x0800047c   Section        0  gpio.o(.text.EXTI4_IRQHandler)
    [Anonymous Symbol]                       0x08000498   Section        0  gpio.o(.text.EXTI5_IRQHandler)
    [Anonymous Symbol]                       0x080004b4   Section        0  gpio.o(.text.EXTI6_IRQHandler)
    [Anonymous Symbol]                       0x080004d0   Section        0  gpio.o(.text.EXTI7_IRQHandler)
    [Anonymous Symbol]                       0x080004ec   Section        0  gpio.o(.text.EXTI8_IRQHandler)
    [Anonymous Symbol]                       0x08000508   Section        0  gpio.o(.text.EXTI9_IRQHandler)
    [Anonymous Symbol]                       0x08000524   Section        0  stm32l5xx_hal_gpio.o(.text.HAL_GPIO_EXTI_Falling_Callback)
    [Anonymous Symbol]                       0x08000528   Section        0  stm32l5xx_hal_gpio.o(.text.HAL_GPIO_EXTI_IRQHandler)
    [Anonymous Symbol]                       0x08000558   Section        0  stm32l5xx_hal_gpio.o(.text.HAL_GPIO_EXTI_Rising_Callback)
    [Anonymous Symbol]                       0x0800055c   Section        0  stm32l5xx_hal_gpio.o(.text.HAL_GPIO_Init)
    [Anonymous Symbol]                       0x08000714   Section        0  stm32l5xx_hal_gpio.o(.text.HAL_GPIO_ReadPin)
    [Anonymous Symbol]                       0x08000720   Section        0  stm32l5xx_hal_gpio.o(.text.HAL_GPIO_TogglePin)
    [Anonymous Symbol]                       0x08000730   Section        0  stm32l5xx_hal_gpio.o(.text.HAL_GPIO_WritePin)
    [Anonymous Symbol]                       0x0800073c   Section        0  stm32l5xx_hal_cortex.o(.text.HAL_NVIC_EnableIRQ)
    [Anonymous Symbol]                       0x08000760   Section        0  stm32l5xx_hal_cortex.o(.text.HAL_NVIC_SetPriority)
    [Anonymous Symbol]                       0x080007b8   Section        0  system_stm32l5xx.o(.text.SystemInit)
    [Anonymous Symbol]                       0x080007cc   Section        0  main.o(.text.button_press_isr)
    [Anonymous Symbol]                       0x0800080c   Section        0  gpio.o(.text.gpio_set)
    [Anonymous Symbol]                       0x0800081c   Section        0  gpio.o(.text.gpio_set_callback)
    [Anonymous Symbol]                       0x08000938   Section        0  gpio.o(.text.gpio_set_mode)
    [Anonymous Symbol]                       0x080009c0   Section        0  gpio.o(.text.gpio_set_trigger)
    [Anonymous Symbol]                       0x08000a60   Section        0  gpio.o(.text.gpio_toggle)
    [Anonymous Symbol]                       0x08000a78   Section        0  leds.o(.text.leds_init)
    [Anonymous Symbol]                       0x08000acc   Section        0  leds.o(.text.leds_set)
    [Anonymous Symbol]                       0x08000b14   Section        0  main.o(.text.main)
    $v0                                      0x08000ba4   Number         0  fpinit.o(x$fpl$fpinit)
    x$fpl$fpinit                             0x08000ba4   Section       26  fpinit.o(x$fpl$fpinit)
    .Lswitch.table.gpio_set_trigger          0x08000bc0   Data          20  gpio.o(.rodata..Lswitch.table.gpio_set_trigger)
    .Lswitch.table.gpio_set_trigger.2        0x08000bd4   Data          20  gpio.o(.rodata..Lswitch.table.gpio_set_trigger.2)
    .bss                                     0x20000000   Section       96  libspace.o(.bss)
    .L_MergedGlobals                         0x20000060   Data          20  gpio.o(.bss..L_MergedGlobals)
    [Anonymous Symbol]                       0x20000060   Section        0  gpio.o(.bss..L_MergedGlobals)
    GPIO_callback                            0x20000070   Data           4  gpio.o(.bss..L_MergedGlobals)
    count                                    0x20000074   Data           4  main.o(.bss.count)
    [Anonymous Symbol]                       0x20000074   Section        0  main.o(.bss.count)
    Heap_Mem                                 0x20000078   Data         512  startup_stm32l552xx.o(HEAP)
    HEAP                                     0x20000078   Section      512  startup_stm32l552xx.o(HEAP)
    Stack_Mem                                0x20000278   Data        1024  startup_stm32l552xx.o(STACK)
    STACK                                    0x20000278   Section     1024  startup_stm32l552xx.o(STACK)
    __initial_sp                             0x20000678   Data           0  startup_stm32l552xx.o(STACK)

    Global Symbols

    Symbol Name                              Value     Ov Type        Size  Object(Section)

    BuildAttributes$$THM_ISAv4$E$P$D$K$B$S$7EM$8M$VFPi5$EXTD16$VFPS$VFMA$PE$A:L22UL41UL21$X:L11$S22US41US21$IEEE1$IW$~IW$USESV6$~STKCKD$USESV7$~SHL$OTIME$ROPI$EBA8$UX$STANDARDLIB$REQ8$PRES8$EABIv2 0x00000000   Number         0  anon$$obj.o ABSOLUTE
    __ARM_exceptions_init                     - Undefined Weak Reference
    __alloca_initialize                       - Undefined Weak Reference
    __arm_preinit_                            - Undefined Weak Reference
    __arm_relocate_pie_                       - Undefined Weak Reference
    __cpp_initialize__aeabi_                  - Undefined Weak Reference
    __cxa_finalize                            - Undefined Weak Reference
    __rt_locale                               - Undefined Weak Reference
    __sigvec_lookup                           - Undefined Weak Reference
    _atexit_init                              - Undefined Weak Reference
    _call_atexit_fns                          - Undefined Weak Reference
    _clock_init                               - Undefined Weak Reference
    _fp_trap_init                             - Undefined Weak Reference
    _fp_trap_shutdown                         - Undefined Weak Reference
    _get_lc_collate                           - Undefined Weak Reference
    _get_lc_ctype                             - Undefined Weak Reference
    _get_lc_monetary                          - Undefined Weak Reference
    _get_lc_numeric                           - Undefined Weak Reference
    _get_lc_time                              - Undefined Weak Reference
    _getenv_init                              - Undefined Weak Reference
    _handle_redirection                       - Undefined Weak Reference
    _init_alloc                               - Undefined Weak Reference
    _init_user_alloc                          - Undefined Weak Reference
    _initio                                   - Undefined Weak Reference
    _rand_init                                - Undefined Weak Reference
    _signal_finish                            - Undefined Weak Reference
    _signal_init                              - Undefined Weak Reference
    _terminate_alloc                          - Undefined Weak Reference
    _terminate_user_alloc                     - Undefined Weak Reference
    _terminateio                              - Undefined Weak Reference
    __Vectors_Size                           0x000001f4   Number         0  startup_stm32l552xx.o ABSOLUTE
    __Vectors                                0x08000000   Data           4  startup_stm32l552xx.o(RESET)
    __Vectors_End                            0x080001f4   Data           0  startup_stm32l552xx.o(RESET)
    __main                                   0x080001f5   Thumb Code     8  __main.o(!!!main)
    __scatterload                            0x080001fd   Thumb Code     0  __scatter.o(!!!scatter)
    __scatterload_rt2                        0x080001fd   Thumb Code    84  __scatter.o(!!!scatter)
    __scatterload_rt2_thumb_only             0x080001fd   Thumb Code     0  __scatter.o(!!!scatter)
    __scatterload_loop                       0x08000207   Thumb Code     0  __scatter.o(!!!scatter)
    __scatterload_null                       0x08000259   Thumb Code     2  __scatter.o(!!handler_null)
    __scatterload_zeroinit                   0x0800025d   Thumb Code    28  __scatter_zi.o(!!handler_zi)
    __rt_lib_init                            0x08000279   Thumb Code     0  libinit.o(.ARM.Collect$$libinit$$00000000)
    __rt_lib_init_fp_1                       0x0800027b   Thumb Code     0  libinit2.o(.ARM.Collect$$libinit$$00000001)
    __rt_lib_init_alloca_1                   0x0800027f   Thumb Code     0  libinit2.o(.ARM.Collect$$libinit$$00000030)
    __rt_lib_init_argv_1                     0x0800027f   Thumb Code     0  libinit2.o(.ARM.Collect$$libinit$$0000002E)
    __rt_lib_init_atexit_1                   0x0800027f   Thumb Code     0  libinit2.o(.ARM.Collect$$libinit$$0000001D)
    __rt_lib_init_clock_1                    0x0800027f   Thumb Code     0  libinit2.o(.ARM.Collect$$libinit$$00000023)
    __rt_lib_init_cpp_1                      0x0800027f   Thumb Code     0  libinit2.o(.ARM.Collect$$libinit$$00000034)
    __rt_lib_init_exceptions_1               0x0800027f   Thumb Code     0  libinit2.o(.ARM.Collect$$libinit$$00000032)
    __rt_lib_init_fp_trap_1                  0x0800027f   Thumb Code     0  libinit2.o(.ARM.Collect$$libinit$$00000021)
    __rt_lib_init_getenv_1                   0x0800027f   Thumb Code     0  libinit2.o(.ARM.Collect$$libinit$$00000025)
    __rt_lib_init_heap_1                     0x0800027f   Thumb Code     0  libinit2.o(.ARM.Collect$$libinit$$0000000C)
    __rt_lib_init_lc_collate_1               0x0800027f   Thumb Code     0  libinit2.o(.ARM.Collect$$libinit$$00000013)
    __rt_lib_init_lc_ctype_1                 0x0800027f   Thumb Code     0  libinit2.o(.ARM.Collect$$libinit$$00000015)
    __rt_lib_init_lc_monetary_1              0x0800027f   Thumb Code     0  libinit2.o(.ARM.Collect$$libinit$$00000017)
    __rt_lib_init_lc_numeric_1               0x0800027f   Thumb Code     0  libinit2.o(.ARM.Collect$$libinit$$00000019)
    __rt_lib_init_lc_time_1                  0x0800027f   Thumb Code     0  libinit2.o(.ARM.Collect$$libinit$$0000001B)
    __rt_lib_init_preinit_1                  0x0800027f   Thumb Code     0  libinit2.o(.ARM.Collect$$libinit$$00000006)
    __rt_lib_init_rand_1                     0x0800027f   Thumb Code     0  libinit2.o(.ARM.Collect$$libinit$$00000010)
    __rt_lib_init_relocate_pie_1             0x0800027f   Thumb Code     0  libinit2.o(.ARM.Collect$$libinit$$00000004)
    __rt_lib_init_return                     0x0800027f   Thumb Code     0  libinit2.o(.ARM.Collect$$libinit$$00000035)
    __rt_lib_init_signal_1                   0x0800027f   Thumb Code     0  libinit2.o(.ARM.Collect$$libinit$$0000001F)
    __rt_lib_init_stdio_1                    0x0800027f   Thumb Code     0  libinit2.o(.ARM.Collect$$libinit$$00000027)
    __rt_lib_init_user_alloc_1               0x0800027f   Thumb Code     0  libinit2.o(.ARM.Collect$$libinit$$0000000E)
    __rt_lib_shutdown                        0x08000281   Thumb Code     0  libshutdown.o(.ARM.Collect$$libshutdown$$00000000)
    __rt_lib_shutdown_cpp_1                  0x08000283   Thumb Code     0  libshutdown2.o(.ARM.Collect$$libshutdown$$00000002)
    __rt_lib_shutdown_fp_trap_1              0x08000283   Thumb Code     0  libshutdown2.o(.ARM.Collect$$libshutdown$$00000007)
    __rt_lib_shutdown_heap_1                 0x08000283   Thumb Code     0  libshutdown2.o(.ARM.Collect$$libshutdown$$0000000F)
    __rt_lib_shutdown_return                 0x08000283   Thumb Code     0  libshutdown2.o(.ARM.Collect$$libshutdown$$00000010)
    __rt_lib_shutdown_signal_1               0x08000283   Thumb Code     0  libshutdown2.o(.ARM.Collect$$libshutdown$$0000000A)
    __rt_lib_shutdown_stdio_1                0x08000283   Thumb Code     0  libshutdown2.o(.ARM.Collect$$libshutdown$$00000004)
    __rt_lib_shutdown_user_alloc_1           0x08000283   Thumb Code     0  libshutdown2.o(.ARM.Collect$$libshutdown$$0000000C)
    __rt_entry                               0x08000285   Thumb Code     0  __rtentry.o(.ARM.Collect$$rtentry$$00000000)
    __rt_entry_presh_1                       0x08000285   Thumb Code     0  __rtentry2.o(.ARM.Collect$$rtentry$$00000002)
    __rt_entry_sh                            0x08000285   Thumb Code     0  __rtentry4.o(.ARM.Collect$$rtentry$$00000004)
    __rt_entry_li                            0x0800028b   Thumb Code     0  __rtentry2.o(.ARM.Collect$$rtentry$$0000000A)
    __rt_entry_postsh_1                      0x0800028b   Thumb Code     0  __rtentry2.o(.ARM.Collect$$rtentry$$00000009)
    __rt_entry_main                          0x0800028f   Thumb Code     0  __rtentry2.o(.ARM.Collect$$rtentry$$0000000D)
    __rt_entry_postli_1                      0x0800028f   Thumb Code     0  __rtentry2.o(.ARM.Collect$$rtentry$$0000000C)
    __rt_exit                                0x08000297   Thumb Code     0  rtexit.o(.ARM.Collect$$rtexit$$00000000)
    __rt_exit_ls                             0x08000299   Thumb Code     0  rtexit2.o(.ARM.Collect$$rtexit$$00000003)
    __rt_exit_prels_1                        0x08000299   Thumb Code     0  rtexit2.o(.ARM.Collect$$rtexit$$00000002)
    __rt_exit_exit                           0x0800029d   Thumb Code     0  rtexit2.o(.ARM.Collect$$rtexit$$00000004)
    Reset_Handler                            0x080002a5   Thumb Code     8  startup_stm32l552xx.o(.text)
    NMI_Handler                              0x080002ad   Thumb Code     2  startup_stm32l552xx.o(.text)
    HardFault_Handler                        0x080002af   Thumb Code     2  startup_stm32l552xx.o(.text)
    MemManage_Handler                        0x080002b1   Thumb Code     2  startup_stm32l552xx.o(.text)
    BusFault_Handler                         0x080002b3   Thumb Code     2  startup_stm32l552xx.o(.text)
    UsageFault_Handler                       0x080002b5   Thumb Code     2  startup_stm32l552xx.o(.text)
    SecureFault_Handler                      0x080002b7   Thumb Code     2  startup_stm32l552xx.o(.text)
    SVC_Handler                              0x080002b9   Thumb Code     2  startup_stm32l552xx.o(.text)
    DebugMon_Handler                         0x080002bb   Thumb Code     2  startup_stm32l552xx.o(.text)
    PendSV_Handler                           0x080002bd   Thumb Code     2  startup_stm32l552xx.o(.text)
    SysTick_Handler                          0x080002bf   Thumb Code     2  startup_stm32l552xx.o(.text)
    ADC1_2_IRQHandler                        0x080002c1   Thumb Code     0  startup_stm32l552xx.o(.text)
    COMP_IRQHandler                          0x080002c1   Thumb Code     0  startup_stm32l552xx.o(.text)
    CRS_IRQHandler                           0x080002c1   Thumb Code     0  startup_stm32l552xx.o(.text)
    DAC_IRQHandler                           0x080002c1   Thumb Code     0  startup_stm32l552xx.o(.text)
    DFSDM1_FLT0_IRQHandler                   0x080002c1   Thumb Code     0  startup_stm32l552xx.o(.text)
    DFSDM1_FLT1_IRQHandler                   0x080002c1   Thumb Code     0  startup_stm32l552xx.o(.text)
    DFSDM1_FLT2_IRQHandler                   0x080002c1   Thumb Code     0  startup_stm32l552xx.o(.text)
    DFSDM1_FLT3_IRQHandler                   0x080002c1   Thumb Code     0  startup_stm32l552xx.o(.text)
    DMA1_Channel1_IRQHandler                 0x080002c1   Thumb Code     0  startup_stm32l552xx.o(.text)
    DMA1_Channel2_IRQHandler                 0x080002c1   Thumb Code     0  startup_stm32l552xx.o(.text)
    DMA1_Channel3_IRQHandler                 0x080002c1   Thumb Code     0  startup_stm32l552xx.o(.text)
    DMA1_Channel4_IRQHandler                 0x080002c1   Thumb Code     0  startup_stm32l552xx.o(.text)
    DMA1_Channel5_IRQHandler                 0x080002c1   Thumb Code     0  startup_stm32l552xx.o(.text)
    DMA1_Channel6_IRQHandler                 0x080002c1   Thumb Code     0  startup_stm32l552xx.o(.text)
    DMA1_Channel7_IRQHandler                 0x080002c1   Thumb Code     0  startup_stm32l552xx.o(.text)
    DMA1_Channel8_IRQHandler                 0x080002c1   Thumb Code     0  startup_stm32l552xx.o(.text)
    DMA2_Channel1_IRQHandler                 0x080002c1   Thumb Code     0  startup_stm32l552xx.o(.text)
    DMA2_Channel2_IRQHandler                 0x080002c1   Thumb Code     0  startup_stm32l552xx.o(.text)
    DMA2_Channel3_IRQHandler                 0x080002c1   Thumb Code     0  startup_stm32l552xx.o(.text)
    DMA2_Channel4_IRQHandler                 0x080002c1   Thumb Code     0  startup_stm32l552xx.o(.text)
    DMA2_Channel5_IRQHandler                 0x080002c1   Thumb Code     0  startup_stm32l552xx.o(.text)
    DMA2_Channel6_IRQHandler                 0x080002c1   Thumb Code     0  startup_stm32l552xx.o(.text)
    DMA2_Channel7_IRQHandler                 0x080002c1   Thumb Code     0  startup_stm32l552xx.o(.text)
    DMA2_Channel8_IRQHandler                 0x080002c1   Thumb Code     0  startup_stm32l552xx.o(.text)
    DMAMUX1_IRQHandler                       0x080002c1   Thumb Code     0  startup_stm32l552xx.o(.text)
    DMAMUX1_S_IRQHandler                     0x080002c1   Thumb Code     0  startup_stm32l552xx.o(.text)
    FDCAN1_IT0_IRQHandler                    0x080002c1   Thumb Code     0  startup_stm32l552xx.o(.text)
    FDCAN1_IT1_IRQHandler                    0x080002c1   Thumb Code     0  startup_stm32l552xx.o(.text)
    FLASH_IRQHandler                         0x080002c1   Thumb Code     0  startup_stm32l552xx.o(.text)
    FLASH_S_IRQHandler                       0x080002c1   Thumb Code     0  startup_stm32l552xx.o(.text)
    FMC_IRQHandler                           0x080002c1   Thumb Code     0  startup_stm32l552xx.o(.text)
    FPU_IRQHandler                           0x080002c1   Thumb Code     0  startup_stm32l552xx.o(.text)
    GTZC_IRQHandler                          0x080002c1   Thumb Code     0  startup_stm32l552xx.o(.text)
    HASH_IRQHandler                          0x080002c1   Thumb Code     0  startup_stm32l552xx.o(.text)
    I2C1_ER_IRQHandler                       0x080002c1   Thumb Code     0  startup_stm32l552xx.o(.text)
    I2C1_EV_IRQHandler                       0x080002c1   Thumb Code     0  startup_stm32l552xx.o(.text)
    I2C2_ER_IRQHandler                       0x080002c1   Thumb Code     0  startup_stm32l552xx.o(.text)
    I2C2_EV_IRQHandler                       0x080002c1   Thumb Code     0  startup_stm32l552xx.o(.text)
    I2C3_ER_IRQHandler                       0x080002c1   Thumb Code     0  startup_stm32l552xx.o(.text)
    I2C3_EV_IRQHandler                       0x080002c1   Thumb Code     0  startup_stm32l552xx.o(.text)
    I2C4_ER_IRQHandler                       0x080002c1   Thumb Code     0  startup_stm32l552xx.o(.text)
    I2C4_EV_IRQHandler                       0x080002c1   Thumb Code     0  startup_stm32l552xx.o(.text)
    ICACHE_IRQHandler                        0x080002c1   Thumb Code     0  startup_stm32l552xx.o(.text)
    LPTIM1_IRQHandler                        0x080002c1   Thumb Code     0  startup_stm32l552xx.o(.text)
    LPTIM2_IRQHandler                        0x080002c1   Thumb Code     0  startup_stm32l552xx.o(.text)
    LPTIM3_IRQHandler                        0x080002c1   Thumb Code     0  startup_stm32l552xx.o(.text)
    LPUART1_IRQHandler                       0x080002c1   Thumb Code     0  startup_stm32l552xx.o(.text)
    OCTOSPI1_IRQHandler                      0x080002c1   Thumb Code     0  startup_stm32l552xx.o(.text)
    PVD_PVM_IRQHandler                       0x080002c1   Thumb Code     0  startup_stm32l552xx.o(.text)
    RCC_IRQHandler                           0x080002c1   Thumb Code     0  startup_stm32l552xx.o(.text)
    RCC_S_IRQHandler                         0x080002c1   Thumb Code     0  startup_stm32l552xx.o(.text)
    RNG_IRQHandler                           0x080002c1   Thumb Code     0  startup_stm32l552xx.o(.text)
    RTC_IRQHandler                           0x080002c1   Thumb Code     0  startup_stm32l552xx.o(.text)
    RTC_S_IRQHandler                         0x080002c1   Thumb Code     0  startup_stm32l552xx.o(.text)
    SAI1_IRQHandler                          0x080002c1   Thumb Code     0  startup_stm32l552xx.o(.text)
    SAI2_IRQHandler                          0x080002c1   Thumb Code     0  startup_stm32l552xx.o(.text)
    SDMMC1_IRQHandler                        0x080002c1   Thumb Code     0  startup_stm32l552xx.o(.text)
    SPI1_IRQHandler                          0x080002c1   Thumb Code     0  startup_stm32l552xx.o(.text)
    SPI2_IRQHandler                          0x080002c1   Thumb Code     0  startup_stm32l552xx.o(.text)
    SPI3_IRQHandler                          0x080002c1   Thumb Code     0  startup_stm32l552xx.o(.text)
    TAMP_IRQHandler                          0x080002c1   Thumb Code     0  startup_stm32l552xx.o(.text)
    TAMP_S_IRQHandler                        0x080002c1   Thumb Code     0  startup_stm32l552xx.o(.text)
    TIM15_IRQHandler                         0x080002c1   Thumb Code     0  startup_stm32l552xx.o(.text)
    TIM16_IRQHandler                         0x080002c1   Thumb Code     0  startup_stm32l552xx.o(.text)
    TIM17_IRQHandler                         0x080002c1   Thumb Code     0  startup_stm32l552xx.o(.text)
    TIM1_BRK_IRQHandler                      0x080002c1   Thumb Code     0  startup_stm32l552xx.o(.text)
    TIM1_CC_IRQHandler                       0x080002c1   Thumb Code     0  startup_stm32l552xx.o(.text)
    TIM1_TRG_COM_IRQHandler                  0x080002c1   Thumb Code     0  startup_stm32l552xx.o(.text)
    TIM1_UP_IRQHandler                       0x080002c1   Thumb Code     0  startup_stm32l552xx.o(.text)
    TIM2_IRQHandler                          0x080002c1   Thumb Code     0  startup_stm32l552xx.o(.text)
    TIM3_IRQHandler                          0x080002c1   Thumb Code     0  startup_stm32l552xx.o(.text)
    TIM4_IRQHandler                          0x080002c1   Thumb Code     0  startup_stm32l552xx.o(.text)
    TIM5_IRQHandler                          0x080002c1   Thumb Code     0  startup_stm32l552xx.o(.text)
    TIM6_IRQHandler                          0x080002c1   Thumb Code     0  startup_stm32l552xx.o(.text)
    TIM7_IRQHandler                          0x080002c1   Thumb Code     0  startup_stm32l552xx.o(.text)
    TIM8_BRK_IRQHandler                      0x080002c1   Thumb Code     0  startup_stm32l552xx.o(.text)
    TIM8_CC_IRQHandler                       0x080002c1   Thumb Code     0  startup_stm32l552xx.o(.text)
    TIM8_TRG_COM_IRQHandler                  0x080002c1   Thumb Code     0  startup_stm32l552xx.o(.text)
    TIM8_UP_IRQHandler                       0x080002c1   Thumb Code     0  startup_stm32l552xx.o(.text)
    TSC_IRQHandler                           0x080002c1   Thumb Code     0  startup_stm32l552xx.o(.text)
    UART4_IRQHandler                         0x080002c1   Thumb Code     0  startup_stm32l552xx.o(.text)
    UART5_IRQHandler                         0x080002c1   Thumb Code     0  startup_stm32l552xx.o(.text)
    UCPD1_IRQHandler                         0x080002c1   Thumb Code     0  startup_stm32l552xx.o(.text)
    USART1_IRQHandler                        0x080002c1   Thumb Code     0  startup_stm32l552xx.o(.text)
    USART2_IRQHandler                        0x080002c1   Thumb Code     0  startup_stm32l552xx.o(.text)
    USART3_IRQHandler                        0x080002c1   Thumb Code     0  startup_stm32l552xx.o(.text)
    USB_FS_IRQHandler                        0x080002c1   Thumb Code     0  startup_stm32l552xx.o(.text)
    WWDG_IRQHandler                          0x080002c1   Thumb Code     0  startup_stm32l552xx.o(.text)
    __user_initial_stackheap                 0x080002c5   Thumb Code    10  startup_stm32l552xx.o(.text)
    __use_two_region_memory                  0x080002e9   Thumb Code     2  heapauxi.o(.text)
    __rt_heap_escrow$2region                 0x080002eb   Thumb Code     2  heapauxi.o(.text)
    __rt_heap_expand$2region                 0x080002ed   Thumb Code     2  heapauxi.o(.text)
    __user_setup_stackheap                   0x080002ef   Thumb Code    74  sys_stackheap_outer.o(.text)
    exit                                     0x08000339   Thumb Code    18  exit.o(.text)
    __user_libspace                          0x0800034d   Thumb Code     8  libspace.o(.text)
    __user_perproc_libspace                  0x0800034d   Thumb Code     0  libspace.o(.text)
    __user_perthread_libspace                0x0800034d   Thumb Code     0  libspace.o(.text)
    _sys_exit                                0x08000355   Thumb Code     8  sys_exit.o(.text)
    __I$use$semihosting                      0x08000361   Thumb Code     0  use_no_semi.o(.text)
    __use_no_semihosting_swi                 0x08000361   Thumb Code     2  use_no_semi.o(.text)
    __semihosting_library_function           0x08000363   Thumb Code     0  indicate_semi.o(.text)
    EXTI0_IRQHandler                         0x08000365   Thumb Code    26  gpio.o(.text.EXTI0_IRQHandler)
    EXTI10_IRQHandler                        0x08000381   Thumb Code    28  gpio.o(.text.EXTI10_IRQHandler)
    EXTI11_IRQHandler                        0x0800039d   Thumb Code    28  gpio.o(.text.EXTI11_IRQHandler)
    EXTI12_IRQHandler                        0x080003b9   Thumb Code    28  gpio.o(.text.EXTI12_IRQHandler)
    EXTI13_IRQHandler                        0x080003d5   Thumb Code    28  gpio.o(.text.EXTI13_IRQHandler)
    EXTI14_IRQHandler                        0x080003f1   Thumb Code    28  gpio.o(.text.EXTI14_IRQHandler)
    EXTI15_IRQHandler                        0x0800040d   Thumb Code    28  gpio.o(.text.EXTI15_IRQHandler)
    EXTI1_IRQHandler                         0x08000429   Thumb Code    26  gpio.o(.text.EXTI1_IRQHandler)
    EXTI2_IRQHandler                         0x08000445   Thumb Code    26  gpio.o(.text.EXTI2_IRQHandler)
    EXTI3_IRQHandler                         0x08000461   Thumb Code    26  gpio.o(.text.EXTI3_IRQHandler)
    EXTI4_IRQHandler                         0x0800047d   Thumb Code    26  gpio.o(.text.EXTI4_IRQHandler)
    EXTI5_IRQHandler                         0x08000499   Thumb Code    26  gpio.o(.text.EXTI5_IRQHandler)
    EXTI6_IRQHandler                         0x080004b5   Thumb Code    26  gpio.o(.text.EXTI6_IRQHandler)
    EXTI7_IRQHandler                         0x080004d1   Thumb Code    26  gpio.o(.text.EXTI7_IRQHandler)
    EXTI8_IRQHandler                         0x080004ed   Thumb Code    28  gpio.o(.text.EXTI8_IRQHandler)
    EXTI9_IRQHandler                         0x08000509   Thumb Code    28  gpio.o(.text.EXTI9_IRQHandler)
    HAL_GPIO_EXTI_Falling_Callback           0x08000525   Thumb Code     2  stm32l5xx_hal_gpio.o(.text.HAL_GPIO_EXTI_Falling_Callback)
    HAL_GPIO_EXTI_IRQHandler                 0x08000529   Thumb Code    46  stm32l5xx_hal_gpio.o(.text.HAL_GPIO_EXTI_IRQHandler)
    HAL_GPIO_EXTI_Rising_Callback            0x08000559   Thumb Code     2  stm32l5xx_hal_gpio.o(.text.HAL_GPIO_EXTI_Rising_Callback)
    HAL_GPIO_Init                            0x0800055d   Thumb Code   438  stm32l5xx_hal_gpio.o(.text.HAL_GPIO_Init)
    HAL_GPIO_ReadPin                         0x08000715   Thumb Code    10  stm32l5xx_hal_gpio.o(.text.HAL_GPIO_ReadPin)
    HAL_GPIO_TogglePin                       0x08000721   Thumb Code    14  stm32l5xx_hal_gpio.o(.text.HAL_GPIO_TogglePin)
    HAL_GPIO_WritePin                        0x08000731   Thumb Code    12  stm32l5xx_hal_gpio.o(.text.HAL_GPIO_WritePin)
    HAL_NVIC_EnableIRQ                       0x0800073d   Thumb Code    34  stm32l5xx_hal_cortex.o(.text.HAL_NVIC_EnableIRQ)
    HAL_NVIC_SetPriority                     0x08000761   Thumb Code    86  stm32l5xx_hal_cortex.o(.text.HAL_NVIC_SetPriority)
    SystemInit                               0x080007b9   Thumb Code    18  system_stm32l5xx.o(.text.SystemInit)
    button_press_isr                         0x080007cd   Thumb Code    62  main.o(.text.button_press_isr)
    gpio_set                                 0x0800080d   Thumb Code    14  gpio.o(.text.gpio_set)
    gpio_set_callback                        0x0800081d   Thumb Code   282  gpio.o(.text.gpio_set_callback)
    gpio_set_mode                            0x08000939   Thumb Code   134  gpio.o(.text.gpio_set_mode)
    gpio_set_trigger                         0x080009c1   Thumb Code   160  gpio.o(.text.gpio_set_trigger)
    gpio_toggle                              0x08000a61   Thumb Code    24  gpio.o(.text.gpio_toggle)
    leds_init                                0x08000a79   Thumb Code    84  leds.o(.text.leds_init)
    leds_set                                 0x08000acd   Thumb Code    70  leds.o(.text.leds_set)
    main                                     0x08000b15   Thumb Code   144  main.o(.text.main)
    _fp_init                                 0x08000ba5   Thumb Code    26  fpinit.o(x$fpl$fpinit)
    __fplib_config_fpu_vfp                   0x08000bbd   Thumb Code     0  fpinit.o(x$fpl$fpinit)
    __fplib_config_pureend_doubles           0x08000bbd   Thumb Code     0  fpinit.o(x$fpl$fpinit)
    Region$$Table$$Base                      0x08000be8   Number         0  anon$$obj.o(Region$$Table)
    Region$$Table$$Limit                     0x08000bf8   Number         0  anon$$obj.o(Region$$Table)
    __libspace_start                         0x20000000   Data          96  libspace.o(.bss)
    IRQ_status                               0x20000060   Data           4  gpio.o(.bss..L_MergedGlobals)
    __temporary_stack_top$libspace           0x20000060   Data           0  libspace.o(.bss)
    IRQ_port_num                             0x20000064   Data           4  gpio.o(.bss..L_MergedGlobals)
    IRQ_pin_index                            0x20000068   Data           4  gpio.o(.bss..L_MergedGlobals)
    EXTI_port_set                            0x2000006c   Data           4  gpio.o(.bss..L_MergedGlobals)



==============================================================================

Memory Map of the image

  Image Entry point : 0x080001f5

  Load Region LR_IROM1 (Base: 0x08000000, Size: 0x00000bf8, Max: 0x00080000, ABSOLUTE)

    Execution Region ER_IROM1 (Exec base: 0x08000000, Load base: 0x08000000, Size: 0x00000bf8, Max: 0x00080000, ABSOLUTE)

    Exec Addr    Load Addr    Size         Type   Attr      Idx    E Section Name        Object

    0x08000000   0x08000000   0x000001f4   Data   RO          973    RESET               startup_stm32l552xx.o
    0x080001f4   0x080001f4   0x00000008   Code   RO         1000  * !!!main             c_w.l(__main.o)
    0x080001fc   0x080001fc   0x0000005c   Code   RO         1165    !!!scatter          c_w.l(__scatter.o)
    0x08000258   0x08000258   0x00000002   Code   RO         1166    !!handler_null      c_w.l(__scatter.o)
    0x0800025a   0x0800025a   0x00000002   PAD
    0x0800025c   0x0800025c   0x0000001c   Code   RO         1169    !!handler_zi        c_w.l(__scatter_zi.o)
    0x08000278   0x08000278   0x00000002   Code   RO         1027    .ARM.Collect$$libinit$$00000000  c_w.l(libinit.o)
    0x0800027a   0x0800027a   0x00000004   Code   RO         1033    .ARM.Collect$$libinit$$00000001  c_w.l(libinit2.o)
    0x0800027e   0x0800027e   0x00000000   Code   RO         1036    .ARM.Collect$$libinit$$00000004  c_w.l(libinit2.o)
    0x0800027e   0x0800027e   0x00000000   Code   RO         1038    .ARM.Collect$$libinit$$00000006  c_w.l(libinit2.o)
    0x0800027e   0x0800027e   0x00000000   Code   RO         1041    .ARM.Collect$$libinit$$0000000C  c_w.l(libinit2.o)
    0x0800027e   0x0800027e   0x00000000   Code   RO         1043    .ARM.Collect$$libinit$$0000000E  c_w.l(libinit2.o)
    0x0800027e   0x0800027e   0x00000000   Code   RO         1045    .ARM.Collect$$libinit$$00000010  c_w.l(libinit2.o)
    0x0800027e   0x0800027e   0x00000000   Code   RO         1048    .ARM.Collect$$libinit$$00000013  c_w.l(libinit2.o)
    0x0800027e   0x0800027e   0x00000000   Code   RO         1050    .ARM.Collect$$libinit$$00000015  c_w.l(libinit2.o)
    0x0800027e   0x0800027e   0x00000000   Code   RO         1052    .ARM.Collect$$libinit$$00000017  c_w.l(libinit2.o)
    0x0800027e   0x0800027e   0x00000000   Code   RO         1054    .ARM.Collect$$libinit$$00000019  c_w.l(libinit2.o)
    0x0800027e   0x0800027e   0x00000000   Code   RO         1056    .ARM.Collect$$libinit$$0000001B  c_w.l(libinit2.o)
    0x0800027e   0x0800027e   0x00000000   Code   RO         1058    .ARM.Collect$$libinit$$0000001D  c_w.l(libinit2.o)
    0x0800027e   0x0800027e   0x00000000   Code   RO         1060    .ARM.Collect$$libinit$$0000001F  c_w.l(libinit2.o)
    0x0800027e   0x0800027e   0x00000000   Code   RO         1062    .ARM.Collect$$libinit$$00000021  c_w.l(libinit2.o)
    0x0800027e   0x0800027e   0x00000000   Code   RO         1064    .ARM.Collect$$libinit$$00000023  c_w.l(libinit2.o)
    0x0800027e   0x0800027e   0x00000000   Code   RO         1066    .ARM.Collect$$libinit$$00000025  c_w.l(libinit2.o)
    0x0800027e   0x0800027e   0x00000000   Code   RO         1068    .ARM.Collect$$libinit$$00000027  c_w.l(libinit2.o)
    0x0800027e   0x0800027e   0x00000000   Code   RO         1072    .ARM.Collect$$libinit$$0000002E  c_w.l(libinit2.o)
    0x0800027e   0x0800027e   0x00000000   Code   RO         1074    .ARM.Collect$$libinit$$00000030  c_w.l(libinit2.o)
    0x0800027e   0x0800027e   0x00000000   Code   RO         1076    .ARM.Collect$$libinit$$00000032  c_w.l(libinit2.o)
    0x0800027e   0x0800027e   0x00000000   Code   RO         1078    .ARM.Collect$$libinit$$00000034  c_w.l(libinit2.o)
    0x0800027e   0x0800027e   0x00000002   Code   RO         1079    .ARM.Collect$$libinit$$00000035  c_w.l(libinit2.o)
    0x08000280   0x08000280   0x00000002   Code   RO         1101    .ARM.Collect$$libshutdown$$00000000  c_w.l(libshutdown.o)
    0x08000282   0x08000282   0x00000000   Code   RO         1116    .ARM.Collect$$libshutdown$$00000002  c_w.l(libshutdown2.o)
    0x08000282   0x08000282   0x00000000   Code   RO         1118    .ARM.Collect$$libshutdown$$00000004  c_w.l(libshutdown2.o)
    0x08000282   0x08000282   0x00000000   Code   RO         1121    .ARM.Collect$$libshutdown$$00000007  c_w.l(libshutdown2.o)
    0x08000282   0x08000282   0x00000000   Code   RO         1124    .ARM.Collect$$libshutdown$$0000000A  c_w.l(libshutdown2.o)
    0x08000282   0x08000282   0x00000000   Code   RO         1126    .ARM.Collect$$libshutdown$$0000000C  c_w.l(libshutdown2.o)
    0x08000282   0x08000282   0x00000000   Code   RO         1129    .ARM.Collect$$libshutdown$$0000000F  c_w.l(libshutdown2.o)
    0x08000282   0x08000282   0x00000002   Code   RO         1130    .ARM.Collect$$libshutdown$$00000010  c_w.l(libshutdown2.o)
    0x08000284   0x08000284   0x00000000   Code   RO         1002    .ARM.Collect$$rtentry$$00000000  c_w.l(__rtentry.o)
    0x08000284   0x08000284   0x00000000   Code   RO         1004    .ARM.Collect$$rtentry$$00000002  c_w.l(__rtentry2.o)
    0x08000284   0x08000284   0x00000006   Code   RO         1016    .ARM.Collect$$rtentry$$00000004  c_w.l(__rtentry4.o)
    0x0800028a   0x0800028a   0x00000000   Code   RO         1006    .ARM.Collect$$rtentry$$00000009  c_w.l(__rtentry2.o)
    0x0800028a   0x0800028a   0x00000004   Code   RO         1007    .ARM.Collect$$rtentry$$0000000A  c_w.l(__rtentry2.o)
    0x0800028e   0x0800028e   0x00000000   Code   RO         1009    .ARM.Collect$$rtentry$$0000000C  c_w.l(__rtentry2.o)
    0x0800028e   0x0800028e   0x00000008   Code   RO         1010    .ARM.Collect$$rtentry$$0000000D  c_w.l(__rtentry2.o)
    0x08000296   0x08000296   0x00000002   Code   RO         1031    .ARM.Collect$$rtexit$$00000000  c_w.l(rtexit.o)
    0x08000298   0x08000298   0x00000000   Code   RO         1081    .ARM.Collect$$rtexit$$00000002  c_w.l(rtexit2.o)
    0x08000298   0x08000298   0x00000004   Code   RO         1082    .ARM.Collect$$rtexit$$00000003  c_w.l(rtexit2.o)
    0x0800029c   0x0800029c   0x00000006   Code   RO         1083    .ARM.Collect$$rtexit$$00000004  c_w.l(rtexit2.o)
    0x080002a2   0x080002a2   0x00000002   PAD
    0x080002a4   0x080002a4   0x00000044   Code   RO          974    .text               startup_stm32l552xx.o
    0x080002e8   0x080002e8   0x00000006   Code   RO          998    .text               c_w.l(heapauxi.o)
    0x080002ee   0x080002ee   0x0000004a   Code   RO         1018    .text               c_w.l(sys_stackheap_outer.o)
    0x08000338   0x08000338   0x00000012   Code   RO         1020    .text               c_w.l(exit.o)
    0x0800034a   0x0800034a   0x00000002   PAD
    0x0800034c   0x0800034c   0x00000008   Code   RO         1028    .text               c_w.l(libspace.o)
    0x08000354   0x08000354   0x0000000c   Code   RO         1091    .text               c_w.l(sys_exit.o)
    0x08000360   0x08000360   0x00000002   Code   RO         1106    .text               c_w.l(use_no_semi.o)
    0x08000362   0x08000362   0x00000000   Code   RO         1108    .text               c_w.l(indicate_semi.o)
    0x08000362   0x08000362   0x00000002   PAD
    0x08000364   0x08000364   0x0000001a   Code   RO           57    .text.EXTI0_IRQHandler  gpio.o
    0x0800037e   0x0800037e   0x00000002   PAD
    0x08000380   0x08000380   0x0000001c   Code   RO           77    .text.EXTI10_IRQHandler  gpio.o
    0x0800039c   0x0800039c   0x0000001c   Code   RO           79    .text.EXTI11_IRQHandler  gpio.o
    0x080003b8   0x080003b8   0x0000001c   Code   RO           81    .text.EXTI12_IRQHandler  gpio.o
    0x080003d4   0x080003d4   0x0000001c   Code   RO           83    .text.EXTI13_IRQHandler  gpio.o
    0x080003f0   0x080003f0   0x0000001c   Code   RO           85    .text.EXTI14_IRQHandler  gpio.o
    0x0800040c   0x0800040c   0x0000001c   Code   RO           87    .text.EXTI15_IRQHandler  gpio.o
    0x08000428   0x08000428   0x0000001a   Code   RO           59    .text.EXTI1_IRQHandler  gpio.o
    0x08000442   0x08000442   0x00000002   PAD
    0x08000444   0x08000444   0x0000001a   Code   RO           61    .text.EXTI2_IRQHandler  gpio.o
    0x0800045e   0x0800045e   0x00000002   PAD
    0x08000460   0x08000460   0x0000001a   Code   RO           63    .text.EXTI3_IRQHandler  gpio.o
    0x0800047a   0x0800047a   0x00000002   PAD
    0x0800047c   0x0800047c   0x0000001a   Code   RO           65    .text.EXTI4_IRQHandler  gpio.o
    0x08000496   0x08000496   0x00000002   PAD
    0x08000498   0x08000498   0x0000001a   Code   RO           67    .text.EXTI5_IRQHandler  gpio.o
    0x080004b2   0x080004b2   0x00000002   PAD
    0x080004b4   0x080004b4   0x0000001a   Code   RO           69    .text.EXTI6_IRQHandler  gpio.o
    0x080004ce   0x080004ce   0x00000002   PAD
    0x080004d0   0x080004d0   0x0000001a   Code   RO           71    .text.EXTI7_IRQHandler  gpio.o
    0x080004ea   0x080004ea   0x00000002   PAD
    0x080004ec   0x080004ec   0x0000001c   Code   RO           73    .text.EXTI8_IRQHandler  gpio.o
    0x08000508   0x08000508   0x0000001c   Code   RO           75    .text.EXTI9_IRQHandler  gpio.o
    0x08000524   0x08000524   0x00000002   Code   RO          375    .text.HAL_GPIO_EXTI_Falling_Callback  stm32l5xx_hal_gpio.o
    0x08000526   0x08000526   0x00000002   PAD
    0x08000528   0x08000528   0x0000002e   Code   RO          371    .text.HAL_GPIO_EXTI_IRQHandler  stm32l5xx_hal_gpio.o
    0x08000556   0x08000556   0x00000002   PAD
    0x08000558   0x08000558   0x00000002   Code   RO          373    .text.HAL_GPIO_EXTI_Rising_Callback  stm32l5xx_hal_gpio.o
    0x0800055a   0x0800055a   0x00000002   PAD
    0x0800055c   0x0800055c   0x000001b6   Code   RO          359    .text.HAL_GPIO_Init  stm32l5xx_hal_gpio.o
    0x08000712   0x08000712   0x00000002   PAD
    0x08000714   0x08000714   0x0000000a   Code   RO          363    .text.HAL_GPIO_ReadPin  stm32l5xx_hal_gpio.o
    0x0800071e   0x0800071e   0x00000002   PAD
    0x08000720   0x08000720   0x0000000e   Code   RO          367    .text.HAL_GPIO_TogglePin  stm32l5xx_hal_gpio.o
    0x0800072e   0x0800072e   0x00000002   PAD
    0x08000730   0x08000730   0x0000000c   Code   RO          365    .text.HAL_GPIO_WritePin  stm32l5xx_hal_gpio.o
    0x0800073c   0x0800073c   0x00000022   Code   RO          190    .text.HAL_NVIC_EnableIRQ  stm32l5xx_hal_cortex.o
    0x0800075e   0x0800075e   0x00000002   PAD
    0x08000760   0x08000760   0x00000056   Code   RO          188    .text.HAL_NVIC_SetPriority  stm32l5xx_hal_cortex.o
    0x080007b6   0x080007b6   0x00000002   PAD
    0x080007b8   0x080007b8   0x00000012   Code   RO          981    .text.SystemInit    system_stm32l5xx.o
    0x080007ca   0x080007ca   0x00000002   PAD
    0x080007cc   0x080007cc   0x0000003e   Code   RO            2    .text.button_press_isr  main.o
    0x0800080a   0x0800080a   0x00000002   PAD
    0x0800080c   0x0800080c   0x0000000e   Code   RO           47    .text.gpio_set      gpio.o
    0x0800081a   0x0800081a   0x00000002   PAD
    0x0800081c   0x0800081c   0x0000011a   Code   RO           55    .text.gpio_set_callback  gpio.o
    0x08000936   0x08000936   0x00000002   PAD
    0x08000938   0x08000938   0x00000086   Code   RO           51    .text.gpio_set_mode  gpio.o
    0x080009be   0x080009be   0x00000002   PAD
    0x080009c0   0x080009c0   0x000000a0   Code   RO           53    .text.gpio_set_trigger  gpio.o
    0x08000a60   0x08000a60   0x00000018   Code   RO           45    .text.gpio_toggle   gpio.o
    0x08000a78   0x08000a78   0x00000054   Code   RO           15    .text.leds_init     leds.o
    0x08000acc   0x08000acc   0x00000046   Code   RO           17    .text.leds_set      leds.o
    0x08000b12   0x08000b12   0x00000002   PAD
    0x08000b14   0x08000b14   0x00000090   Code   RO            4    .text.main          main.o
    0x08000ba4   0x08000ba4   0x0000001a   Code   RO         1089    x$fpl$fpinit        fz_wm.l(fpinit.o)
    0x08000bbe   0x08000bbe   0x00000002   PAD
    0x08000bc0   0x08000bc0   0x00000014   Data   RO           91    .rodata..Lswitch.table.gpio_set_trigger  gpio.o
    0x08000bd4   0x08000bd4   0x00000014   Data   RO           92    .rodata..Lswitch.table.gpio_set_trigger.2  gpio.o
    0x08000be8   0x08000be8   0x00000010   Data   RO         1164    Region$$Table       anon$$obj.o


    Execution Region RW_IRAM1 (Exec base: 0x20000000, Load base: 0x08000bf8, Size: 0x00000678, Max: 0x00040000, ABSOLUTE)

    Exec Addr    Load Addr    Size         Type   Attr      Idx    E Section Name        Object

    0x20000000        -       0x00000060   Zero   RW         1029    .bss                c_w.l(libspace.o)
    0x20000060        -       0x00000014   Zero   RW           93    .bss..L_MergedGlobals  gpio.o
    0x20000074        -       0x00000004   Zero   RW            6    .bss.count          main.o
    0x20000078        -       0x00000200   Zero   RW          972    HEAP                startup_stm32l552xx.o
    0x20000278        -       0x00000400   Zero   RW          971    STACK               startup_stm32l552xx.o


==============================================================================

Image component sizes


      Code (inc. data)   RO Data    RW Data    ZI Data      Debug   Object Name

      1046         66         40          0         20       9618   gpio.o
       154          0          0          0          0       2852   leds.o
       206          0          0          0          4       1741   main.o
        68         28        500          0       1536       1032   startup_stm32l552xx.o
       120          0          0          0          0      10458   stm32l5xx_hal_cortex.o
       524          0          0          0          0       4872   stm32l5xx_hal_gpio.o
        18          0          0          0          0       3965   system_stm32l5xx.o

    ----------------------------------------------------------------------
      2180         94        556          0       1560      34538   Object Totals
         0          0         16          0          0          0   (incl. Generated)
        44          0          0          0          0          0   (incl. Padding)

    ----------------------------------------------------------------------

      Code (inc. data)   RO Data    RW Data    ZI Data      Debug   Library Member Name

         8          0          0          0          0         68   __main.o
         0          0          0          0          0          0   __rtentry.o
        12          0          0          0          0          0   __rtentry2.o
         6          0          0          0          0          0   __rtentry4.o
        94          8          0          0          0          0   __scatter.o
        28          0          0          0          0          0   __scatter_zi.o
        18          0          0          0          0         80   exit.o
         6          0          0          0          0        152   heapauxi.o
         0          0          0          0          0          0   indicate_semi.o
         2          0          0          0          0          0   libinit.o
         6          0          0          0          0          0   libinit2.o
         2          0          0          0          0          0   libshutdown.o
         2          0          0          0          0          0   libshutdown2.o
         8          4          0          0         96         68   libspace.o
         2          0          0          0          0          0   rtexit.o
        10          0          0          0          0          0   rtexit2.o
        12          4          0          0          0         68   sys_exit.o
        74          0          0          0          0         80   sys_stackheap_outer.o
         2          0          0          0          0         68   use_no_semi.o
        26          0          0          0          0        116   fpinit.o

    ----------------------------------------------------------------------
       328         16          0          0         96        700   Library Totals
        10          0          0          0          0          0   (incl. Padding)

    ----------------------------------------------------------------------

      Code (inc. data)   RO Data    RW Data    ZI Data      Debug   Library Name

       292         16          0          0         96        584   c_w.l
        26          0          0          0          0        116   fz_wm.l

    ----------------------------------------------------------------------
       328         16          0          0         96        700   Library Totals

    ----------------------------------------------------------------------

==============================================================================


      Code (inc. data)   RO Data    RW Data    ZI Data      Debug   

      2508        110        556          0       1656      34982   Grand Totals
      2508        110        556          0       1656      34982   ELF Image Totals
      2508        110        556          0          0          0   ROM Totals

==============================================================================

    Total RO  Size (Code + RO Data)                 3064 (   2.99kB)
    Total RW  Size (RW Data + ZI Data)              1656 (   1.62kB)
    Total ROM Size (Code + RO Data + RW Data)       3064 (   2.99kB)

==============================================================================

